Archive member included to satisfy reference by file (symbol)

c:/st/stm32cubeide_1.8.0/stm32cubeide/plugins/com.st.stm32cube.ide.mcu.externaltools.gnu-tools-for-stm32.10.3-2021.10.win32_1.0.0.202111181127/tools/bin/../lib/gcc/arm-none-eabi/10.3.1/../../../../arm-none-eabi/lib/thumb/v7-m/nofp\libc_nano.a(lib_a-errno.o)
                              ./Core/Src/syscalls.o (__errno)
c:/st/stm32cubeide_1.8.0/stm32cubeide/plugins/com.st.stm32cube.ide.mcu.externaltools.gnu-tools-for-stm32.10.3-2021.10.win32_1.0.0.202111181127/tools/bin/../lib/gcc/arm-none-eabi/10.3.1/../../../../arm-none-eabi/lib/thumb/v7-m/nofp\libc_nano.a(lib_a-exit.o)
                              c:/st/stm32cubeide_1.8.0/stm32cubeide/plugins/com.st.stm32cube.ide.mcu.externaltools.gnu-tools-for-stm32.10.3-2021.10.win32_1.0.0.202111181127/tools/bin/../lib/gcc/arm-none-eabi/10.3.1/../../../../arm-none-eabi/lib/thumb/v7-m/nofp/crt0.o (exit)
c:/st/stm32cubeide_1.8.0/stm32cubeide/plugins/com.st.stm32cube.ide.mcu.externaltools.gnu-tools-for-stm32.10.3-2021.10.win32_1.0.0.202111181127/tools/bin/../lib/gcc/arm-none-eabi/10.3.1/../../../../arm-none-eabi/lib/thumb/v7-m/nofp\libc_nano.a(lib_a-findfp.o)
                              ./Middlewares/Third_Party/FreeRTOS/Source/tasks.o (__sf_fake_stderr)
c:/st/stm32cubeide_1.8.0/stm32cubeide/plugins/com.st.stm32cube.ide.mcu.externaltools.gnu-tools-for-stm32.10.3-2021.10.win32_1.0.0.202111181127/tools/bin/../lib/gcc/arm-none-eabi/10.3.1/../../../../arm-none-eabi/lib/thumb/v7-m/nofp\libc_nano.a(lib_a-fwalk.o)
                              c:/st/stm32cubeide_1.8.0/stm32cubeide/plugins/com.st.stm32cube.ide.mcu.externaltools.gnu-tools-for-stm32.10.3-2021.10.win32_1.0.0.202111181127/tools/bin/../lib/gcc/arm-none-eabi/10.3.1/../../../../arm-none-eabi/lib/thumb/v7-m/nofp\libc_nano.a(lib_a-findfp.o) (_fwalk)
c:/st/stm32cubeide_1.8.0/stm32cubeide/plugins/com.st.stm32cube.ide.mcu.externaltools.gnu-tools-for-stm32.10.3-2021.10.win32_1.0.0.202111181127/tools/bin/../lib/gcc/arm-none-eabi/10.3.1/../../../../arm-none-eabi/lib/thumb/v7-m/nofp\libc_nano.a(lib_a-impure.o)
                              c:/st/stm32cubeide_1.8.0/stm32cubeide/plugins/com.st.stm32cube.ide.mcu.externaltools.gnu-tools-for-stm32.10.3-2021.10.win32_1.0.0.202111181127/tools/bin/../lib/gcc/arm-none-eabi/10.3.1/../../../../arm-none-eabi/lib/thumb/v7-m/nofp\libc_nano.a(lib_a-exit.o) (_global_impure_ptr)
c:/st/stm32cubeide_1.8.0/stm32cubeide/plugins/com.st.stm32cube.ide.mcu.externaltools.gnu-tools-for-stm32.10.3-2021.10.win32_1.0.0.202111181127/tools/bin/../lib/gcc/arm-none-eabi/10.3.1/../../../../arm-none-eabi/lib/thumb/v7-m/nofp\libc_nano.a(lib_a-init.o)
                              c:/st/stm32cubeide_1.8.0/stm32cubeide/plugins/com.st.stm32cube.ide.mcu.externaltools.gnu-tools-for-stm32.10.3-2021.10.win32_1.0.0.202111181127/tools/bin/../lib/gcc/arm-none-eabi/10.3.1/../../../../arm-none-eabi/lib/thumb/v7-m/nofp/crt0.o (__libc_init_array)
c:/st/stm32cubeide_1.8.0/stm32cubeide/plugins/com.st.stm32cube.ide.mcu.externaltools.gnu-tools-for-stm32.10.3-2021.10.win32_1.0.0.202111181127/tools/bin/../lib/gcc/arm-none-eabi/10.3.1/../../../../arm-none-eabi/lib/thumb/v7-m/nofp\libc_nano.a(lib_a-lock.o)
                              c:/st/stm32cubeide_1.8.0/stm32cubeide/plugins/com.st.stm32cube.ide.mcu.externaltools.gnu-tools-for-stm32.10.3-2021.10.win32_1.0.0.202111181127/tools/bin/../lib/gcc/arm-none-eabi/10.3.1/../../../../arm-none-eabi/lib/thumb/v7-m/nofp\libc_nano.a(lib_a-findfp.o) (__retarget_lock_init_recursive)
c:/st/stm32cubeide_1.8.0/stm32cubeide/plugins/com.st.stm32cube.ide.mcu.externaltools.gnu-tools-for-stm32.10.3-2021.10.win32_1.0.0.202111181127/tools/bin/../lib/gcc/arm-none-eabi/10.3.1/../../../../arm-none-eabi/lib/thumb/v7-m/nofp\libc_nano.a(lib_a-memcpy-stub.o)
                              ./Core/Src/com_can.o (memcpy)
c:/st/stm32cubeide_1.8.0/stm32cubeide/plugins/com.st.stm32cube.ide.mcu.externaltools.gnu-tools-for-stm32.10.3-2021.10.win32_1.0.0.202111181127/tools/bin/../lib/gcc/arm-none-eabi/10.3.1/../../../../arm-none-eabi/lib/thumb/v7-m/nofp\libc_nano.a(lib_a-memset.o)
                              c:/st/stm32cubeide_1.8.0/stm32cubeide/plugins/com.st.stm32cube.ide.mcu.externaltools.gnu-tools-for-stm32.10.3-2021.10.win32_1.0.0.202111181127/tools/bin/../lib/gcc/arm-none-eabi/10.3.1/../../../../arm-none-eabi/lib/thumb/v7-m/nofp/crt0.o (memset)
c:/st/stm32cubeide_1.8.0/stm32cubeide/plugins/com.st.stm32cube.ide.mcu.externaltools.gnu-tools-for-stm32.10.3-2021.10.win32_1.0.0.202111181127/tools/bin/../lib/gcc/arm-none-eabi/10.3.1/../../../../arm-none-eabi/lib/thumb/v7-m/nofp\libc_nano.a(lib_a-nano-mallocr.o)
                              c:/st/stm32cubeide_1.8.0/stm32cubeide/plugins/com.st.stm32cube.ide.mcu.externaltools.gnu-tools-for-stm32.10.3-2021.10.win32_1.0.0.202111181127/tools/bin/../lib/gcc/arm-none-eabi/10.3.1/../../../../arm-none-eabi/lib/thumb/v7-m/nofp\libc_nano.a(lib_a-findfp.o) (_malloc_r)
[...]
Memory Configuration

Name             Origin             Length             Attributes
RAM              0x0000000020000000 0x0000000000005000 xrw
FLASH            0x0000000008000000 0x0000000000010000 xr
*default*        0x0000000000000000 0xffffffffffffffff

Linker script and memory map

LOAD c:/st/stm32cubeide_1.8.0/stm32cubeide/plugins/com.st.stm32cube.ide.mcu.externaltools.gnu-tools-for-stm32.10.3-2021.10.win32_1.0.0.202111181127/tools/bin/../lib/gcc/arm-none-eabi/10.3.1/thumb/v7-m/nofp/crti.o
LOAD c:/st/stm32cubeide_1.8.0/stm32cubeide/plugins/com.st.stm32cube.ide.mcu.externaltools.gnu-tools-for-stm32.10.3-2021.10.win32_1.0.0.202111181127/tools/bin/../lib/gcc/arm-none-eabi/10.3.1/thumb/v7-m/nofp/crtbegin.o
LOAD c:/st/stm32cubeide_1.8.0/stm32cubeide/plugins/com.st.stm32cube.ide.mcu.externaltools.gnu-tools-for-stm32.10.3-2021.10.win32_1.0.0.202111181127/tools/bin/../lib/gcc/arm-none-eabi/10.3.1/../../../../arm-none-eabi/lib/thumb/v7-m/nofp/crt0.o
LOAD ./Core/Src/EEPROM.o
LOAD ./Core/Src/HC04.o
LOAD ./Core/Src/adc.o
LOAD ./Core/Src/com_can.o
LOAD ./Core/Src/crc.o
LOAD ./Core/Src/error_handler.o
LOAD ./Core/Src/freertos.o
LOAD ./Core/Src/fungsi.o
LOAD ./Core/Src/gpio.o
LOAD ./Core/Src/main.o
LOAD ./Core/Src/sendData.o
LOAD ./Core/Src/stm32f1xx_hal_msp.o
LOAD ./Core/Src/stm32f1xx_hal_timebase_tim.o
LOAD ./Core/Src/stm32f1xx_it.o
LOAD ./Core/Src/syscalls.o
LOAD ./Core/Src/sysmem.o
LOAD ./Core/Src/system_stm32f1xx.o
LOAD ./Core/Src/terminal.o
LOAD ./Core/Startup/startup_stm32f103c8tx.o
LOAD ./Drivers/STM32F1xx_HAL_Driver/Src/stm32f1xx_hal.o
LOAD ./Drivers/STM32F1xx_HAL_Driver/Src/stm32f1xx_hal_adc.o
LOAD ./Drivers/STM32F1xx_HAL_Driver/Src/stm32f1xx_hal_adc_ex.o
LOAD ./Drivers/STM32F1xx_HAL_Driver/Src/stm32f1xx_hal_can.o
LOAD ./Drivers/STM32F1xx_HAL_Driver/Src/stm32f1xx_hal_cortex.o
LOAD ./Drivers/STM32F1xx_HAL_Driver/Src/stm32f1xx_hal_dma.o
LOAD ./Drivers/STM32F1xx_HAL_Driver/Src/stm32f1xx_hal_exti.o
LOAD ./Drivers/STM32F1xx_HAL_Driver/Src/stm32f1xx_hal_flash.o
LOAD ./Drivers/STM32F1xx_HAL_Driver/Src/stm32f1xx_hal_flash_ex.o
LOAD ./Drivers/STM32F1xx_HAL_Driver/Src/stm32f1xx_hal_gpio.o
LOAD ./Drivers/STM32F1xx_HAL_Driver/Src/stm32f1xx_hal_gpio_ex.o
LOAD ./Drivers/STM32F1xx_HAL_Driver/Src/stm32f1xx_hal_i2c.o
LOAD ./Drivers/STM32F1xx_HAL_Driver/Src/stm32f1xx_hal_pwr.o
LOAD ./Drivers/STM32F1xx_HAL_Driver/Src/stm32f1xx_hal_rcc.o
LOAD ./Drivers/STM32F1xx_HAL_Driver/Src/stm32f1xx_hal_rcc_ex.o
LOAD ./Drivers/STM32F1xx_HAL_Driver/Src/stm32f1xx_hal_tim.o
LOAD ./Drivers/STM32F1xx_HAL_Driver/Src/stm32f1xx_hal_tim_ex.o
LOAD ./Drivers/STM32F1xx_HAL_Driver/Src/stm32f1xx_hal_uart.o
LOAD ./Middlewares/Third_Party/FreeRTOS/Source/CMSIS_RTOS/cmsis_os.o
LOAD ./Middlewares/Third_Party/FreeRTOS/Source/croutine.o
LOAD ./Middlewares/Third_Party/FreeRTOS/Source/event_groups.o
LOAD ./Middlewares/Third_Party/FreeRTOS/Source/list.o
LOAD ./Middlewares/Third_Party/FreeRTOS/Source/queue.o
LOAD ./Middlewares/Third_Party/FreeRTOS/Source/stream_buffer.o
LOAD ./Middlewares/Third_Party/FreeRTOS/Source/tasks.o
LOAD ./Middlewares/Third_Party/FreeRTOS/Source/timers.o
LOAD ./Middlewares/Third_Party/FreeRTOS/Source/portable/GCC/ARM_CM3/port.o
LOAD ./Middlewares/Third_Party/FreeRTOS/Source/portable/MemMang/heap_4.o
START GROUP
LOAD c:/st/stm32cubeide_1.8.0/stm32cubeide/plugins/com.st.stm32cube.ide.mcu.externaltools.gnu-tools-for-stm32.10.3-2021.10.win32_1.0.0.202111181127/tools/bin/../lib/gcc/arm-none-eabi/10.3.1/../../../../arm-none-eabi/lib/thumb/v7-m/nofp\libc_nano.a
LOAD c:/st/stm32cubeide_1.8.0/stm32cubeide/plugins/com.st.stm32cube.ide.mcu.externaltools.gnu-tools-for-stm32.10.3-2021.10.win32_1.0.0.202111181127/tools/bin/../lib/gcc/arm-none-eabi/10.3.1/../../../../arm-none-eabi/lib/thumb/v7-m/nofp\libm.a
END GROUP
START GROUP
LOAD c:/st/stm32cubeide_1.8.0/stm32cubeide/plugins/com.st.stm32cube.ide.mcu.externaltools.gnu-tools-for-stm32.10.3-2021.10.win32_1.0.0.202111181127/tools/bin/../lib/gcc/arm-none-eabi/10.3.1/thumb/v7-m/nofp\libgcc.a
LOAD c:/st/stm32cubeide_1.8.0/stm32cubeide/plugins/com.st.stm32cube.ide.mcu.externaltools.gnu-tools-for-stm32.10.3-2021.10.win32_1.0.0.202111181127/tools/bin/../lib/gcc/arm-none-eabi/10.3.1/../../../../arm-none-eabi/lib/thumb/v7-m/nofp\libc_nano.a
END GROUP
START GROUP
LOAD c:/st/stm32cubeide_1.8.0/stm32cubeide/plugins/com.st.stm32cube.ide.mcu.externaltools.gnu-tools-for-stm32.10.3-2021.10.win32_1.0.0.202111181127/tools/bin/../lib/gcc/arm-none-eabi/10.3.1/thumb/v7-m/nofp\libgcc.a
LOAD c:/st/stm32cubeide_1.8.0/stm32cubeide/plugins/com.st.stm32cube.ide.mcu.externaltools.gnu-tools-for-stm32.10.3-2021.10.win32_1.0.0.202111181127/tools/bin/../lib/gcc/arm-none-eabi/10.3.1/../../../../arm-none-eabi/lib/thumb/v7-m/nofp\libc_nano.a
LOAD c:/st/stm32cubeide_1.8.0/stm32cubeide/plugins/com.st.stm32cube.ide.mcu.externaltools.gnu-tools-for-stm32.10.3-2021.10.win32_1.0.0.202111181127/tools/bin/../lib/gcc/arm-none-eabi/10.3.1/../../../../arm-none-eabi/lib/thumb/v7-m/nofp\libnosys.a
END GROUP
START GROUP
LOAD c:/st/stm32cubeide_1.8.0/stm32cubeide/plugins/com.st.stm32cube.ide.mcu.externaltools.gnu-tools-for-stm32.10.3-2021.10.win32_1.0.0.202111181127/tools/bin/../lib/gcc/arm-none-eabi/10.3.1/thumb/v7-m/nofp\libgcc.a
LOAD c:/st/stm32cubeide_1.8.0/stm32cubeide/plugins/com.st.stm32cube.ide.mcu.externaltools.gnu-tools-for-stm32.10.3-2021.10.win32_1.0.0.202111181127/tools/bin/../lib/gcc/arm-none-eabi/10.3.1/../../../../arm-none-eabi/lib/thumb/v7-m/nofp\libc_nano.a
LOAD c:/st/stm32cubeide_1.8.0/stm32cubeide/plugins/com.st.stm32cube.ide.mcu.externaltools.gnu-tools-for-stm32.10.3-2021.10.win32_1.0.0.202111181127/tools/bin/../lib/gcc/arm-none-eabi/10.3.1/../../../../arm-none-eabi/lib/thumb/v7-m/nofp\libnosys.a
END GROUP
LOAD c:/st/stm32cubeide_1.8.0/stm32cubeide/plugins/com.st.stm32cube.ide.mcu.externaltools.gnu-tools-for-stm32.10.3-2021.10.win32_1.0.0.202111181127/tools/bin/../lib/gcc/arm-none-eabi/10.3.1/thumb/v7-m/nofp/crtend.o
LOAD c:/st/stm32cubeide_1.8.0/stm32cubeide/plugins/com.st.stm32cube.ide.mcu.externaltools.gnu-tools-for-stm32.10.3-2021.10.win32_1.0.0.202111181127/tools/bin/../lib/gcc/arm-none-eabi/10.3.1/thumb/v7-m/nofp/crtn.o
                0x0000000020005000                _estack = (ORIGIN (RAM) + LENGTH (RAM))
                0x0000000000000200                _Min_Heap_Size = 0x200
                0x0000000000000400                _Min_Stack_Size = 0x400

.isr_vector     0x0000000008000000      0x10c
                0x0000000008000000                . = ALIGN (0x4)
 *(.isr_vector)
 .isr_vector    0x0000000008000000      0x10c ./Core/Startup/startup_stm32f103c8tx.o
                0x0000000008000000                g_pfnVectors
                0x000000000800010c                . = ALIGN (0x4)

.text           0x0000000008000110     0x83fc
                0x0000000008000110                . = ALIGN (0x4)
 *(.text)
 .text          0x0000000008000110       0x40 c:/st/stm32cubeide_1.8.0/stm32cubeide/plugins/com.st.stm32cube.ide.mcu.externaltools.gnu-tools-for-stm32.10.3-2021.10.win32_1.0.0.202111181127/tools/bin/../lib/gcc/arm-none-eabi/10.3.1/thumb/v7-m/nofp/crtbegin.o
 .text          0x0000000008000150      0x168 c:/st/stm32cubeide_1.8.0/stm32cubeide/plugins/com.st.stm32cube.ide.mcu.externaltools.gnu-tools-for-stm32.10.3-2021.10.win32_1.0.0.202111181127/tools/bin/../lib/gcc/arm-none-eabi/10.3.1/thumb/v7-m/nofp\libgcc.a(_arm_mulsf3.o)
                0x0000000008000150                __aeabi_fmul
                0x0000000008000150                __mulsf3
 .text          0x00000000080002b8      0x378 c:/st/stm32cubeide_1.8.0/stm32cubeide/plugins/com.st.stm32cube.ide.mcu.externaltools.gnu-tools-for-stm32.10.3-2021.10.win32_1.0.0.202111181127/tools/bin/../lib/gcc/arm-none-eabi/10.3.1/thumb/v7-m/nofp\libgcc.a(_arm_addsubdf3.o)
                0x00000000080002b8                __aeabi_drsub
                0x00000000080002c0                __aeabi_dsub
                0x00000000080002c0                __subdf3
                0x00000000080002c4                __aeabi_dadd
                0x00000000080002c4                __adddf3
                0x000000000800053c                __floatunsidf
                0x000000000800053c                __aeabi_ui2d
                0x000000000800055c                __floatsidf
                0x000000000800055c                __aeabi_i2d
                0x0000000008000580                __aeabi_f2d
                0x0000000008000580                __extendsfdf2
                0x00000000080005c4                __floatundidf
                0x00000000080005c4                __aeabi_ul2d
                0x00000000080005d4                __floatdidf
                0x00000000080005d4                __aeabi_l2d
 .text          0x0000000008000630      0x424 c:/st/stm32cubeide_1.8.0/stm32cubeide/plugins/com.st.stm32cube.ide.mcu.externaltools.gnu-tools-for-stm32.10.3-2021.10.win32_1.0.0.202111181127/tools/bin/../lib/gcc/arm-none-eabi/10.3.1/thumb/v7-m/nofp\libgcc.a(_arm_muldivdf3.o)
                0x0000000008000630                __aeabi_dmul
                0x0000000008000630                __muldf3
                0x0000000008000884                __divdf3
                0x0000000008000884                __aeabi_ddiv
 .text          0x0000000008000a54       0x50 c:/st/stm32cubeide_1.8.0/stm32cubeide/plugins/com.st.stm32cube.ide.mcu.externaltools.gnu-tools-for-stm32.10.3-2021.10.win32_1.0.0.202111181127/tools/bin/../lib/gcc/arm-none-eabi/10.3.1/thumb/v7-m/nofp\libgcc.a(_arm_fixdfsi.o)
                0x0000000008000a54                __aeabi_d2iz
                0x0000000008000a54                __fixdfsi
 .text          0x0000000008000aa4       0xa0 c:/st/stm32cubeide_1.8.0/stm32cubeide/plugins/com.st.stm32cube.ide.mcu.externaltools.gnu-tools-for-stm32.10.3-2021.10.win32_1.0.0.202111181127/tools/bin/../lib/gcc/arm-none-eabi/10.3.1/thumb/v7-m/nofp\libgcc.a(_arm_truncdfsf2.o)
                0x0000000008000aa4                __truncdfsf2
                0x0000000008000aa4                __aeabi_d2f
 .text          0x0000000008000b44      0x21c c:/st/stm32cubeide_1.8.0/stm32cubeide/plugins/com.st.stm32cube.ide.mcu.externaltools.gnu-tools-for-stm32.10.3-2021.10.win32_1.0.0.202111181127/tools/bin/../lib/gcc/arm-none-eabi/10.3.1/thumb/v7-m/nofp\libgcc.a(_arm_addsubsf3.o)
                0x0000000008000b44                __aeabi_frsub
                0x0000000008000b4c                __subsf3
                0x0000000008000b4c                __aeabi_fsub
                0x0000000008000b50                __aeabi_fadd
                0x0000000008000b50                __addsf3
                0x0000000008000cb0                __aeabi_ui2f
                0x0000000008000cb0                __floatunsisf
                0x0000000008000cb8                __aeabi_i2f
                0x0000000008000cb8                __floatsisf
                0x0000000008000cd4                __aeabi_ul2f
                0x0000000008000cd4                __floatundisf
                0x0000000008000ce4                __aeabi_l2f
                0x0000000008000ce4                __floatdisf
 .text          0x0000000008000d60       0xec c:/st/stm32cubeide_1.8.0/stm32cubeide/plugins/com.st.stm32cube.ide.mcu.externaltools.gnu-tools-for-stm32.10.3-2021.10.win32_1.0.0.202111181127/tools/bin/../lib/gcc/arm-none-eabi/10.3.1/thumb/v7-m/nofp\libgcc.a(_arm_cmpsf2.o)
                0x0000000008000d60                __gesf2
                0x0000000008000d60                __gtsf2
                0x0000000008000d68                __lesf2
                0x0000000008000d68                __ltsf2
                0x0000000008000d70                __nesf2
                0x0000000008000d70                __eqsf2
                0x0000000008000d70                __cmpsf2
                0x0000000008000dd0                __aeabi_cfrcmple
                0x0000000008000dd8                __aeabi_cfcmpeq
                0x0000000008000dd8                __aeabi_cfcmple
                0x0000000008000de8                __aeabi_fcmpeq
                0x0000000008000dfc                __aeabi_fcmplt
                0x0000000008000e10                __aeabi_fcmple
                0x0000000008000e24                __aeabi_fcmpge
                0x0000000008000e38                __aeabi_fcmpgt
 .text          0x0000000008000e4c       0x40 c:/st/stm32cubeide_1.8.0/stm32cubeide/plugins/com.st.stm32cube.ide.mcu.externaltools.gnu-tools-for-stm32.10.3-2021.10.win32_1.0.0.202111181127/tools/bin/../lib/gcc/arm-none-eabi/10.3.1/thumb/v7-m/nofp\libgcc.a(_arm_fixunssfsi.o)
                0x0000000008000e4c                __fixunssfsi
                0x0000000008000e4c                __aeabi_f2uiz
 *(.text*)
 .text.bytestowrite
                0x0000000008000e8c       0x30 ./Core/Src/EEPROM.o
                0x0000000008000e8c                bytestowrite
 .text.EEPROM_Write
                0x0000000008000ebc       0xcc ./Core/Src/EEPROM.o
                0x0000000008000ebc                EEPROM_Write
 .text.float2Bytes
                0x0000000008000f88       0x3e ./Core/Src/EEPROM.o
                0x0000000008000f88                float2Bytes
 .text.Bytes2float
                0x0000000008000fc6       0x3c ./Core/Src/EEPROM.o
                0x0000000008000fc6                Bytes2float
 *fill*         0x0000000008001002        0x2 
 .text.EEPROM_Write_NUM
                0x0000000008001004       0x30 ./Core/Src/EEPROM.o
                0x0000000008001004                EEPROM_Write_NUM
 .text.EEPROM_Read_NUM
                0x0000000008001034       0x32 ./Core/Src/EEPROM.o
                0x0000000008001034                EEPROM_Read_NUM
 *fill*         0x0000000008001066        0x2 
 .text.EEPROM_Read
                0x0000000008001068       0xc4 ./Core/Src/EEPROM.o
                0x0000000008001068                EEPROM_Read
 *fill*         0x000000000800112c        0x4 
 .text.HAL_TIM_IC_CaptureCallback
                0x0000000008001130      0x130 ./Core/Src/HC04.o
                0x0000000008001130                HAL_TIM_IC_CaptureCallback
 .text.HAL_CAN_RxFifo1MsgPendingCallback
                0x0000000008001260       0xf8 ./Core/Src/com_can.o
                0x0000000008001260                HAL_CAN_RxFifo1MsgPendingCallback
 .text.buffer_append_int32
                0x0000000008001358       0x74 ./Core/Src/com_can.o
                0x0000000008001358                buffer_append_int32
 .text.buffer_get_int32
                0x00000000080013cc       0x5e ./Core/Src/com_can.o
                0x00000000080013cc                buffer_get_int32
 *fill*         0x000000000800142a        0x2 
 .text.comm_can_transmit_eid
                0x000000000800142c       0x60 ./Core/Src/com_can.o
                0x000000000800142c                comm_can_transmit_eid
 .text.comm_can_set_duty
                0x000000000800148c       0x5c ./Core/Src/com_can.o
                0x000000000800148c                comm_can_set_duty
 .text.comm_can_db_signal
                0x00000000080014e8       0x3c ./Core/Src/com_can.o
                0x00000000080014e8                comm_can_db_signal
 .text.comm_can_send_buffer
                0x0000000008001524      0x108 ./Core/Src/com_can.o
                0x0000000008001524                comm_can_send_buffer
 .text.vApplicationGetIdleTaskMemory
                0x000000000800162c       0x30 ./Core/Src/freertos.o
                0x000000000800162c                vApplicationGetIdleTaskMemory
 .text.delay_s  0x000000000800165c       0x22 ./Core/Src/fungsi.o
                0x000000000800165c                delay_s
 *fill*         0x000000000800167e        0x2 
 .text.backWash
                0x0000000008001680       0xb0 ./Core/Src/fungsi.o
                0x0000000008001680                backWash
 .text.process  0x0000000008001730      0x214 ./Core/Src/fungsi.o
                0x0000000008001730                process
 .text.setMode  0x0000000008001944       0x22 ./Core/Src/fungsi.o
                0x0000000008001944                setMode
 .text.setTimerEAB
                0x0000000008001966       0x22 ./Core/Src/fungsi.o
                0x0000000008001966                setTimerEAB
 .text.setLamaPakaiEAB
                0x0000000008001988       0x22 ./Core/Src/fungsi.o
                0x0000000008001988                setLamaPakaiEAB
 .text.setTimerRcoveryEAB
                0x00000000080019aa       0x22 ./Core/Src/fungsi.o
                0x00000000080019aa                setTimerRcoveryEAB
 .text.setCountBackwash
                0x00000000080019cc       0x22 ./Core/Src/fungsi.o
                0x00000000080019cc                setCountBackwash
 .text.setCountProcess
                0x00000000080019ee       0x22 ./Core/Src/fungsi.o
                0x00000000080019ee                setCountProcess
 .text.setLamaProcess
                0x0000000008001a10       0x22 ./Core/Src/fungsi.o
                0x0000000008001a10                setLamaProcess
 .text.setFlagBackwash
                0x0000000008001a32       0x22 ./Core/Src/fungsi.o
                0x0000000008001a32                setFlagBackwash
 .text.Task2    0x0000000008001a54       0x88 ./Core/Src/fungsi.o
                0x0000000008001a54                Task2
 .text.TaskTimer
                0x0000000008001adc      0x134 ./Core/Src/fungsi.o
                0x0000000008001adc                TaskTimer
 .text.TaskFlow
                0x0000000008001c10       0x78 ./Core/Src/fungsi.o
                0x0000000008001c10                TaskFlow
 .text.TaskButton
                0x0000000008001c88       0x78 ./Core/Src/fungsi.o
                0x0000000008001c88                TaskButton
 .text.TaskCanTx
                0x0000000008001d00       0x50 ./Core/Src/fungsi.o
                0x0000000008001d00                TaskCanTx
 .text.fungsiInit
                0x0000000008001d50      0x1d8 ./Core/Src/fungsi.o
                0x0000000008001d50                fungsiInit
 .text.gpio_init
                0x0000000008001f28      0x12c ./Core/Src/gpio.o
                0x0000000008001f28                gpio_init
 .text.EAB      0x0000000008002054       0x4c ./Core/Src/gpio.o
                0x0000000008002054                EAB
 .text.Control_Valve_1
                0x00000000080020a0       0x3c ./Core/Src/gpio.o
                0x00000000080020a0                Control_Valve_1
 .text.Control_Valve_2
                0x00000000080020dc       0x3c ./Core/Src/gpio.o
                0x00000000080020dc                Control_Valve_2
 .text.Control_Valve_3
                0x0000000008002118       0x3c ./Core/Src/gpio.o
                0x0000000008002118                Control_Valve_3
 .text.Control_Valve_4
                0x0000000008002154       0x24 ./Core/Src/gpio.o
                0x0000000008002154                Control_Valve_4
 .text.Compressor
                0x0000000008002178       0x3c ./Core/Src/gpio.o
                0x0000000008002178                Compressor
 .text.Ozone    0x00000000080021b4       0x3c ./Core/Src/gpio.o
                0x00000000080021b4                Ozone
 .text.Pump_1   0x00000000080021f0       0x3c ./Core/Src/gpio.o
                0x00000000080021f0                Pump_1
 .text.Pump_2   0x000000000800222c       0x3c ./Core/Src/gpio.o
                0x000000000800222c                Pump_2
 .text.Pump_3   0x0000000008002268       0x3c ./Core/Src/gpio.o
                0x0000000008002268                Pump_3
 .text.main     0x00000000080022a4       0x60 ./Core/Src/main.o
                0x00000000080022a4                main
 .text.SystemClock_Config
                0x0000000008002304       0xb6 ./Core/Src/main.o
                0x0000000008002304                SystemClock_Config
 *fill*         0x00000000080023ba        0x2 
 .text.MX_ADC1_Init
                0x00000000080023bc       0x60 ./Core/Src/main.o
 .text.MX_CAN_Init
                0x000000000800241c       0xb0 ./Core/Src/main.o
 .text.MX_I2C1_Init
                0x00000000080024cc       0x5c ./Core/Src/main.o
 .text.MX_TIM2_Init
                0x0000000008002528       0xe8 ./Core/Src/main.o
 .text.MX_TIM3_Init
                0x0000000008002610       0x9c ./Core/Src/main.o
 .text.MX_USART1_UART_Init
                0x00000000080026ac       0x54 ./Core/Src/main.o
 .text.MX_GPIO_Init
                0x0000000008002700       0xd0 ./Core/Src/main.o
 .text.StartDefaultTask
                0x00000000080027d0       0x24 ./Core/Src/main.o
                0x00000000080027d0                StartDefaultTask
 .text.HAL_TIM_PeriodElapsedCallback
                0x00000000080027f4       0x24 ./Core/Src/main.o
                0x00000000080027f4                HAL_TIM_PeriodElapsedCallback
 .text.Error_Handler
                0x0000000008002818        0xa ./Core/Src/main.o
                0x0000000008002818                Error_Handler
 *fill*         0x0000000008002822        0x2 
 .text.manageData
                0x0000000008002824       0xb4 ./Core/Src/sendData.o
                0x0000000008002824                manageData
 .text.HAL_MspInit
                0x00000000080028d8       0x70 ./Core/Src/stm32f1xx_hal_msp.o
                0x00000000080028d8                HAL_MspInit
 .text.HAL_ADC_MspInit
                0x0000000008002948       0x78 ./Core/Src/stm32f1xx_hal_msp.o
                0x0000000008002948                HAL_ADC_MspInit
 .text.HAL_CAN_MspInit
                0x00000000080029c0       0xd0 ./Core/Src/stm32f1xx_hal_msp.o
                0x00000000080029c0                HAL_CAN_MspInit
 .text.HAL_I2C_MspInit
                0x0000000008002a90       0x7c ./Core/Src/stm32f1xx_hal_msp.o
                0x0000000008002a90                HAL_I2C_MspInit
 .text.HAL_TIM_Base_MspInit
                0x0000000008002b0c       0xdc ./Core/Src/stm32f1xx_hal_msp.o
                0x0000000008002b0c                HAL_TIM_Base_MspInit
 .text.HAL_UART_MspInit
                0x0000000008002be8       0x98 ./Core/Src/stm32f1xx_hal_msp.o
                0x0000000008002be8                HAL_UART_MspInit
 .text.HAL_InitTick
                0x0000000008002c80       0xfc ./Core/Src/stm32f1xx_hal_timebase_tim.o
                0x0000000008002c80                HAL_InitTick
 .text.NMI_Handler
                0x0000000008002d7c        0x6 ./Core/Src/stm32f1xx_it.o
                0x0000000008002d7c                NMI_Handler
 .text.HardFault_Handler
                0x0000000008002d82        0x6 ./Core/Src/stm32f1xx_it.o
                0x0000000008002d82                HardFault_Handler
 .text.MemManage_Handler
                0x0000000008002d88        0x6 ./Core/Src/stm32f1xx_it.o
                0x0000000008002d88                MemManage_Handler
 .text.BusFault_Handler
                0x0000000008002d8e        0x6 ./Core/Src/stm32f1xx_it.o
                0x0000000008002d8e                BusFault_Handler
 .text.UsageFault_Handler
                0x0000000008002d94        0x6 ./Core/Src/stm32f1xx_it.o
                0x0000000008002d94                UsageFault_Handler
 .text.DebugMon_Handler
                0x0000000008002d9a        0xc ./Core/Src/stm32f1xx_it.o
                0x0000000008002d9a                DebugMon_Handler
 *fill*         0x0000000008002da6        0x2 
 .text.CAN1_RX1_IRQHandler
                0x0000000008002da8       0x14 ./Core/Src/stm32f1xx_it.o
                0x0000000008002da8                CAN1_RX1_IRQHandler
 .text.TIM2_IRQHandler
                0x0000000008002dbc       0x14 ./Core/Src/stm32f1xx_it.o
                0x0000000008002dbc                TIM2_IRQHandler
 .text.TIM4_IRQHandler
                0x0000000008002dd0       0x14 ./Core/Src/stm32f1xx_it.o
                0x0000000008002dd0                TIM4_IRQHandler
 .text.SystemInit
                0x0000000008002de4        0xc ./Core/Src/system_stm32f1xx.o
                0x0000000008002de4                SystemInit
 .text.Reset_Handler
                0x0000000008002df0       0x48 ./Core/Startup/startup_stm32f103c8tx.o
                0x0000000008002df0                Reset_Handler
 .text.Default_Handler
                0x0000000008002e38        0x2 ./Core/Startup/startup_stm32f103c8tx.o
                0x0000000008002e38                RTC_Alarm_IRQHandler
                0x0000000008002e38                EXTI2_IRQHandler
                0x0000000008002e38                TIM1_CC_IRQHandler
                0x0000000008002e38                PVD_IRQHandler
                0x0000000008002e38                EXTI3_IRQHandler
                0x0000000008002e38                EXTI0_IRQHandler
                0x0000000008002e38                I2C2_EV_IRQHandler
                0x0000000008002e38                ADC1_2_IRQHandler
                0x0000000008002e38                SPI1_IRQHandler
                0x0000000008002e38                TAMPER_IRQHandler
                0x0000000008002e38                DMA1_Channel4_IRQHandler
                0x0000000008002e38                USART3_IRQHandler
                0x0000000008002e38                RTC_IRQHandler
                0x0000000008002e38                DMA1_Channel7_IRQHandler
                0x0000000008002e38                I2C1_EV_IRQHandler
                0x0000000008002e38                DMA1_Channel6_IRQHandler
                0x0000000008002e38                TIM3_IRQHandler
                0x0000000008002e38                RCC_IRQHandler
                0x0000000008002e38                TIM1_TRG_COM_IRQHandler
                0x0000000008002e38                DMA1_Channel1_IRQHandler
                0x0000000008002e38                Default_Handler
                0x0000000008002e38                EXTI15_10_IRQHandler
                0x0000000008002e38                EXTI9_5_IRQHandler
                0x0000000008002e38                SPI2_IRQHandler
                0x0000000008002e38                DMA1_Channel5_IRQHandler
                0x0000000008002e38                EXTI4_IRQHandler
                0x0000000008002e38                USB_LP_CAN1_RX0_IRQHandler
                0x0000000008002e38                USB_HP_CAN1_TX_IRQHandler
                0x0000000008002e38                DMA1_Channel3_IRQHandler
                0x0000000008002e38                TIM1_UP_IRQHandler
                0x0000000008002e38                WWDG_IRQHandler
                0x0000000008002e38                TIM1_BRK_IRQHandler
                0x0000000008002e38                EXTI1_IRQHandler
                0x0000000008002e38                USART2_IRQHandler
                0x0000000008002e38                I2C2_ER_IRQHandler
                0x0000000008002e38                DMA1_Channel2_IRQHandler
                0x0000000008002e38                CAN1_SCE_IRQHandler
                0x0000000008002e38                FLASH_IRQHandler
                0x0000000008002e38                USART1_IRQHandler
                0x0000000008002e38                I2C1_ER_IRQHandler
                0x0000000008002e38                USBWakeUp_IRQHandler
 *fill*         0x0000000008002e3a        0x2 
 .text.HAL_Init
                0x0000000008002e3c       0x2c ./Drivers/STM32F1xx_HAL_Driver/Src/stm32f1xx_hal.o
                0x0000000008002e3c                HAL_Init
 .text.HAL_IncTick
                0x0000000008002e68       0x24 ./Drivers/STM32F1xx_HAL_Driver/Src/stm32f1xx_hal.o
                0x0000000008002e68                HAL_IncTick
 .text.HAL_GetTick
                0x0000000008002e8c       0x14 ./Drivers/STM32F1xx_HAL_Driver/Src/stm32f1xx_hal.o
                0x0000000008002e8c                HAL_GetTick
 .text.HAL_Delay
                0x0000000008002ea0       0x48 ./Drivers/STM32F1xx_HAL_Driver/Src/stm32f1xx_hal.o
                0x0000000008002ea0                HAL_Delay
 .text.HAL_ADC_Init
                0x0000000008002ee8      0x1b0 ./Drivers/STM32F1xx_HAL_Driver/Src/stm32f1xx_hal_adc.o
                0x0000000008002ee8                HAL_ADC_Init
 .text.ADC_ConversionStop_Disable
                0x0000000008003098       0x82 ./Drivers/STM32F1xx_HAL_Driver/Src/stm32f1xx_hal_adc.o
                0x0000000008003098                ADC_ConversionStop_Disable
 .text.HAL_CAN_Init
                0x000000000800311a      0x1f6 ./Drivers/STM32F1xx_HAL_Driver/Src/stm32f1xx_hal_can.o
                0x000000000800311a                HAL_CAN_Init
 .text.HAL_CAN_ConfigFilter
                0x0000000008003310      0x192 ./Drivers/STM32F1xx_HAL_Driver/Src/stm32f1xx_hal_can.o
                0x0000000008003310                HAL_CAN_ConfigFilter
 .text.HAL_CAN_Start
                0x00000000080034a2       0x88 ./Drivers/STM32F1xx_HAL_Driver/Src/stm32f1xx_hal_can.o
                0x00000000080034a2                HAL_CAN_Start
 .text.HAL_CAN_AddTxMessage
                0x000000000800352a      0x1b4 ./Drivers/STM32F1xx_HAL_Driver/Src/stm32f1xx_hal_can.o
                0x000000000800352a                HAL_CAN_AddTxMessage
 .text.HAL_CAN_GetRxMessage
                0x00000000080036de      0x222 ./Drivers/STM32F1xx_HAL_Driver/Src/stm32f1xx_hal_can.o
                0x00000000080036de                HAL_CAN_GetRxMessage
 .text.HAL_CAN_ActivateNotification
                0x0000000008003900       0x4a ./Drivers/STM32F1xx_HAL_Driver/Src/stm32f1xx_hal_can.o
                0x0000000008003900                HAL_CAN_ActivateNotification
 .text.HAL_CAN_IRQHandler
                0x000000000800394a      0x36e ./Drivers/STM32F1xx_HAL_Driver/Src/stm32f1xx_hal_can.o
                0x000000000800394a                HAL_CAN_IRQHandler
 .text.HAL_CAN_TxMailbox0CompleteCallback
                0x0000000008003cb8       0x12 ./Drivers/STM32F1xx_HAL_Driver/Src/stm32f1xx_hal_can.o
                0x0000000008003cb8                HAL_CAN_TxMailbox0CompleteCallback
 .text.HAL_CAN_TxMailbox1CompleteCallback
                0x0000000008003cca       0x12 ./Drivers/STM32F1xx_HAL_Driver/Src/stm32f1xx_hal_can.o
                0x0000000008003cca                HAL_CAN_TxMailbox1CompleteCallback
 .text.HAL_CAN_TxMailbox2CompleteCallback
                0x0000000008003cdc       0x12 ./Drivers/STM32F1xx_HAL_Driver/Src/stm32f1xx_hal_can.o
                0x0000000008003cdc                HAL_CAN_TxMailbox2CompleteCallback
 .text.HAL_CAN_TxMailbox0AbortCallback
                0x0000000008003cee       0x12 ./Drivers/STM32F1xx_HAL_Driver/Src/stm32f1xx_hal_can.o
                0x0000000008003cee                HAL_CAN_TxMailbox0AbortCallback
 .text.HAL_CAN_TxMailbox1AbortCallback
                0x0000000008003d00       0x12 ./Drivers/STM32F1xx_HAL_Driver/Src/stm32f1xx_hal_can.o
                0x0000000008003d00                HAL_CAN_TxMailbox1AbortCallback
 .text.HAL_CAN_TxMailbox2AbortCallback
                0x0000000008003d12       0x12 ./Drivers/STM32F1xx_HAL_Driver/Src/stm32f1xx_hal_can.o
                0x0000000008003d12                HAL_CAN_TxMailbox2AbortCallback
 .text.HAL_CAN_RxFifo0MsgPendingCallback
                0x0000000008003d24       0x12 ./Drivers/STM32F1xx_HAL_Driver/Src/stm32f1xx_hal_can.o
                0x0000000008003d24                HAL_CAN_RxFifo0MsgPendingCallback
 .text.HAL_CAN_RxFifo0FullCallback
                0x0000000008003d36       0x12 ./Drivers/STM32F1xx_HAL_Driver/Src/stm32f1xx_hal_can.o
                0x0000000008003d36                HAL_CAN_RxFifo0FullCallback
 .text.HAL_CAN_RxFifo1FullCallback
                0x0000000008003d48       0x12 ./Drivers/STM32F1xx_HAL_Driver/Src/stm32f1xx_hal_can.o
                0x0000000008003d48                HAL_CAN_RxFifo1FullCallback
 .text.HAL_CAN_SleepCallback
                0x0000000008003d5a       0x12 ./Drivers/STM32F1xx_HAL_Driver/Src/stm32f1xx_hal_can.o
                0x0000000008003d5a                HAL_CAN_SleepCallback
 .text.HAL_CAN_WakeUpFromRxMsgCallback
                0x0000000008003d6c       0x12 ./Drivers/STM32F1xx_HAL_Driver/Src/stm32f1xx_hal_can.o
                0x0000000008003d6c                HAL_CAN_WakeUpFromRxMsgCallback
 .text.HAL_CAN_ErrorCallback
                0x0000000008003d7e       0x12 ./Drivers/STM32F1xx_HAL_Driver/Src/stm32f1xx_hal_can.o
                0x0000000008003d7e                HAL_CAN_ErrorCallback
 .text.__NVIC_SetPriorityGrouping
                0x0000000008003d90       0x48 ./Drivers/STM32F1xx_HAL_Driver/Src/stm32f1xx_hal_cortex.o
 .text.__NVIC_GetPriorityGrouping
                0x0000000008003dd8       0x1c ./Drivers/STM32F1xx_HAL_Driver/Src/stm32f1xx_hal_cortex.o
 .text.__NVIC_EnableIRQ
                0x0000000008003df4       0x38 ./Drivers/STM32F1xx_HAL_Driver/Src/stm32f1xx_hal_cortex.o
 .text.__NVIC_SetPriority
                0x0000000008003e2c       0x54 ./Drivers/STM32F1xx_HAL_Driver/Src/stm32f1xx_hal_cortex.o
 .text.NVIC_EncodePriority
                0x0000000008003e80       0x64 ./Drivers/STM32F1xx_HAL_Driver/Src/stm32f1xx_hal_cortex.o
 .text.HAL_NVIC_SetPriorityGrouping
                0x0000000008003ee4       0x16 ./Drivers/STM32F1xx_HAL_Driver/Src/stm32f1xx_hal_cortex.o
                0x0000000008003ee4                HAL_NVIC_SetPriorityGrouping
 .text.HAL_NVIC_SetPriority
                0x0000000008003efa       0x38 ./Drivers/STM32F1xx_HAL_Driver/Src/stm32f1xx_hal_cortex.o
                0x0000000008003efa                HAL_NVIC_SetPriority
 .text.HAL_NVIC_EnableIRQ
                0x0000000008003f32       0x1c ./Drivers/STM32F1xx_HAL_Driver/Src/stm32f1xx_hal_cortex.o
                0x0000000008003f32                HAL_NVIC_EnableIRQ
 *fill*         0x0000000008003f4e        0x2 
 .text.HAL_GPIO_Init
                0x0000000008003f50      0x308 ./Drivers/STM32F1xx_HAL_Driver/Src/stm32f1xx_hal_gpio.o
                0x0000000008003f50                HAL_GPIO_Init
 .text.HAL_GPIO_ReadPin
                0x0000000008004258       0x2e ./Drivers/STM32F1xx_HAL_Driver/Src/stm32f1xx_hal_gpio.o
                0x0000000008004258                HAL_GPIO_ReadPin
 .text.HAL_GPIO_WritePin
                0x0000000008004286       0x30 ./Drivers/STM32F1xx_HAL_Driver/Src/stm32f1xx_hal_gpio.o
                0x0000000008004286                HAL_GPIO_WritePin
 *fill*         0x00000000080042b6        0x2 
 .text.HAL_I2C_Init
                0x00000000080042b8      0x288 ./Drivers/STM32F1xx_HAL_Driver/Src/stm32f1xx_hal_i2c.o
                0x00000000080042b8                HAL_I2C_Init
 .text.HAL_I2C_Mem_Write
                0x0000000008004540      0x1f4 ./Drivers/STM32F1xx_HAL_Driver/Src/stm32f1xx_hal_i2c.o
                0x0000000008004540                HAL_I2C_Mem_Write
 .text.HAL_I2C_Mem_Read
                0x0000000008004734      0x4d0 ./Drivers/STM32F1xx_HAL_Driver/Src/stm32f1xx_hal_i2c.o
                0x0000000008004734                HAL_I2C_Mem_Read
 .text.I2C_RequestMemoryWrite
                0x0000000008004c04      0x12c ./Drivers/STM32F1xx_HAL_Driver/Src/stm32f1xx_hal_i2c.o
 .text.I2C_RequestMemoryRead
                0x0000000008004d30      0x1d0 ./Drivers/STM32F1xx_HAL_Driver/Src/stm32f1xx_hal_i2c.o
 .text.I2C_WaitOnFlagUntilTimeout
                0x0000000008004f00       0xae ./Drivers/STM32F1xx_HAL_Driver/Src/stm32f1xx_hal_i2c.o
 .text.I2C_WaitOnMasterAddressFlagUntilTimeout
                0x0000000008004fae       0xfe ./Drivers/STM32F1xx_HAL_Driver/Src/stm32f1xx_hal_i2c.o
 .text.I2C_WaitOnTXEFlagUntilTimeout
                0x00000000080050ac       0x82 ./Drivers/STM32F1xx_HAL_Driver/Src/stm32f1xx_hal_i2c.o
 .text.I2C_WaitOnBTFFlagUntilTimeout
                0x000000000800512e       0x82 ./Drivers/STM32F1xx_HAL_Driver/Src/stm32f1xx_hal_i2c.o
 .text.I2C_WaitOnRXNEFlagUntilTimeout
                0x00000000080051b0       0xac ./Drivers/STM32F1xx_HAL_Driver/Src/stm32f1xx_hal_i2c.o
 .text.I2C_IsAcknowledgeFailed
                0x000000000800525c       0x5c ./Drivers/STM32F1xx_HAL_Driver/Src/stm32f1xx_hal_i2c.o
 .text.HAL_RCC_OscConfig
                0x00000000080052b8      0x504 ./Drivers/STM32F1xx_HAL_Driver/Src/stm32f1xx_hal_rcc.o
                0x00000000080052b8                HAL_RCC_OscConfig
 .text.HAL_RCC_ClockConfig
                0x00000000080057bc      0x1d4 ./Drivers/STM32F1xx_HAL_Driver/Src/stm32f1xx_hal_rcc.o
                0x00000000080057bc                HAL_RCC_ClockConfig
 .text.HAL_RCC_GetSysClockFreq
                0x0000000008005990       0xbc ./Drivers/STM32F1xx_HAL_Driver/Src/stm32f1xx_hal_rcc.o
                0x0000000008005990                HAL_RCC_GetSysClockFreq
 .text.HAL_RCC_GetHCLKFreq
                0x0000000008005a4c       0x14 ./Drivers/STM32F1xx_HAL_Driver/Src/stm32f1xx_hal_rcc.o
                0x0000000008005a4c                HAL_RCC_GetHCLKFreq
 .text.HAL_RCC_GetPCLK1Freq
                0x0000000008005a60       0x28 ./Drivers/STM32F1xx_HAL_Driver/Src/stm32f1xx_hal_rcc.o
                0x0000000008005a60                HAL_RCC_GetPCLK1Freq
 .text.HAL_RCC_GetPCLK2Freq
                0x0000000008005a88       0x28 ./Drivers/STM32F1xx_HAL_Driver/Src/stm32f1xx_hal_rcc.o
                0x0000000008005a88                HAL_RCC_GetPCLK2Freq
 .text.HAL_RCC_GetClockConfig
                0x0000000008005ab0       0x60 ./Drivers/STM32F1xx_HAL_Driver/Src/stm32f1xx_hal_rcc.o
                0x0000000008005ab0                HAL_RCC_GetClockConfig
 .text.RCC_Delay
                0x0000000008005b10       0x3c ./Drivers/STM32F1xx_HAL_Driver/Src/stm32f1xx_hal_rcc.o
 .text.HAL_RCCEx_PeriphCLKConfig
                0x0000000008005b4c      0x16c ./Drivers/STM32F1xx_HAL_Driver/Src/stm32f1xx_hal_rcc_ex.o
                0x0000000008005b4c                HAL_RCCEx_PeriphCLKConfig
 .text.HAL_TIM_Base_Init
                0x0000000008005cb8       0x9e ./Drivers/STM32F1xx_HAL_Driver/Src/stm32f1xx_hal_tim.o
                0x0000000008005cb8                HAL_TIM_Base_Init
 *fill*         0x0000000008005d56        0x2 
 .text.HAL_TIM_Base_Start_IT
                0x0000000008005d58       0xa4 ./Drivers/STM32F1xx_HAL_Driver/Src/stm32f1xx_hal_tim.o
                0x0000000008005d58                HAL_TIM_Base_Start_IT
 .text.HAL_TIM_IC_Init
                0x0000000008005dfc       0x9e ./Drivers/STM32F1xx_HAL_Driver/Src/stm32f1xx_hal_tim.o
                0x0000000008005dfc                HAL_TIM_IC_Init
 .text.HAL_TIM_IC_MspInit
                0x0000000008005e9a       0x12 ./Drivers/STM32F1xx_HAL_Driver/Src/stm32f1xx_hal_tim.o
                0x0000000008005e9a                HAL_TIM_IC_MspInit
 .text.HAL_TIM_IC_Start_IT
                0x0000000008005eac      0x20c ./Drivers/STM32F1xx_HAL_Driver/Src/stm32f1xx_hal_tim.o
                0x0000000008005eac                HAL_TIM_IC_Start_IT
 .text.HAL_TIM_IRQHandler
                0x00000000080060b8      0x210 ./Drivers/STM32F1xx_HAL_Driver/Src/stm32f1xx_hal_tim.o
                0x00000000080060b8                HAL_TIM_IRQHandler
 .text.HAL_TIM_IC_ConfigChannel
                0x00000000080062c8      0x128 ./Drivers/STM32F1xx_HAL_Driver/Src/stm32f1xx_hal_tim.o
                0x00000000080062c8                HAL_TIM_IC_ConfigChannel
 .text.HAL_TIM_ConfigClockSource
                0x00000000080063f0      0x188 ./Drivers/STM32F1xx_HAL_Driver/Src/stm32f1xx_hal_tim.o
                0x00000000080063f0                HAL_TIM_ConfigClockSource
 .text.HAL_TIM_ReadCapturedValue
                0x0000000008006578       0x88 ./Drivers/STM32F1xx_HAL_Driver/Src/stm32f1xx_hal_tim.o
                0x0000000008006578                HAL_TIM_ReadCapturedValue
 .text.HAL_TIM_OC_DelayElapsedCallback
                0x0000000008006600       0x12 ./Drivers/STM32F1xx_HAL_Driver/Src/stm32f1xx_hal_tim.o
                0x0000000008006600                HAL_TIM_OC_DelayElapsedCallback
 .text.HAL_TIM_PWM_PulseFinishedCallback
                0x0000000008006612       0x12 ./Drivers/STM32F1xx_HAL_Driver/Src/stm32f1xx_hal_tim.o
                0x0000000008006612                HAL_TIM_PWM_PulseFinishedCallback
 .text.HAL_TIM_TriggerCallback
                0x0000000008006624       0x12 ./Drivers/STM32F1xx_HAL_Driver/Src/stm32f1xx_hal_tim.o
                0x0000000008006624                HAL_TIM_TriggerCallback
 *fill*         0x0000000008006636        0x2 
 .text.TIM_Base_SetConfig
                0x0000000008006638       0xc4 ./Drivers/STM32F1xx_HAL_Driver/Src/stm32f1xx_hal_tim.o
                0x0000000008006638                TIM_Base_SetConfig
 .text.TIM_TI1_SetConfig
                0x00000000080066fc       0xb4 ./Drivers/STM32F1xx_HAL_Driver/Src/stm32f1xx_hal_tim.o
                0x00000000080066fc                TIM_TI1_SetConfig
 .text.TIM_TI1_ConfigInputStage
                0x00000000080067b0       0x5c ./Drivers/STM32F1xx_HAL_Driver/Src/stm32f1xx_hal_tim.o
 .text.TIM_TI2_SetConfig
                0x000000000800680c       0x78 ./Drivers/STM32F1xx_HAL_Driver/Src/stm32f1xx_hal_tim.o
 .text.TIM_TI2_ConfigInputStage
                0x0000000008006884       0x5e ./Drivers/STM32F1xx_HAL_Driver/Src/stm32f1xx_hal_tim.o
 .text.TIM_TI3_SetConfig
                0x00000000080068e2       0x76 ./Drivers/STM32F1xx_HAL_Driver/Src/stm32f1xx_hal_tim.o
 .text.TIM_TI4_SetConfig
                0x0000000008006958       0x78 ./Drivers/STM32F1xx_HAL_Driver/Src/stm32f1xx_hal_tim.o
 .text.TIM_ITRx_SetConfig
                0x00000000080069d0       0x34 ./Drivers/STM32F1xx_HAL_Driver/Src/stm32f1xx_hal_tim.o
 .text.TIM_ETR_SetConfig
                0x0000000008006a04       0x3e ./Drivers/STM32F1xx_HAL_Driver/Src/stm32f1xx_hal_tim.o
                0x0000000008006a04                TIM_ETR_SetConfig
 .text.TIM_CCxChannelCmd
                0x0000000008006a42       0x48 ./Drivers/STM32F1xx_HAL_Driver/Src/stm32f1xx_hal_tim.o
                0x0000000008006a42                TIM_CCxChannelCmd
 *fill*         0x0000000008006a8a        0x2 
 .text.HAL_TIMEx_MasterConfigSynchronization
                0x0000000008006a8c       0xbc ./Drivers/STM32F1xx_HAL_Driver/Src/stm32f1xx_hal_tim_ex.o
                0x0000000008006a8c                HAL_TIMEx_MasterConfigSynchronization
 .text.HAL_TIMEx_CommutCallback
                0x0000000008006b48       0x12 ./Drivers/STM32F1xx_HAL_Driver/Src/stm32f1xx_hal_tim_ex.o
                0x0000000008006b48                HAL_TIMEx_CommutCallback
 .text.HAL_TIMEx_BreakCallback
                0x0000000008006b5a       0x12 ./Drivers/STM32F1xx_HAL_Driver/Src/stm32f1xx_hal_tim_ex.o
                0x0000000008006b5a                HAL_TIMEx_BreakCallback
 .text.HAL_UART_Init
                0x0000000008006b6c       0x9a ./Drivers/STM32F1xx_HAL_Driver/Src/stm32f1xx_hal_uart.o
                0x0000000008006b6c                HAL_UART_Init
 .text.HAL_UART_Receive
                0x0000000008006c06      0x144 ./Drivers/STM32F1xx_HAL_Driver/Src/stm32f1xx_hal_uart.o
                0x0000000008006c06                HAL_UART_Receive
 .text.UART_WaitOnFlagUntilTimeout
                0x0000000008006d4a       0x94 ./Drivers/STM32F1xx_HAL_Driver/Src/stm32f1xx_hal_uart.o
 *fill*         0x0000000008006dde        0x2 
 .text.UART_SetConfig
                0x0000000008006de0      0x11c ./Drivers/STM32F1xx_HAL_Driver/Src/stm32f1xx_hal_uart.o
 .text.makeFreeRtosPriority
                0x0000000008006efc       0x2e ./Middlewares/Third_Party/FreeRTOS/Source/CMSIS_RTOS/cmsis_os.o
 .text.osKernelStart
                0x0000000008006f2a        0xe ./Middlewares/Third_Party/FreeRTOS/Source/CMSIS_RTOS/cmsis_os.o
                0x0000000008006f2a                osKernelStart
 .text.osThreadCreate
                0x0000000008006f38       0x98 ./Middlewares/Third_Party/FreeRTOS/Source/CMSIS_RTOS/cmsis_os.o
                0x0000000008006f38                osThreadCreate
 .text.osDelay  0x0000000008006fd0       0x28 ./Middlewares/Third_Party/FreeRTOS/Source/CMSIS_RTOS/cmsis_os.o
                0x0000000008006fd0                osDelay
 .text.vListInitialise
                0x0000000008006ff8       0x3e ./Middlewares/Third_Party/FreeRTOS/Source/list.o
                0x0000000008006ff8                vListInitialise
 .text.vListInitialiseItem
                0x0000000008007036       0x18 ./Middlewares/Third_Party/FreeRTOS/Source/list.o
                0x0000000008007036                vListInitialiseItem
 .text.vListInsertEnd
                0x000000000800704e       0x46 ./Middlewares/Third_Party/FreeRTOS/Source/list.o
                0x000000000800704e                vListInsertEnd
 .text.vListInsert
                0x0000000008007094       0x70 ./Middlewares/Third_Party/FreeRTOS/Source/list.o
                0x0000000008007094                vListInsert
 .text.uxListRemove
                0x0000000008007104       0x52 ./Middlewares/Third_Party/FreeRTOS/Source/list.o
                0x0000000008007104                uxListRemove
 .text.xTaskCreateStatic
                0x0000000008007156       0xb8 ./Middlewares/Third_Party/FreeRTOS/Source/tasks.o
                0x0000000008007156                xTaskCreateStatic
 .text.xTaskCreate
                0x000000000800720e       0x8a ./Middlewares/Third_Party/FreeRTOS/Source/tasks.o
                0x000000000800720e                xTaskCreate
 .text.prvInitialiseNewTask
                0x0000000008007298      0x12c ./Middlewares/Third_Party/FreeRTOS/Source/tasks.o
 .text.prvAddNewTaskToReadyList
                0x00000000080073c4       0xd4 ./Middlewares/Third_Party/FreeRTOS/Source/tasks.o
 .text.vTaskDelay
                0x0000000008007498       0x68 ./Middlewares/Third_Party/FreeRTOS/Source/tasks.o
                0x0000000008007498                vTaskDelay
 .text.vTaskStartScheduler
                0x0000000008007500       0xd4 ./Middlewares/Third_Party/FreeRTOS/Source/tasks.o
                0x0000000008007500                vTaskStartScheduler
 .text.vTaskSuspendAll
                0x00000000080075d4       0x1c ./Middlewares/Third_Party/FreeRTOS/Source/tasks.o
                0x00000000080075d4                vTaskSuspendAll
 .text.xTaskResumeAll
                0x00000000080075f0      0x138 ./Middlewares/Third_Party/FreeRTOS/Source/tasks.o
                0x00000000080075f0                xTaskResumeAll
 .text.xTaskIncrementTick
                0x0000000008007728      0x17c ./Middlewares/Third_Party/FreeRTOS/Source/tasks.o
                0x0000000008007728                xTaskIncrementTick
 .text.vTaskSwitchContext
                0x00000000080078a4       0xc4 ./Middlewares/Third_Party/FreeRTOS/Source/tasks.o
                0x00000000080078a4                vTaskSwitchContext
 .text.prvIdleTask
                0x0000000008007968       0x30 ./Middlewares/Third_Party/FreeRTOS/Source/tasks.o
 .text.prvInitialiseTaskLists
                0x0000000008007998       0x80 ./Middlewares/Third_Party/FreeRTOS/Source/tasks.o
 .text.prvCheckTasksWaitingTermination
                0x0000000008007a18       0x5c ./Middlewares/Third_Party/FreeRTOS/Source/tasks.o
 .text.prvDeleteTCB
                0x0000000008007a74       0x68 ./Middlewares/Third_Party/FreeRTOS/Source/tasks.o
 .text.prvResetNextTaskUnblockTime
                0x0000000008007adc       0x48 ./Middlewares/Third_Party/FreeRTOS/Source/tasks.o
 .text.prvAddCurrentTaskToDelayedList
                0x0000000008007b24       0xcc ./Middlewares/Third_Party/FreeRTOS/Source/tasks.o
 .text.pxPortInitialiseStack
                0x0000000008007bf0       0x58 ./Middlewares/Third_Party/FreeRTOS/Source/portable/GCC/ARM_CM3/port.o
                0x0000000008007bf0                pxPortInitialiseStack
 .text.prvTaskExitError
                0x0000000008007c48       0x58 ./Middlewares/Third_Party/FreeRTOS/Source/portable/GCC/ARM_CM3/port.o
 .text.SVC_Handler
                0x0000000008007ca0       0x28 ./Middlewares/Third_Party/FreeRTOS/Source/portable/GCC/ARM_CM3/port.o
                0x0000000008007ca0                SVC_Handler
 .text.prvPortStartFirstTask
                0x0000000008007cc8       0x20 ./Middlewares/Third_Party/FreeRTOS/Source/portable/GCC/ARM_CM3/port.o
 .text.xPortStartScheduler
                0x0000000008007ce8       0xe4 ./Middlewares/Third_Party/FreeRTOS/Source/portable/GCC/ARM_CM3/port.o
                0x0000000008007ce8                xPortStartScheduler
 .text.vPortEnterCritical
                0x0000000008007dcc       0x60 ./Middlewares/Third_Party/FreeRTOS/Source/portable/GCC/ARM_CM3/port.o
                0x0000000008007dcc                vPortEnterCritical
 .text.vPortExitCritical
                0x0000000008007e2c       0x50 ./Middlewares/Third_Party/FreeRTOS/Source/portable/GCC/ARM_CM3/port.o
                0x0000000008007e2c                vPortExitCritical
 *fill*         0x0000000008007e7c        0x4 
 .text.PendSV_Handler
                0x0000000008007e80       0x48 ./Middlewares/Third_Party/FreeRTOS/Source/portable/GCC/ARM_CM3/port.o
                0x0000000008007e80                PendSV_Handler
 .text.SysTick_Handler
                0x0000000008007ec8       0x44 ./Middlewares/Third_Party/FreeRTOS/Source/portable/GCC/ARM_CM3/port.o
                0x0000000008007ec8                SysTick_Handler
 .text.vPortSetupTimerInterrupt
                0x0000000008007f0c       0x44 ./Middlewares/Third_Party/FreeRTOS/Source/portable/GCC/ARM_CM3/port.o
                0x0000000008007f0c                vPortSetupTimerInterrupt
 .text.pvPortMalloc
                0x0000000008007f50      0x188 ./Middlewares/Third_Party/FreeRTOS/Source/portable/MemMang/heap_4.o
                0x0000000008007f50                pvPortMalloc
 .text.vPortFree
                0x00000000080080d8       0xb4 ./Middlewares/Third_Party/FreeRTOS/Source/portable/MemMang/heap_4.o
                0x00000000080080d8                vPortFree
 .text.prvHeapInit
                0x000000000800818c       0xc4 ./Middlewares/Third_Party/FreeRTOS/Source/portable/MemMang/heap_4.o
 .text.prvInsertBlockIntoFreeList
                0x0000000008008250       0xb0 ./Middlewares/Third_Party/FreeRTOS/Source/portable/MemMang/heap_4.o
 .text.__libc_init_array
                0x0000000008008300       0x48 c:/st/stm32cubeide_1.8.0/stm32cubeide/plugins/com.st.stm32cube.ide.mcu.externaltools.gnu-tools-for-stm32.10.3-2021.10.win32_1.0.0.202111181127/tools/bin/../lib/gcc/arm-none-eabi/10.3.1/../../../../arm-none-eabi/lib/thumb/v7-m/nofp\libc_nano.a(lib_a-init.o)
                0x0000000008008300                __libc_init_array
 .text.__retarget_lock_acquire_recursive
                0x0000000008008348        0x2 c:/st/stm32cubeide_1.8.0/stm32cubeide/plugins/com.st.stm32cube.ide.mcu.externaltools.gnu-tools-for-stm32.10.3-2021.10.win32_1.0.0.202111181127/tools/bin/../lib/gcc/arm-none-eabi/10.3.1/../../../../arm-none-eabi/lib/thumb/v7-m/nofp\libc_nano.a(lib_a-lock.o)
                0x0000000008008348                __retarget_lock_acquire_recursive
 .text.__retarget_lock_release_recursive
                0x000000000800834a        0x2 c:/st/stm32cubeide_1.8.0/stm32cubeide/plugins/com.st.stm32cube.ide.mcu.externaltools.gnu-tools-for-stm32.10.3-2021.10.win32_1.0.0.202111181127/tools/bin/../lib/gcc/arm-none-eabi/10.3.1/../../../../arm-none-eabi/lib/thumb/v7-m/nofp\libc_nano.a(lib_a-lock.o)
                0x000000000800834a                __retarget_lock_release_recursive
 .text.memcpy   0x000000000800834c       0x1c c:/st/stm32cubeide_1.8.0/stm32cubeide/plugins/com.st.stm32cube.ide.mcu.externaltools.gnu-tools-for-stm32.10.3-2021.10.win32_1.0.0.202111181127/tools/bin/../lib/gcc/arm-none-eabi/10.3.1/../../../../arm-none-eabi/lib/thumb/v7-m/nofp\libc_nano.a(lib_a-memcpy-stub.o)
                0x000000000800834c                memcpy
 .text.memset   0x0000000008008368       0x10 c:/st/stm32cubeide_1.8.0/stm32cubeide/plugins/com.st.stm32cube.ide.mcu.externaltools.gnu-tools-for-stm32.10.3-2021.10.win32_1.0.0.202111181127/tools/bin/../lib/gcc/arm-none-eabi/10.3.1/../../../../arm-none-eabi/lib/thumb/v7-m/nofp\libc_nano.a(lib_a-memset.o)
                0x0000000008008368                memset
 .text.cleanup_glue
                0x0000000008008378       0x1a c:/st/stm32cubeide_1.8.0/stm32cubeide/plugins/com.st.stm32cube.ide.mcu.externaltools.gnu-tools-for-stm32.10.3-2021.10.win32_1.0.0.202111181127/tools/bin/../lib/gcc/arm-none-eabi/10.3.1/../../../../arm-none-eabi/lib/thumb/v7-m/nofp\libc_nano.a(lib_a-reent.o)
                0x0000000008008378                cleanup_glue
 *fill*         0x0000000008008392        0x2 
 .text._reclaim_reent
                0x0000000008008394       0xb8 c:/st/stm32cubeide_1.8.0/stm32cubeide/plugins/com.st.stm32cube.ide.mcu.externaltools.gnu-tools-for-stm32.10.3-2021.10.win32_1.0.0.202111181127/tools/bin/../lib/gcc/arm-none-eabi/10.3.1/../../../../arm-none-eabi/lib/thumb/v7-m/nofp\libc_nano.a(lib_a-reent.o)
                0x0000000008008394                _reclaim_reent
 .text.__malloc_lock
                0x000000000800844c        0xc c:/st/stm32cubeide_1.8.0/stm32cubeide/plugins/com.st.stm32cube.ide.mcu.externaltools.gnu-tools-for-stm32.10.3-2021.10.win32_1.0.0.202111181127/tools/bin/../lib/gcc/arm-none-eabi/10.3.1/../../../../arm-none-eabi/lib/thumb/v7-m/nofp\libc_nano.a(lib_a-mlock.o)
                0x000000000800844c                __malloc_lock
 .text.__malloc_unlock
                0x0000000008008458        0xc c:/st/stm32cubeide_1.8.0/stm32cubeide/plugins/com.st.stm32cube.ide.mcu.externaltools.gnu-tools-for-stm32.10.3-2021.10.win32_1.0.0.202111181127/tools/bin/../lib/gcc/arm-none-eabi/10.3.1/../../../../arm-none-eabi/lib/thumb/v7-m/nofp\libc_nano.a(lib_a-mlock.o)
                0x0000000008008458                __malloc_unlock
 .text._free_r  0x0000000008008464       0x90 c:/st/stm32cubeide_1.8.0/stm32cubeide/plugins/com.st.stm32cube.ide.mcu.externaltools.gnu-tools-for-stm32.10.3-2021.10.win32_1.0.0.202111181127/tools/bin/../lib/gcc/arm-none-eabi/10.3.1/../../../../arm-none-eabi/lib/thumb/v7-m/nofp\libc_nano.a(lib_a-nano-freer.o)
                0x0000000008008464                _free_r
 *(.glue_7)
 .glue_7        0x00000000080084f4        0x0 linker stubs
 *(.glue_7t)
 .glue_7t       0x00000000080084f4        0x0 linker stubs
 *(.eh_frame)
 .eh_frame      0x00000000080084f4        0x0 c:/st/stm32cubeide_1.8.0/stm32cubeide/plugins/com.st.stm32cube.ide.mcu.externaltools.gnu-tools-for-stm32.10.3-2021.10.win32_1.0.0.202111181127/tools/bin/../lib/gcc/arm-none-eabi/10.3.1/thumb/v7-m/nofp/crtbegin.o
 *(.init)
 .init          0x00000000080084f4        0x4 c:/st/stm32cubeide_1.8.0/stm32cubeide/plugins/com.st.stm32cube.ide.mcu.externaltools.gnu-tools-for-stm32.10.3-2021.10.win32_1.0.0.202111181127/tools/bin/../lib/gcc/arm-none-eabi/10.3.1/thumb/v7-m/nofp/crti.o
                0x00000000080084f4                _init
 .init          0x00000000080084f8        0x8 c:/st/stm32cubeide_1.8.0/stm32cubeide/plugins/com.st.stm32cube.ide.mcu.externaltools.gnu-tools-for-stm32.10.3-2021.10.win32_1.0.0.202111181127/tools/bin/../lib/gcc/arm-none-eabi/10.3.1/thumb/v7-m/nofp/crtn.o
 *(.fini)
 .fini          0x0000000008008500        0x4 c:/st/stm32cubeide_1.8.0/stm32cubeide/plugins/com.st.stm32cube.ide.mcu.externaltools.gnu-tools-for-stm32.10.3-2021.10.win32_1.0.0.202111181127/tools/bin/../lib/gcc/arm-none-eabi/10.3.1/thumb/v7-m/nofp/crti.o
                0x0000000008008500                _fini
 .fini          0x0000000008008504        0x8 c:/st/stm32cubeide_1.8.0/stm32cubeide/plugins/com.st.stm32cube.ide.mcu.externaltools.gnu-tools-for-stm32.10.3-2021.10.win32_1.0.0.202111181127/tools/bin/../lib/gcc/arm-none-eabi/10.3.1/thumb/v7-m/nofp/crtn.o
                0x000000000800850c                . = ALIGN (0x4)
                0x000000000800850c                _etext = .

.vfp11_veneer   0x000000000800850c        0x0
 .vfp11_veneer  0x000000000800850c        0x0 linker stubs

.v4_bx          0x000000000800850c        0x0
 .v4_bx         0x000000000800850c        0x0 linker stubs

.iplt           0x000000000800850c        0x0
 .iplt          0x000000000800850c        0x0 c:/st/stm32cubeide_1.8.0/stm32cubeide/plugins/com.st.stm32cube.ide.mcu.externaltools.gnu-tools-for-stm32.10.3-2021.10.win32_1.0.0.202111181127/tools/bin/../lib/gcc/arm-none-eabi/10.3.1/thumb/v7-m/nofp/crtbegin.o

.rodata         0x000000000800850c      0x17c
                0x000000000800850c                . = ALIGN (0x4)
 *(.rodata)
 .rodata        0x000000000800850c       0xc4 ./Core/Src/fungsi.o
 .rodata        0x00000000080085d0       0x28 ./Core/Src/main.o
 .rodata        0x00000000080085f8       0x10 ./Drivers/STM32F1xx_HAL_Driver/Src/stm32f1xx_hal_rcc.o
 .rodata        0x0000000008008608        0x5 ./Middlewares/Third_Party/FreeRTOS/Source/tasks.o
 *(.rodata*)
 *fill*         0x000000000800860d        0x3 
 .rodata.AHBPrescTable
                0x0000000008008610       0x10 ./Core/Src/system_stm32f1xx.o
                0x0000000008008610                AHBPrescTable
 .rodata.APBPrescTable
                0x0000000008008620        0x8 ./Core/Src/system_stm32f1xx.o
                0x0000000008008620                APBPrescTable
 .rodata.__sf_fake_stderr
                0x0000000008008628       0x20 c:/st/stm32cubeide_1.8.0/stm32cubeide/plugins/com.st.stm32cube.ide.mcu.externaltools.gnu-tools-for-stm32.10.3-2021.10.win32_1.0.0.202111181127/tools/bin/../lib/gcc/arm-none-eabi/10.3.1/../../../../arm-none-eabi/lib/thumb/v7-m/nofp\libc_nano.a(lib_a-findfp.o)
                0x0000000008008628                __sf_fake_stderr
 .rodata.__sf_fake_stdin
                0x0000000008008648       0x20 c:/st/stm32cubeide_1.8.0/stm32cubeide/plugins/com.st.stm32cube.ide.mcu.externaltools.gnu-tools-for-stm32.10.3-2021.10.win32_1.0.0.202111181127/tools/bin/../lib/gcc/arm-none-eabi/10.3.1/../../../../arm-none-eabi/lib/thumb/v7-m/nofp\libc_nano.a(lib_a-findfp.o)
                0x0000000008008648                __sf_fake_stdin
 .rodata.__sf_fake_stdout
                0x0000000008008668       0x20 c:/st/stm32cubeide_1.8.0/stm32cubeide/plugins/com.st.stm32cube.ide.mcu.externaltools.gnu-tools-for-stm32.10.3-2021.10.win32_1.0.0.202111181127/tools/bin/../lib/gcc/arm-none-eabi/10.3.1/../../../../arm-none-eabi/lib/thumb/v7-m/nofp\libc_nano.a(lib_a-findfp.o)
                0x0000000008008668                __sf_fake_stdout
                0x0000000008008688                . = ALIGN (0x4)

.rel.dyn        0x0000000008008688        0x0
 .rel.iplt      0x0000000008008688        0x0 c:/st/stm32cubeide_1.8.0/stm32cubeide/plugins/com.st.stm32cube.ide.mcu.externaltools.gnu-tools-for-stm32.10.3-2021.10.win32_1.0.0.202111181127/tools/bin/../lib/gcc/arm-none-eabi/10.3.1/thumb/v7-m/nofp/crtbegin.o

.ARM.extab      0x0000000008008688        0x0
                0x0000000008008688                . = ALIGN (0x4)
 *(.ARM.extab* .gnu.linkonce.armextab.*)
                0x0000000008008688                . = ALIGN (0x4)

.ARM            0x0000000008008688        0x0
                0x0000000008008688                . = ALIGN (0x4)
                0x0000000008008688                __exidx_start = .
 *(.ARM.exidx*)
                0x0000000008008688                __exidx_end = .
                0x0000000008008688                . = ALIGN (0x4)

.preinit_array  0x0000000008008688        0x0
                0x0000000008008688                . = ALIGN (0x4)
                0x0000000008008688                PROVIDE (__preinit_array_start = .)
 *(.preinit_array*)
                0x0000000008008688                PROVIDE (__preinit_array_end = .)
                0x0000000008008688                . = ALIGN (0x4)

.init_array     0x0000000008008688        0x4
                0x0000000008008688                . = ALIGN (0x4)
                0x0000000008008688                PROVIDE (__init_array_start = .)
 *(SORT_BY_NAME(.init_array.*))
 *(.init_array*)
 .init_array    0x0000000008008688        0x4 c:/st/stm32cubeide_1.8.0/stm32cubeide/plugins/com.st.stm32cube.ide.mcu.externaltools.gnu-tools-for-stm32.10.3-2021.10.win32_1.0.0.202111181127/tools/bin/../lib/gcc/arm-none-eabi/10.3.1/thumb/v7-m/nofp/crtbegin.o
                0x000000000800868c                PROVIDE (__init_array_end = .)
                0x000000000800868c                . = ALIGN (0x4)

.fini_array     0x000000000800868c        0x4
                0x000000000800868c                . = ALIGN (0x4)
                [!provide]                        PROVIDE (__fini_array_start = .)
 *(SORT_BY_NAME(.fini_array.*))
 *(.fini_array*)
 .fini_array    0x000000000800868c        0x4 c:/st/stm32cubeide_1.8.0/stm32cubeide/plugins/com.st.stm32cube.ide.mcu.externaltools.gnu-tools-for-stm32.10.3-2021.10.win32_1.0.0.202111181127/tools/bin/../lib/gcc/arm-none-eabi/10.3.1/thumb/v7-m/nofp/crtbegin.o
                [!provide]                        PROVIDE (__fini_array_end = .)
                0x0000000008008690                . = ALIGN (0x4)
                0x0000000008008690                _sidata = LOADADDR (.data)

.data           0x0000000020000000       0x78 load address 0x0000000008008690
                0x0000000020000000                . = ALIGN (0x4)
                0x0000000020000000                _sdata = .
 *(.data)
 *(.data*)
 .data.selfID   0x0000000020000000        0x1 ./Core/Src/fungsi.o
                0x0000000020000000                selfID
 *fill*         0x0000000020000001        0x3 
 .data.SystemCoreClock
                0x0000000020000004        0x4 ./Core/Src/system_stm32f1xx.o
                0x0000000020000004                SystemCoreClock
 .data.uwTickPrio
                0x0000000020000008        0x4 ./Drivers/STM32F1xx_HAL_Driver/Src/stm32f1xx_hal.o
                0x0000000020000008                uwTickPrio
 .data.uwTickFreq
                0x000000002000000c        0x1 ./Drivers/STM32F1xx_HAL_Driver/Src/stm32f1xx_hal.o
                0x000000002000000c                uwTickFreq
 *fill*         0x000000002000000d        0x3 
 .data.uxCriticalNesting
                0x0000000020000010        0x4 ./Middlewares/Third_Party/FreeRTOS/Source/portable/GCC/ARM_CM3/port.o
 .data._impure_ptr
                0x0000000020000014        0x4 c:/st/stm32cubeide_1.8.0/stm32cubeide/plugins/com.st.stm32cube.ide.mcu.externaltools.gnu-tools-for-stm32.10.3-2021.10.win32_1.0.0.202111181127/tools/bin/../lib/gcc/arm-none-eabi/10.3.1/../../../../arm-none-eabi/lib/thumb/v7-m/nofp\libc_nano.a(lib_a-impure.o)
                0x0000000020000014                _impure_ptr
 .data.impure_data
                0x0000000020000018       0x60 c:/st/stm32cubeide_1.8.0/stm32cubeide/plugins/com.st.stm32cube.ide.mcu.externaltools.gnu-tools-for-stm32.10.3-2021.10.win32_1.0.0.202111181127/tools/bin/../lib/gcc/arm-none-eabi/10.3.1/../../../../arm-none-eabi/lib/thumb/v7-m/nofp\libc_nano.a(lib_a-impure.o)
 *(.RamFunc)
 *(.RamFunc*)
                0x0000000020000078                . = ALIGN (0x4)
                0x0000000020000078                _edata = .

.igot.plt       0x0000000020000078        0x0 load address 0x0000000008008708
 .igot.plt      0x0000000020000078        0x0 c:/st/stm32cubeide_1.8.0/stm32cubeide/plugins/com.st.stm32cube.ide.mcu.externaltools.gnu-tools-for-stm32.10.3-2021.10.win32_1.0.0.202111181127/tools/bin/../lib/gcc/arm-none-eabi/10.3.1/thumb/v7-m/nofp/crtbegin.o
                0x0000000020000078                . = ALIGN (0x4)

.bss            0x0000000020000078     0x1324 load address 0x0000000008008708
                0x0000000020000078                _sbss = .
                0x0000000020000078                __bss_start__ = _sbss
 *(.bss)
 .bss           0x0000000020000078       0x1c c:/st/stm32cubeide_1.8.0/stm32cubeide/plugins/com.st.stm32cube.ide.mcu.externaltools.gnu-tools-for-stm32.10.3-2021.10.win32_1.0.0.202111181127/tools/bin/../lib/gcc/arm-none-eabi/10.3.1/thumb/v7-m/nofp/crtbegin.o
 *(.bss*)
 .bss.bytes_temp
                0x0000000020000094        0x4 ./Core/Src/EEPROM.o
                0x0000000020000094                bytes_temp
 .bss.ultrasonic1
                0x0000000020000098       0x14 ./Core/Src/HC04.o
                0x0000000020000098                ultrasonic1
 .bss.RxHeader  0x00000000200000ac       0x1c ./Core/Src/com_can.o
                0x00000000200000ac                RxHeader
 .bss.TxHeader  0x00000000200000c8       0x18 ./Core/Src/com_can.o
                0x00000000200000c8                TxHeader
 .bss.TxData    0x00000000200000e0        0x8 ./Core/Src/com_can.o
                0x00000000200000e0                TxData
 .bss.RxData    0x00000000200000e8        0x8 ./Core/Src/com_can.o
                0x00000000200000e8                RxData
 .bss.TxMailbox
                0x00000000200000f0        0x4 ./Core/Src/com_can.o
                0x00000000200000f0                TxMailbox
 .bss.ind       0x00000000200000f4        0x4 ./Core/Src/com_can.o
                0x00000000200000f4                ind
 .bss.rx_buffer
                0x00000000200000f8       0x40 ./Core/Src/com_can.o
 .bss.rxbuf_ind
                0x0000000020000138        0x4 ./Core/Src/com_can.o
                0x0000000020000138                rxbuf_ind
 .bss.canSetMode
                0x000000002000013c        0x4 ./Core/Src/com_can.o
                0x000000002000013c                canSetMode
 .bss.xIdleTaskTCBBuffer
                0x0000000020000140       0xb4 ./Core/Src/freertos.o
 .bss.xIdleStack
                0x00000000200001f4      0x200 ./Core/Src/freertos.o
 .bss.Task2Handle
                0x00000000200003f4        0x4 ./Core/Src/fungsi.o
                0x00000000200003f4                Task2Handle
 .bss.TaskTimerHandle
                0x00000000200003f8        0x4 ./Core/Src/fungsi.o
                0x00000000200003f8                TaskTimerHandle
 .bss.TaskFlowHandle
                0x00000000200003fc        0x4 ./Core/Src/fungsi.o
                0x00000000200003fc                TaskFlowHandle
 .bss.TaskButtonHandle
                0x0000000020000400        0x4 ./Core/Src/fungsi.o
                0x0000000020000400                TaskButtonHandle
 .bss.TaskCanTxHandle
                0x0000000020000404        0x4 ./Core/Src/fungsi.o
                0x0000000020000404                TaskCanTxHandle
 .bss.level     0x0000000020000408        0x1 ./Core/Src/fungsi.o
                0x0000000020000408                level
 .bss.level2    0x0000000020000409        0x1 ./Core/Src/fungsi.o
                0x0000000020000409                level2
 .bss.flagBackwash
                0x000000002000040a        0x1 ./Core/Src/fungsi.o
                0x000000002000040a                flagBackwash
 .bss.flagTimerEAB
                0x000000002000040b        0x1 ./Core/Src/fungsi.o
                0x000000002000040b                flagTimerEAB
 .bss.flagRecoveryEAB
                0x000000002000040c        0x1 ./Core/Src/fungsi.o
                0x000000002000040c                flagRecoveryEAB
 .bss.cobaTask2
                0x000000002000040d        0x1 ./Core/Src/fungsi.o
                0x000000002000040d                cobaTask2
 .bss.cobaTaskTimer
                0x000000002000040e        0x1 ./Core/Src/fungsi.o
                0x000000002000040e                cobaTaskTimer
 *fill*         0x000000002000040f        0x1 
 .bss.dataCan   0x0000000020000410        0x8 ./Core/Src/fungsi.o
                0x0000000020000410                dataCan
 .bss.dataUart  0x0000000020000418        0xc ./Core/Src/fungsi.o
                0x0000000020000418                dataUart
 .bss.clean     0x0000000020000424        0x1 ./Core/Src/fungsi.o
                0x0000000020000424                clean
 *fill*         0x0000000020000425        0x3 
 .bss.timerEAB  0x0000000020000428        0x4 ./Core/Src/fungsi.o
                0x0000000020000428                timerEAB
 .bss.timerRecoveryEAB
                0x000000002000042c        0x4 ./Core/Src/fungsi.o
                0x000000002000042c                timerRecoveryEAB
 .bss.mode      0x0000000020000430        0x4 ./Core/Src/fungsi.o
                0x0000000020000430                mode
 .bss.lamaMampet
                0x0000000020000434        0x2 ./Core/Src/fungsi.o
                0x0000000020000434                lamaMampet
 .bss.countBackwash
                0x0000000020000436        0x2 ./Core/Src/fungsi.o
                0x0000000020000436                countBackwash
 .bss.countProcess
                0x0000000020000438        0x4 ./Core/Src/fungsi.o
                0x0000000020000438                countProcess
 .bss.lamaProcess
                0x000000002000043c        0x4 ./Core/Src/fungsi.o
                0x000000002000043c                lamaProcess
 .bss.lamaPakaiEAB
                0x0000000020000440        0x4 ./Core/Src/fungsi.o
                0x0000000020000440                lamaPakaiEAB
 .bss.flow      0x0000000020000444        0x4 ./Core/Src/fungsi.o
                0x0000000020000444                flow
 .bss.currentEAB
                0x0000000020000448        0x4 ./Core/Src/fungsi.o
                0x0000000020000448                currentEAB
 .bss.voltEAB   0x000000002000044c        0x4 ./Core/Src/fungsi.o
                0x000000002000044c                voltEAB
 .bss.signalCounter
                0x0000000020000450        0x4 ./Core/Src/fungsi.o
                0x0000000020000450                signalCounter
 .bss.hadc1     0x0000000020000454       0x30 ./Core/Src/main.o
                0x0000000020000454                hadc1
 .bss.hcan      0x0000000020000484       0x28 ./Core/Src/main.o
                0x0000000020000484                hcan
 .bss.hi2c1     0x00000000200004ac       0x54 ./Core/Src/main.o
                0x00000000200004ac                hi2c1
 .bss.htim2     0x0000000020000500       0x48 ./Core/Src/main.o
                0x0000000020000500                htim2
 .bss.htim3     0x0000000020000548       0x48 ./Core/Src/main.o
                0x0000000020000548                htim3
 .bss.huart1    0x0000000020000590       0x44 ./Core/Src/main.o
                0x0000000020000590                huart1
 .bss.defaultTaskHandle
                0x00000000200005d4        0x4 ./Core/Src/main.o
                0x00000000200005d4                defaultTaskHandle
 .bss.cobaTask1
                0x00000000200005d8        0x1 ./Core/Src/main.o
                0x00000000200005d8                cobaTask1
 *fill*         0x00000000200005d9        0x3 
 .bss.bufferCanTx
                0x00000000200005dc       0x20 ./Core/Src/sendData.o
                0x00000000200005dc                bufferCanTx
 .bss.htim4     0x00000000200005fc       0x48 ./Core/Src/stm32f1xx_hal_timebase_tim.o
                0x00000000200005fc                htim4
 .bss.uwTick    0x0000000020000644        0x4 ./Drivers/STM32F1xx_HAL_Driver/Src/stm32f1xx_hal.o
                0x0000000020000644                uwTick
 .bss.pxCurrentTCB
                0x0000000020000648        0x4 ./Middlewares/Third_Party/FreeRTOS/Source/tasks.o
                0x0000000020000648                pxCurrentTCB
 .bss.pxReadyTasksLists
                0x000000002000064c       0x8c ./Middlewares/Third_Party/FreeRTOS/Source/tasks.o
 .bss.xDelayedTaskList1
                0x00000000200006d8       0x14 ./Middlewares/Third_Party/FreeRTOS/Source/tasks.o
 .bss.xDelayedTaskList2
                0x00000000200006ec       0x14 ./Middlewares/Third_Party/FreeRTOS/Source/tasks.o
 .bss.pxDelayedTaskList
                0x0000000020000700        0x4 ./Middlewares/Third_Party/FreeRTOS/Source/tasks.o
 .bss.pxOverflowDelayedTaskList
                0x0000000020000704        0x4 ./Middlewares/Third_Party/FreeRTOS/Source/tasks.o
 .bss.xPendingReadyList
                0x0000000020000708       0x14 ./Middlewares/Third_Party/FreeRTOS/Source/tasks.o
 .bss.xTasksWaitingTermination
                0x000000002000071c       0x14 ./Middlewares/Third_Party/FreeRTOS/Source/tasks.o
 .bss.uxDeletedTasksWaitingCleanUp
                0x0000000020000730        0x4 ./Middlewares/Third_Party/FreeRTOS/Source/tasks.o
 .bss.xSuspendedTaskList
                0x0000000020000734       0x14 ./Middlewares/Third_Party/FreeRTOS/Source/tasks.o
 .bss.uxCurrentNumberOfTasks
                0x0000000020000748        0x4 ./Middlewares/Third_Party/FreeRTOS/Source/tasks.o
 .bss.xTickCount
                0x000000002000074c        0x4 ./Middlewares/Third_Party/FreeRTOS/Source/tasks.o
 .bss.uxTopReadyPriority
                0x0000000020000750        0x4 ./Middlewares/Third_Party/FreeRTOS/Source/tasks.o
 .bss.xSchedulerRunning
                0x0000000020000754        0x4 ./Middlewares/Third_Party/FreeRTOS/Source/tasks.o
 .bss.uxPendedTicks
                0x0000000020000758        0x4 ./Middlewares/Third_Party/FreeRTOS/Source/tasks.o
 .bss.xYieldPending
                0x000000002000075c        0x4 ./Middlewares/Third_Party/FreeRTOS/Source/tasks.o
 .bss.xNumOfOverflows
                0x0000000020000760        0x4 ./Middlewares/Third_Party/FreeRTOS/Source/tasks.o
 .bss.uxTaskNumber
                0x0000000020000764        0x4 ./Middlewares/Third_Party/FreeRTOS/Source/tasks.o
 .bss.xNextTaskUnblockTime
                0x0000000020000768        0x4 ./Middlewares/Third_Party/FreeRTOS/Source/tasks.o
 .bss.xIdleTaskHandle
                0x000000002000076c        0x4 ./Middlewares/Third_Party/FreeRTOS/Source/tasks.o
 .bss.uxSchedulerSuspended
                0x0000000020000770        0x4 ./Middlewares/Third_Party/FreeRTOS/Source/tasks.o
 .bss.ucMaxSysCallPriority
                0x0000000020000774        0x1 ./Middlewares/Third_Party/FreeRTOS/Source/portable/GCC/ARM_CM3/port.o
 *fill*         0x0000000020000775        0x3 
 .bss.ulMaxPRIGROUPValue
                0x0000000020000778        0x4 ./Middlewares/Third_Party/FreeRTOS/Source/portable/GCC/ARM_CM3/port.o
 .bss.ucHeap    0x000000002000077c      0xc00 ./Middlewares/Third_Party/FreeRTOS/Source/portable/MemMang/heap_4.o
 .bss.xStart    0x000000002000137c        0x8 ./Middlewares/Third_Party/FreeRTOS/Source/portable/MemMang/heap_4.o
 .bss.pxEnd     0x0000000020001384        0x4 ./Middlewares/Third_Party/FreeRTOS/Source/portable/MemMang/heap_4.o
 .bss.xFreeBytesRemaining
                0x0000000020001388        0x4 ./Middlewares/Third_Party/FreeRTOS/Source/portable/MemMang/heap_4.o
 .bss.xMinimumEverFreeBytesRemaining
                0x000000002000138c        0x4 ./Middlewares/Third_Party/FreeRTOS/Source/portable/MemMang/heap_4.o
 .bss.xBlockAllocatedBit
                0x0000000020001390        0x4 ./Middlewares/Third_Party/FreeRTOS/Source/portable/MemMang/heap_4.o
 .bss.__lock___malloc_recursive_mutex
                0x0000000020001394        0x1 c:/st/stm32cubeide_1.8.0/stm32cubeide/plugins/com.st.stm32cube.ide.mcu.externaltools.gnu-tools-for-stm32.10.3-2021.10.win32_1.0.0.202111181127/tools/bin/../lib/gcc/arm-none-eabi/10.3.1/../../../../arm-none-eabi/lib/thumb/v7-m/nofp\libc_nano.a(lib_a-lock.o)
                0x0000000020001394                __lock___malloc_recursive_mutex
 *fill*         0x0000000020001395        0x3 
 .bss.__malloc_free_list
                0x0000000020001398        0x4 c:/st/stm32cubeide_1.8.0/stm32cubeide/plugins/com.st.stm32cube.ide.mcu.externaltools.gnu-tools-for-stm32.10.3-2021.10.win32_1.0.0.202111181127/tools/bin/../lib/gcc/arm-none-eabi/10.3.1/../../../../arm-none-eabi/lib/thumb/v7-m/nofp\libc_nano.a(lib_a-nano-mallocr.o)
                0x0000000020001398                __malloc_free_list
 *(COMMON)
                0x000000002000139c                . = ALIGN (0x4)
                0x000000002000139c                _ebss = .
                0x000000002000139c                __bss_end__ = _ebss

._user_heap_stack
                0x000000002000139c      0x604 load address 0x0000000008008708
                0x00000000200013a0                . = ALIGN (0x8)
 *fill*         0x000000002000139c        0x4 
                [!provide]                        PROVIDE (end = .)
                0x00000000200013a0                PROVIDE (_end = .)
                0x00000000200015a0                . = (. + _Min_Heap_Size)
 *fill*         0x00000000200013a0      0x200 
                0x00000000200019a0                . = (. + _Min_Stack_Size)
 *fill*         0x00000000200015a0      0x400 
                0x00000000200019a0                . = ALIGN (0x8)

/DISCARD/
 libc.a(*)
 libm.a(*)
 libgcc.a(*)

.ARM.attributes
                0x0000000000000000       0x29
 *(.ARM.attributes)
 .ARM.attributes
                0x0000000000000000       0x1d c:/st/stm32cubeide_1.8.0/stm32cubeide/plugins/com.st.stm32cube.ide.mcu.externaltools.gnu-tools-for-stm32.10.3-2021.10.win32_1.0.0.202111181127/tools/bin/../lib/gcc/arm-none-eabi/10.3.1/thumb/v7-m/nofp/crti.o
 .ARM.attributes
                0x000000000000001d       0x2d c:/st/stm32cubeide_1.8.0/stm32cubeide/plugins/com.st.stm32cube.ide.mcu.externaltools.gnu-tools-for-stm32.10.3-2021.10.win32_1.0.0.202111181127/tools/bin/../lib/gcc/arm-none-eabi/10.3.1/thumb/v7-m/nofp/crtbegin.o
 .ARM.attributes
                0x000000000000004a       0x2d ./Core/Src/EEPROM.o
 .ARM.attributes
                0x0000000000000077       0x2d ./Core/Src/HC04.o
 .ARM.attributes
                0x00000000000000a4       0x2d ./Core/Src/com_can.o
 .ARM.attributes
                0x00000000000000d1       0x2d ./Core/Src/freertos.o
 .ARM.attributes
                0x00000000000000fe       0x2d ./Core/Src/fungsi.o
 .ARM.attributes
                0x000000000000012b       0x2d ./Core/Src/gpio.o
 .ARM.attributes
                0x0000000000000158       0x2d ./Core/Src/main.o
 .ARM.attributes
                0x0000000000000185       0x2d ./Core/Src/sendData.o
 .ARM.attributes
                0x00000000000001b2       0x2d ./Core/Src/stm32f1xx_hal_msp.o
 .ARM.attributes
                0x00000000000001df       0x2d ./Core/Src/stm32f1xx_hal_timebase_tim.o
 .ARM.attributes
                0x000000000000020c       0x2d ./Core/Src/stm32f1xx_it.o
 .ARM.attributes
                0x0000000000000239       0x2d ./Core/Src/system_stm32f1xx.o
 .ARM.attributes
                0x0000000000000266       0x21 ./Core/Startup/startup_stm32f103c8tx.o
 .ARM.attributes
                0x0000000000000287       0x2d ./Drivers/STM32F1xx_HAL_Driver/Src/stm32f1xx_hal.o
 .ARM.attributes
                0x00000000000002b4       0x2d ./Drivers/STM32F1xx_HAL_Driver/Src/stm32f1xx_hal_adc.o
 .ARM.attributes
                0x00000000000002e1       0x2d ./Drivers/STM32F1xx_HAL_Driver/Src/stm32f1xx_hal_can.o
 .ARM.attributes
                0x000000000000030e       0x2d ./Drivers/STM32F1xx_HAL_Driver/Src/stm32f1xx_hal_cortex.o
 .ARM.attributes
                0x000000000000033b       0x2d ./Drivers/STM32F1xx_HAL_Driver/Src/stm32f1xx_hal_gpio.o
 .ARM.attributes
                0x0000000000000368       0x2d ./Drivers/STM32F1xx_HAL_Driver/Src/stm32f1xx_hal_i2c.o
 .ARM.attributes
                0x0000000000000395       0x2d ./Drivers/STM32F1xx_HAL_Driver/Src/stm32f1xx_hal_rcc.o
 .ARM.attributes
                0x00000000000003c2       0x2d ./Drivers/STM32F1xx_HAL_Driver/Src/stm32f1xx_hal_rcc_ex.o
 .ARM.attributes
                0x00000000000003ef       0x2d ./Drivers/STM32F1xx_HAL_Driver/Src/stm32f1xx_hal_tim.o
 .ARM.attributes
                0x000000000000041c       0x2d ./Drivers/STM32F1xx_HAL_Driver/Src/stm32f1xx_hal_tim_ex.o
 .ARM.attributes
                0x0000000000000449       0x2d ./Drivers/STM32F1xx_HAL_Driver/Src/stm32f1xx_hal_uart.o
 .ARM.attributes
                0x0000000000000476       0x2d ./Middlewares/Third_Party/FreeRTOS/Source/CMSIS_RTOS/cmsis_os.o
 .ARM.attributes
                0x00000000000004a3       0x2d ./Middlewares/Third_Party/FreeRTOS/Source/list.o
 .ARM.attributes
                0x00000000000004d0       0x2d ./Middlewares/Third_Party/FreeRTOS/Source/tasks.o
 .ARM.attributes
                0x00000000000004fd       0x2d ./Middlewares/Third_Party/FreeRTOS/Source/portable/GCC/ARM_CM3/port.o
 .ARM.attributes
                0x000000000000052a       0x2d ./Middlewares/Third_Party/FreeRTOS/Source/portable/MemMang/heap_4.o
 .ARM.attributes
                0x0000000000000557       0x2d c:/st/stm32cubeide_1.8.0/stm32cubeide/plugins/com.st.stm32cube.ide.mcu.externaltools.gnu-tools-for-stm32.10.3-2021.10.win32_1.0.0.202111181127/tools/bin/../lib/gcc/arm-none-eabi/10.3.1/../../../../arm-none-eabi/lib/thumb/v7-m/nofp\libc_nano.a(lib_a-findfp.o)
 .ARM.attributes
                0x0000000000000584       0x2d c:/st/stm32cubeide_1.8.0/stm32cubeide/plugins/com.st.stm32cube.ide.mcu.externaltools.gnu-tools-for-stm32.10.3-2021.10.win32_1.0.0.202111181127/tools/bin/../lib/gcc/arm-none-eabi/10.3.1/../../../../arm-none-eabi/lib/thumb/v7-m/nofp\libc_nano.a(lib_a-impure.o)
 .ARM.attributes
                0x00000000000005b1       0x2d c:/st/stm32cubeide_1.8.0/stm32cubeide/plugins/com.st.stm32cube.ide.mcu.externaltools.gnu-tools-for-stm32.10.3-2021.10.win32_1.0.0.202111181127/tools/bin/../lib/gcc/arm-none-eabi/10.3.1/../../../../arm-none-eabi/lib/thumb/v7-m/nofp\libc_nano.a(lib_a-init.o)
 .ARM.attributes
                0x00000000000005de       0x2d c:/st/stm32cubeide_1.8.0/stm32cubeide/plugins/com.st.stm32cube.ide.mcu.externaltools.gnu-tools-for-stm32.10.3-2021.10.win32_1.0.0.202111181127/tools/bin/../lib/gcc/arm-none-eabi/10.3.1/../../../../arm-none-eabi/lib/thumb/v7-m/nofp\libc_nano.a(lib_a-lock.o)
 .ARM.attributes
                0x000000000000060b       0x2d c:/st/stm32cubeide_1.8.0/stm32cubeide/plugins/com.st.stm32cube.ide.mcu.externaltools.gnu-tools-for-stm32.10.3-2021.10.win32_1.0.0.202111181127/tools/bin/../lib/gcc/arm-none-eabi/10.3.1/../../../../arm-none-eabi/lib/thumb/v7-m/nofp\libc_nano.a(lib_a-memcpy-stub.o)
 .ARM.attributes
                0x0000000000000638       0x2d c:/st/stm32cubeide_1.8.0/stm32cubeide/plugins/com.st.stm32cube.ide.mcu.externaltools.gnu-tools-for-stm32.10.3-2021.10.win32_1.0.0.202111181127/tools/bin/../lib/gcc/arm-none-eabi/10.3.1/../../../../arm-none-eabi/lib/thumb/v7-m/nofp\libc_nano.a(lib_a-memset.o)
 .ARM.attributes
                0x0000000000000665       0x2d c:/st/stm32cubeide_1.8.0/stm32cubeide/plugins/com.st.stm32cube.ide.mcu.externaltools.gnu-tools-for-stm32.10.3-2021.10.win32_1.0.0.202111181127/tools/bin/../lib/gcc/arm-none-eabi/10.3.1/../../../../arm-none-eabi/lib/thumb/v7-m/nofp\libc_nano.a(lib_a-nano-mallocr.o)
 .ARM.attributes
                0x0000000000000692       0x2d c:/st/stm32cubeide_1.8.0/stm32cubeide/plugins/com.st.stm32cube.ide.mcu.externaltools.gnu-tools-for-stm32.10.3-2021.10.win32_1.0.0.202111181127/tools/bin/../lib/gcc/arm-none-eabi/10.3.1/../../../../arm-none-eabi/lib/thumb/v7-m/nofp\libc_nano.a(lib_a-reent.o)
 .ARM.attributes
                0x00000000000006bf       0x2d c:/st/stm32cubeide_1.8.0/stm32cubeide/plugins/com.st.stm32cube.ide.mcu.externaltools.gnu-tools-for-stm32.10.3-2021.10.win32_1.0.0.202111181127/tools/bin/../lib/gcc/arm-none-eabi/10.3.1/../../../../arm-none-eabi/lib/thumb/v7-m/nofp\libc_nano.a(lib_a-mlock.o)
 .ARM.attributes
                0x00000000000006ec       0x2d c:/st/stm32cubeide_1.8.0/stm32cubeide/plugins/com.st.stm32cube.ide.mcu.externaltools.gnu-tools-for-stm32.10.3-2021.10.win32_1.0.0.202111181127/tools/bin/../lib/gcc/arm-none-eabi/10.3.1/../../../../arm-none-eabi/lib/thumb/v7-m/nofp\libc_nano.a(lib_a-nano-freer.o)
 .ARM.attributes
                0x0000000000000719       0x1d c:/st/stm32cubeide_1.8.0/stm32cubeide/plugins/com.st.stm32cube.ide.mcu.externaltools.gnu-tools-for-stm32.10.3-2021.10.win32_1.0.0.202111181127/tools/bin/../lib/gcc/arm-none-eabi/10.3.1/thumb/v7-m/nofp\libgcc.a(_arm_mulsf3.o)
 .ARM.attributes
                0x0000000000000736       0x1d c:/st/stm32cubeide_1.8.0/stm32cubeide/plugins/com.st.stm32cube.ide.mcu.externaltools.gnu-tools-for-stm32.10.3-2021.10.win32_1.0.0.202111181127/tools/bin/../lib/gcc/arm-none-eabi/10.3.1/thumb/v7-m/nofp\libgcc.a(_arm_addsubdf3.o)
 .ARM.attributes
                0x0000000000000753       0x1d c:/st/stm32cubeide_1.8.0/stm32cubeide/plugins/com.st.stm32cube.ide.mcu.externaltools.gnu-tools-for-stm32.10.3-2021.10.win32_1.0.0.202111181127/tools/bin/../lib/gcc/arm-none-eabi/10.3.1/thumb/v7-m/nofp\libgcc.a(_arm_muldivdf3.o)
 .ARM.attributes
                0x0000000000000770       0x1d c:/st/stm32cubeide_1.8.0/stm32cubeide/plugins/com.st.stm32cube.ide.mcu.externaltools.gnu-tools-for-stm32.10.3-2021.10.win32_1.0.0.202111181127/tools/bin/../lib/gcc/arm-none-eabi/10.3.1/thumb/v7-m/nofp\libgcc.a(_arm_fixdfsi.o)
 .ARM.attributes
                0x000000000000078d       0x1d c:/st/stm32cubeide_1.8.0/stm32cubeide/plugins/com.st.stm32cube.ide.mcu.externaltools.gnu-tools-for-stm32.10.3-2021.10.win32_1.0.0.202111181127/tools/bin/../lib/gcc/arm-none-eabi/10.3.1/thumb/v7-m/nofp\libgcc.a(_arm_truncdfsf2.o)
 .ARM.attributes
                0x00000000000007aa       0x1d c:/st/stm32cubeide_1.8.0/stm32cubeide/plugins/com.st.stm32cube.ide.mcu.externaltools.gnu-tools-for-stm32.10.3-2021.10.win32_1.0.0.202111181127/tools/bin/../lib/gcc/arm-none-eabi/10.3.1/thumb/v7-m/nofp\libgcc.a(_arm_addsubsf3.o)
 .ARM.attributes
                0x00000000000007c7       0x1d c:/st/stm32cubeide_1.8.0/stm32cubeide/plugins/com.st.stm32cube.ide.mcu.externaltools.gnu-tools-for-stm32.10.3-2021.10.win32_1.0.0.202111181127/tools/bin/../lib/gcc/arm-none-eabi/10.3.1/thumb/v7-m/nofp\libgcc.a(_arm_cmpsf2.o)
 .ARM.attributes
                0x00000000000007e4       0x1d c:/st/stm32cubeide_1.8.0/stm32cubeide/plugins/com.st.stm32cube.ide.mcu.externaltools.gnu-tools-for-stm32.10.3-2021.10.win32_1.0.0.202111181127/tools/bin/../lib/gcc/arm-none-eabi/10.3.1/thumb/v7-m/nofp\libgcc.a(_arm_fixunssfsi.o)
 .ARM.attributes
                0x0000000000000801       0x1d c:/st/stm32cubeide_1.8.0/stm32cubeide/plugins/com.st.stm32cube.ide.mcu.externaltools.gnu-tools-for-stm32.10.3-2021.10.win32_1.0.0.202111181127/tools/bin/../lib/gcc/arm-none-eabi/10.3.1/thumb/v7-m/nofp/crtn.o
OUTPUT(wtp_militer.elf elf32-littlearm)
LOAD linker stubs
LOAD c:/st/stm32cubeide_1.8.0/stm32cubeide/plugins/com.st.stm32cube.ide.mcu.externaltools.gnu-tools-for-stm32.10.3-2021.10.win32_1.0.0.202111181127/tools/bin/../lib/gcc/arm-none-eabi/10.3.1/../../../../arm-none-eabi/lib/thumb/v7-m/nofp\libc.a
LOAD c:/st/stm32cubeide_1.8.0/stm32cubeide/plugins/com.st.stm32cube.ide.mcu.externaltools.gnu-tools-for-stm32.10.3-2021.10.win32_1.0.0.202111181127/tools/bin/../lib/gcc/arm-none-eabi/10.3.1/../../../../arm-none-eabi/lib/thumb/v7-m/nofp\libm.a
LOAD c:/st/stm32cubeide_1.8.0/stm32cubeide/plugins/com.st.stm32cube.ide.mcu.externaltools.gnu-tools-for-stm32.10.3-2021.10.win32_1.0.0.202111181127/tools/bin/../lib/gcc/arm-none-eabi/10.3.1/thumb/v7-m/nofp\libgcc.a

.debug_info     0x0000000000000000    0x1ab37
 .debug_info    0x0000000000000000      0xaa4 ./Core/Src/EEPROM.o
 .debug_info    0x0000000000000aa4      0x7ea ./Core/Src/HC04.o
 .debug_info    0x000000000000128e      0xa61 ./Core/Src/com_can.o
 .debug_info    0x0000000000001cef      0x9b6 ./Core/Src/freertos.o
 .debug_info    0x00000000000026a5     0x1979 ./Core/Src/fungsi.o
 .debug_info    0x000000000000401e      0x4e1 ./Core/Src/gpio.o
 .debug_info    0x00000000000044ff     0x24ff ./Core/Src/main.o
 .debug_info    0x00000000000069fe      0x112 ./Core/Src/sendData.o
 .debug_info    0x0000000000006b10     0x1849 ./Core/Src/stm32f1xx_hal_msp.o
 .debug_info    0x0000000000008359      0x9f8 ./Core/Src/stm32f1xx_hal_timebase_tim.o
 .debug_info    0x0000000000008d51      0xad0 ./Core/Src/stm32f1xx_it.o
 .debug_info    0x0000000000009821      0x23d ./Core/Src/system_stm32f1xx.o
 .debug_info    0x0000000000009a5e       0x22 ./Core/Startup/startup_stm32f103c8tx.o
 .debug_info    0x0000000000009a80      0x734 ./Drivers/STM32F1xx_HAL_Driver/Src/stm32f1xx_hal.o
 .debug_info    0x000000000000a1b4      0xcd9 ./Drivers/STM32F1xx_HAL_Driver/Src/stm32f1xx_hal_adc.o
 .debug_info    0x000000000000ae8d      0xfb8 ./Drivers/STM32F1xx_HAL_Driver/Src/stm32f1xx_hal_can.o
 .debug_info    0x000000000000be45      0xb20 ./Drivers/STM32F1xx_HAL_Driver/Src/stm32f1xx_hal_cortex.o
 .debug_info    0x000000000000c965      0x615 ./Drivers/STM32F1xx_HAL_Driver/Src/stm32f1xx_hal_gpio.o
 .debug_info    0x000000000000cf7a     0x2734 ./Drivers/STM32F1xx_HAL_Driver/Src/stm32f1xx_hal_i2c.o
 .debug_info    0x000000000000f6ae      0x860 ./Drivers/STM32F1xx_HAL_Driver/Src/stm32f1xx_hal_rcc.o
 .debug_info    0x000000000000ff0e      0x3e0 ./Drivers/STM32F1xx_HAL_Driver/Src/stm32f1xx_hal_rcc_ex.o
 .debug_info    0x00000000000102ee     0x29de ./Drivers/STM32F1xx_HAL_Driver/Src/stm32f1xx_hal_tim.o
 .debug_info    0x0000000000012ccc     0x1513 ./Drivers/STM32F1xx_HAL_Driver/Src/stm32f1xx_hal_tim_ex.o
 .debug_info    0x00000000000141df     0x15d8 ./Drivers/STM32F1xx_HAL_Driver/Src/stm32f1xx_hal_uart.o
 .debug_info    0x00000000000157b7     0x232c ./Middlewares/Third_Party/FreeRTOS/Source/CMSIS_RTOS/cmsis_os.o
 .debug_info    0x0000000000017ae3      0x2cb ./Middlewares/Third_Party/FreeRTOS/Source/list.o
 .debug_info    0x0000000000017dae     0x24ea ./Middlewares/Third_Party/FreeRTOS/Source/tasks.o
 .debug_info    0x000000000001a298      0x4b7 ./Middlewares/Third_Party/FreeRTOS/Source/portable/GCC/ARM_CM3/port.o
 .debug_info    0x000000000001a74f      0x3e8 ./Middlewares/Third_Party/FreeRTOS/Source/portable/MemMang/heap_4.o

.debug_abbrev   0x0000000000000000     0x3dbd
 .debug_abbrev  0x0000000000000000      0x264 ./Core/Src/EEPROM.o
 .debug_abbrev  0x0000000000000264      0x1d9 ./Core/Src/HC04.o
 .debug_abbrev  0x000000000000043d      0x254 ./Core/Src/com_can.o
 .debug_abbrev  0x0000000000000691      0x169 ./Core/Src/freertos.o
 .debug_abbrev  0x00000000000007fa      0x308 ./Core/Src/fungsi.o
 .debug_abbrev  0x0000000000000b02      0x1a2 ./Core/Src/gpio.o
 .debug_abbrev  0x0000000000000ca4      0x381 ./Core/Src/main.o
 .debug_abbrev  0x0000000000001025       0x8e ./Core/Src/sendData.o
 .debug_abbrev  0x00000000000010b3      0x245 ./Core/Src/stm32f1xx_hal_msp.o
 .debug_abbrev  0x00000000000012f8      0x1e6 ./Core/Src/stm32f1xx_hal_timebase_tim.o
 .debug_abbrev  0x00000000000014de      0x1c4 ./Core/Src/stm32f1xx_it.o
 .debug_abbrev  0x00000000000016a2      0x13b ./Core/Src/system_stm32f1xx.o
 .debug_abbrev  0x00000000000017dd       0x12 ./Core/Startup/startup_stm32f103c8tx.o
 .debug_abbrev  0x00000000000017ef      0x1fb ./Drivers/STM32F1xx_HAL_Driver/Src/stm32f1xx_hal.o
 .debug_abbrev  0x00000000000019ea      0x210 ./Drivers/STM32F1xx_HAL_Driver/Src/stm32f1xx_hal_adc.o
 .debug_abbrev  0x0000000000001bfa      0x21d ./Drivers/STM32F1xx_HAL_Driver/Src/stm32f1xx_hal_can.o
 .debug_abbrev  0x0000000000001e17      0x2ed ./Drivers/STM32F1xx_HAL_Driver/Src/stm32f1xx_hal_cortex.o
 .debug_abbrev  0x0000000000002104      0x1bb ./Drivers/STM32F1xx_HAL_Driver/Src/stm32f1xx_hal_gpio.o
 .debug_abbrev  0x00000000000022bf      0x288 ./Drivers/STM32F1xx_HAL_Driver/Src/stm32f1xx_hal_i2c.o
 .debug_abbrev  0x0000000000002547      0x2a8 ./Drivers/STM32F1xx_HAL_Driver/Src/stm32f1xx_hal_rcc.o
 .debug_abbrev  0x00000000000027ef      0x182 ./Drivers/STM32F1xx_HAL_Driver/Src/stm32f1xx_hal_rcc_ex.o
 .debug_abbrev  0x0000000000002971      0x25d ./Drivers/STM32F1xx_HAL_Driver/Src/stm32f1xx_hal_tim.o
 .debug_abbrev  0x0000000000002bce      0x265 ./Drivers/STM32F1xx_HAL_Driver/Src/stm32f1xx_hal_tim_ex.o
 .debug_abbrev  0x0000000000002e33      0x278 ./Drivers/STM32F1xx_HAL_Driver/Src/stm32f1xx_hal_uart.o
 .debug_abbrev  0x00000000000030ab      0x406 ./Middlewares/Third_Party/FreeRTOS/Source/CMSIS_RTOS/cmsis_os.o
 .debug_abbrev  0x00000000000034b1       0xf2 ./Middlewares/Third_Party/FreeRTOS/Source/list.o
 .debug_abbrev  0x00000000000035a3      0x3c4 ./Middlewares/Third_Party/FreeRTOS/Source/tasks.o
 .debug_abbrev  0x0000000000003967      0x257 ./Middlewares/Third_Party/FreeRTOS/Source/portable/GCC/ARM_CM3/port.o
 .debug_abbrev  0x0000000000003bbe      0x1ff ./Middlewares/Third_Party/FreeRTOS/Source/portable/MemMang/heap_4.o

.debug_aranges  0x0000000000000000     0x1798
 .debug_aranges
                0x0000000000000000       0x58 ./Core/Src/EEPROM.o
 .debug_aranges
                0x0000000000000058       0x30 ./Core/Src/HC04.o
 .debug_aranges
                0x0000000000000088       0x58 ./Core/Src/com_can.o
 .debug_aranges
                0x00000000000000e0       0x20 ./Core/Src/freertos.o
 .debug_aranges
                0x0000000000000100       0xb8 ./Core/Src/fungsi.o
 .debug_aranges
                0x00000000000001b8       0x78 ./Core/Src/gpio.o
 .debug_aranges
                0x0000000000000230       0x78 ./Core/Src/main.o
 .debug_aranges
                0x00000000000002a8       0x20 ./Core/Src/sendData.o
 .debug_aranges
                0x00000000000002c8       0x70 ./Core/Src/stm32f1xx_hal_msp.o
 .debug_aranges
                0x0000000000000338       0x30 ./Core/Src/stm32f1xx_hal_timebase_tim.o
 .debug_aranges
                0x0000000000000368       0x60 ./Core/Src/stm32f1xx_it.o
 .debug_aranges
                0x00000000000003c8       0x28 ./Core/Src/system_stm32f1xx.o
 .debug_aranges
                0x00000000000003f0       0x28 ./Core/Startup/startup_stm32f103c8tx.o
 .debug_aranges
                0x0000000000000418       0xe0 ./Drivers/STM32F1xx_HAL_Driver/Src/stm32f1xx_hal.o
 .debug_aranges
                0x00000000000004f8       0xf0 ./Drivers/STM32F1xx_HAL_Driver/Src/stm32f1xx_hal_adc.o
 .debug_aranges
                0x00000000000005e8      0x138 ./Drivers/STM32F1xx_HAL_Driver/Src/stm32f1xx_hal_can.o
 .debug_aranges
                0x0000000000000720      0x100 ./Drivers/STM32F1xx_HAL_Driver/Src/stm32f1xx_hal_cortex.o
 .debug_aranges
                0x0000000000000820       0x58 ./Drivers/STM32F1xx_HAL_Driver/Src/stm32f1xx_hal_gpio.o
 .debug_aranges
                0x0000000000000878      0x2a0 ./Drivers/STM32F1xx_HAL_Driver/Src/stm32f1xx_hal_i2c.o
 .debug_aranges
                0x0000000000000b18       0x90 ./Drivers/STM32F1xx_HAL_Driver/Src/stm32f1xx_hal_rcc.o
 .debug_aranges
                0x0000000000000ba8       0x30 ./Drivers/STM32F1xx_HAL_Driver/Src/stm32f1xx_hal_rcc_ex.o
 .debug_aranges
                0x0000000000000bd8      0x3d0 ./Drivers/STM32F1xx_HAL_Driver/Src/stm32f1xx_hal_tim.o
 .debug_aranges
                0x0000000000000fa8      0x168 ./Drivers/STM32F1xx_HAL_Driver/Src/stm32f1xx_hal_tim_ex.o
 .debug_aranges
                0x0000000000001110      0x200 ./Drivers/STM32F1xx_HAL_Driver/Src/stm32f1xx_hal_uart.o
 .debug_aranges
                0x0000000000001310      0x1d8 ./Middlewares/Third_Party/FreeRTOS/Source/CMSIS_RTOS/cmsis_os.o
 .debug_aranges
                0x00000000000014e8       0x40 ./Middlewares/Third_Party/FreeRTOS/Source/list.o
 .debug_aranges
                0x0000000000001528      0x1a8 ./Middlewares/Third_Party/FreeRTOS/Source/tasks.o
 .debug_aranges
                0x00000000000016d0       0x78 ./Middlewares/Third_Party/FreeRTOS/Source/portable/GCC/ARM_CM3/port.o
 .debug_aranges
                0x0000000000001748       0x50 ./Middlewares/Third_Party/FreeRTOS/Source/portable/MemMang/heap_4.o

.debug_ranges   0x0000000000000000     0x1688
 .debug_ranges  0x0000000000000000       0x48 ./Core/Src/EEPROM.o
 .debug_ranges  0x0000000000000048       0x20 ./Core/Src/HC04.o
 .debug_ranges  0x0000000000000068       0xa8 ./Core/Src/com_can.o
 .debug_ranges  0x0000000000000110       0x10 ./Core/Src/freertos.o
 .debug_ranges  0x0000000000000120       0xa8 ./Core/Src/fungsi.o