Archive member included to satisfy reference by file (symbol)

c:/st/stm32cubeide_1.8.0/stm32cubeide/plugins/com.st.stm32cube.ide.mcu.externaltools.gnu-tools-for-stm32.10.3-2021.10.win32_1.0.0.202111181127/tools/bin/../lib/gcc/arm-none-eabi/10.3.1/../../../../arm-none-eabi/lib/thumb/v7-m/nofp\libc_nano.a(lib_a-errno.o)
                              ./Core/Src/syscalls.o (__errno)
c:/st/stm32cubeide_1.8.0/stm32cubeide/plugins/com.st.stm32cube.ide.mcu.externaltools.gnu-tools-for-stm32.10.3-2021.10.win32_1.0.0.202111181127/tools/bin/../lib/gcc/arm-none-eabi/10.3.1/../../../../arm-none-eabi/lib/thumb/v7-m/nofp\libc_nano.a(lib_a-exit.o)
                              c:/st/stm32cubeide_1.8.0/stm32cubeide/plugins/com.st.stm32cube.ide.mcu.externaltools.gnu-tools-for-stm32.10.3-2021.10.win32_1.0.0.202111181127/tools/bin/../lib/gcc/arm-none-eabi/10.3.1/../../../../arm-none-eabi/lib/thumb/v7-m/nofp/crt0.o (exit)
c:/st/stm32cubeide_1.8.0/stm32cubeide/plugins/com.st.stm32cube.ide.mcu.externaltools.gnu-tools-for-stm32.10.3-2021.10.win32_1.0.0.202111181127/tools/bin/../lib/gcc/arm-none-eabi/10.3.1/../../../../arm-none-eabi/lib/thumb/v7-m/nofp\libc_nano.a(lib_a-findfp.o)
                              ./Middlewares/Third_Party/FreeRTOS/Source/tasks.o (__sf_fake_stderr)
c:/st/stm32cubeide_1.8.0/stm32cubeide/plugins/com.st.stm32cube.ide.mcu.externaltools.gnu-tools-for-stm32.10.3-2021.10.win32_1.0.0.202111181127/tools/bin/../lib/gcc/arm-none-eabi/10.3.1/../../../../arm-none-eabi/lib/thumb/v7-m/nofp\libc_nano.a(lib_a-fwalk.o)
                              c:/st/stm32cubeide_1.8.0/stm32cubeide/plugins/com.st.stm32cube.ide.mcu.externaltools.gnu-tools-for-stm32.10.3-2021.10.win32_1.0.0.202111181127/tools/bin/../lib/gcc/arm-none-eabi/10.3.1/../../../../arm-none-eabi/lib/thumb/v7-m/nofp\libc_nano.a(lib_a-findfp.o) (_fwalk)
c:/st/stm32cubeide_1.8.0/stm32cubeide/plugins/com.st.stm32cube.ide.mcu.externaltools.gnu-tools-for-stm32.10.3-2021.10.win32_1.0.0.202111181127/tools/bin/../lib/gcc/arm-none-eabi/10.3.1/../../../../arm-none-eabi/lib/thumb/v7-m/nofp\libc_nano.a(lib_a-impure.o)
                              c:/st/stm32cubeide_1.8.0/stm32cubeide/plugins/com.st.stm32cube.ide.mcu.externaltools.gnu-tools-for-stm32.10.3-2021.10.win32_1.0.0.202111181127/tools/bin/../lib/gcc/arm-none-eabi/10.3.1/../../../../arm-none-eabi/lib/thumb/v7-m/nofp\libc_nano.a(lib_a-exit.o) (_global_impure_ptr)
c:/st/stm32cubeide_1.8.0/stm32cubeide/plugins/com.st.stm32cube.ide.mcu.externaltools.gnu-tools-for-stm32.10.3-2021.10.win32_1.0.0.202111181127/tools/bin/../lib/gcc/arm-none-eabi/10.3.1/../../../../arm-none-eabi/lib/thumb/v7-m/nofp\libc_nano.a(lib_a-init.o)
                              c:/st/stm32cubeide_1.8.0/stm32cubeide/plugins/com.st.stm32cube.ide.mcu.externaltools.gnu-tools-for-stm32.10.3-2021.10.win32_1.0.0.202111181127/tools/bin/../lib/gcc/arm-none-eabi/10.3.1/../../../../arm-none-eabi/lib/thumb/v7-m/nofp/crt0.o (__libc_init_array)
c:/st/stm32cubeide_1.8.0/stm32cubeide/plugins/com.st.stm32cube.ide.mcu.externaltools.gnu-tools-for-stm32.10.3-2021.10.win32_1.0.0.202111181127/tools/bin/../lib/gcc/arm-none-eabi/10.3.1/../../../../arm-none-eabi/lib/thumb/v7-m/nofp\libc_nano.a(lib_a-lock.o)
                              c:/st/stm32cubeide_1.8.0/stm32cubeide/plugins/com.st.stm32cube.ide.mcu.externaltools.gnu-tools-for-stm32.10.3-2021.10.win32_1.0.0.202111181127/tools/bin/../lib/gcc/arm-none-eabi/10.3.1/../../../../arm-none-eabi/lib/thumb/v7-m/nofp\libc_nano.a(lib_a-findfp.o) (__retarget_lock_init_recursive)
c:/st/stm32cubeide_1.8.0/stm32cubeide/plugins/com.st.stm32cube.ide.mcu.externaltools.gnu-tools-for-stm32.10.3-2021.10.win32_1.0.0.202111181127/tools/bin/../lib/gcc/arm-none-eabi/10.3.1/../../../../arm-none-eabi/lib/thumb/v7-m/nofp\libc_nano.a(lib_a-memcpy-stub.o)
                              ./Core/Src/com_can.o (memcpy)
c:/st/stm32cubeide_1.8.0/stm32cubeide/plugins/com.st.stm32cube.ide.mcu.externaltools.gnu-tools-for-stm32.10.3-2021.10.win32_1.0.0.202111181127/tools/bin/../lib/gcc/arm-none-eabi/10.3.1/../../../../arm-none-eabi/lib/thumb/v7-m/nofp\libc_nano.a(lib_a-memset.o)
                              c:/st/stm32cubeide_1.8.0/stm32cubeide/plugins/com.st.stm32cube.ide.mcu.externaltools.gnu-tools-for-stm32.10.3-2021.10.win32_1.0.0.202111181127/tools/bin/../lib/gcc/arm-none-eabi/10.3.1/../../../../arm-none-eabi/lib/thumb/v7-m/nofp/crt0.o (memset)
c:/st/stm32cubeide_1.8.0/stm32cubeide/plugins/com.st.stm32cube.ide.mcu.externaltools.gnu-tools-for-stm32.10.3-2021.10.win32_1.0.0.202111181127/tools/bin/../lib/gcc/arm-none-eabi/10.3.1/../../../../arm-none-eabi/lib/thumb/v7-m/nofp\libc_nano.a(lib_a-nano-mallocr.o)
                              c:/st/stm32cubeide_1.8.0/stm32cubeide/plugins/com.st.stm32cube.ide.mcu.externaltools.gnu-tools-for-stm32.10.3-2021.10.win32_1.0.0.202111181127/tools/bin/../lib/gcc/arm-none-eabi/10.3.1/../../../../arm-none-eabi/lib/thumb/v7-m/nofp\libc_nano.a(lib_a-findfp.o) (_malloc_r)
[...]
Memory Configuration

Name             Origin             Length             Attributes
RAM              0x0000000020000000 0x0000000000005000 xrw
FLASH            0x0000000008000000 0x0000000000010000 xr
*default*        0x0000000000000000 0xffffffffffffffff

Linker script and memory map

LOAD c:/st/stm32cubeide_1.8.0/stm32cubeide/plugins/com.st.stm32cube.ide.mcu.externaltools.gnu-tools-for-stm32.10.3-2021.10.win32_1.0.0.202111181127/tools/bin/../lib/gcc/arm-none-eabi/10.3.1/thumb/v7-m/nofp/crti.o
LOAD c:/st/stm32cubeide_1.8.0/stm32cubeide/plugins/com.st.stm32cube.ide.mcu.externaltools.gnu-tools-for-stm32.10.3-2021.10.win32_1.0.0.202111181127/tools/bin/../lib/gcc/arm-none-eabi/10.3.1/thumb/v7-m/nofp/crtbegin.o
LOAD c:/st/stm32cubeide_1.8.0/stm32cubeide/plugins/com.st.stm32cube.ide.mcu.externaltools.gnu-tools-for-stm32.10.3-2021.10.win32_1.0.0.202111181127/tools/bin/../lib/gcc/arm-none-eabi/10.3.1/../../../../arm-none-eabi/lib/thumb/v7-m/nofp/crt0.o
LOAD ./Core/Src/FLASH.o
LOAD ./Core/Src/HC04.o
LOAD ./Core/Src/com_can.o
LOAD ./Core/Src/crc.o
LOAD ./Core/Src/freertos.o
LOAD ./Core/Src/fungsi.o
LOAD ./Core/Src/gpio.o
LOAD ./Core/Src/main.o
LOAD ./Core/Src/stm32f1xx_hal_msp.o
LOAD ./Core/Src/stm32f1xx_hal_timebase_tim.o
LOAD ./Core/Src/stm32f1xx_it.o
LOAD ./Core/Src/syscalls.o
LOAD ./Core/Src/sysmem.o
LOAD ./Core/Src/system_stm32f1xx.o
LOAD ./Core/Src/terminal.o
LOAD ./Core/Startup/startup_stm32f103c8tx.o
LOAD ./Drivers/STM32F1xx_HAL_Driver/Src/stm32f1xx_hal.o
LOAD ./Drivers/STM32F1xx_HAL_Driver/Src/stm32f1xx_hal_can.o
LOAD ./Drivers/STM32F1xx_HAL_Driver/Src/stm32f1xx_hal_cortex.o
LOAD ./Drivers/STM32F1xx_HAL_Driver/Src/stm32f1xx_hal_dma.o
LOAD ./Drivers/STM32F1xx_HAL_Driver/Src/stm32f1xx_hal_exti.o
LOAD ./Drivers/STM32F1xx_HAL_Driver/Src/stm32f1xx_hal_flash.o
LOAD ./Drivers/STM32F1xx_HAL_Driver/Src/stm32f1xx_hal_flash_ex.o
LOAD ./Drivers/STM32F1xx_HAL_Driver/Src/stm32f1xx_hal_gpio.o
LOAD ./Drivers/STM32F1xx_HAL_Driver/Src/stm32f1xx_hal_gpio_ex.o
LOAD ./Drivers/STM32F1xx_HAL_Driver/Src/stm32f1xx_hal_pwr.o
LOAD ./Drivers/STM32F1xx_HAL_Driver/Src/stm32f1xx_hal_rcc.o
LOAD ./Drivers/STM32F1xx_HAL_Driver/Src/stm32f1xx_hal_rcc_ex.o
LOAD ./Drivers/STM32F1xx_HAL_Driver/Src/stm32f1xx_hal_tim.o
LOAD ./Drivers/STM32F1xx_HAL_Driver/Src/stm32f1xx_hal_tim_ex.o
LOAD ./Middlewares/Third_Party/FreeRTOS/Source/CMSIS_RTOS/cmsis_os.o
LOAD ./Middlewares/Third_Party/FreeRTOS/Source/croutine.o
LOAD ./Middlewares/Third_Party/FreeRTOS/Source/event_groups.o
LOAD ./Middlewares/Third_Party/FreeRTOS/Source/list.o
LOAD ./Middlewares/Third_Party/FreeRTOS/Source/queue.o
LOAD ./Middlewares/Third_Party/FreeRTOS/Source/stream_buffer.o
LOAD ./Middlewares/Third_Party/FreeRTOS/Source/tasks.o
LOAD ./Middlewares/Third_Party/FreeRTOS/Source/timers.o
LOAD ./Middlewares/Third_Party/FreeRTOS/Source/portable/GCC/ARM_CM3/port.o
LOAD ./Middlewares/Third_Party/FreeRTOS/Source/portable/MemMang/heap_4.o
START GROUP
LOAD c:/st/stm32cubeide_1.8.0/stm32cubeide/plugins/com.st.stm32cube.ide.mcu.externaltools.gnu-tools-for-stm32.10.3-2021.10.win32_1.0.0.202111181127/tools/bin/../lib/gcc/arm-none-eabi/10.3.1/../../../../arm-none-eabi/lib/thumb/v7-m/nofp\libc_nano.a
LOAD c:/st/stm32cubeide_1.8.0/stm32cubeide/plugins/com.st.stm32cube.ide.mcu.externaltools.gnu-tools-for-stm32.10.3-2021.10.win32_1.0.0.202111181127/tools/bin/../lib/gcc/arm-none-eabi/10.3.1/../../../../arm-none-eabi/lib/thumb/v7-m/nofp\libm.a
END GROUP
START GROUP
LOAD c:/st/stm32cubeide_1.8.0/stm32cubeide/plugins/com.st.stm32cube.ide.mcu.externaltools.gnu-tools-for-stm32.10.3-2021.10.win32_1.0.0.202111181127/tools/bin/../lib/gcc/arm-none-eabi/10.3.1/thumb/v7-m/nofp\libgcc.a
LOAD c:/st/stm32cubeide_1.8.0/stm32cubeide/plugins/com.st.stm32cube.ide.mcu.externaltools.gnu-tools-for-stm32.10.3-2021.10.win32_1.0.0.202111181127/tools/bin/../lib/gcc/arm-none-eabi/10.3.1/../../../../arm-none-eabi/lib/thumb/v7-m/nofp\libc_nano.a
END GROUP
START GROUP
LOAD c:/st/stm32cubeide_1.8.0/stm32cubeide/plugins/com.st.stm32cube.ide.mcu.externaltools.gnu-tools-for-stm32.10.3-2021.10.win32_1.0.0.202111181127/tools/bin/../lib/gcc/arm-none-eabi/10.3.1/thumb/v7-m/nofp\libgcc.a
LOAD c:/st/stm32cubeide_1.8.0/stm32cubeide/plugins/com.st.stm32cube.ide.mcu.externaltools.gnu-tools-for-stm32.10.3-2021.10.win32_1.0.0.202111181127/tools/bin/../lib/gcc/arm-none-eabi/10.3.1/../../../../arm-none-eabi/lib/thumb/v7-m/nofp\libc_nano.a
LOAD c:/st/stm32cubeide_1.8.0/stm32cubeide/plugins/com.st.stm32cube.ide.mcu.externaltools.gnu-tools-for-stm32.10.3-2021.10.win32_1.0.0.202111181127/tools/bin/../lib/gcc/arm-none-eabi/10.3.1/../../../../arm-none-eabi/lib/thumb/v7-m/nofp\libnosys.a
END GROUP
START GROUP
LOAD c:/st/stm32cubeide_1.8.0/stm32cubeide/plugins/com.st.stm32cube.ide.mcu.externaltools.gnu-tools-for-stm32.10.3-2021.10.win32_1.0.0.202111181127/tools/bin/../lib/gcc/arm-none-eabi/10.3.1/thumb/v7-m/nofp\libgcc.a
LOAD c:/st/stm32cubeide_1.8.0/stm32cubeide/plugins/com.st.stm32cube.ide.mcu.externaltools.gnu-tools-for-stm32.10.3-2021.10.win32_1.0.0.202111181127/tools/bin/../lib/gcc/arm-none-eabi/10.3.1/../../../../arm-none-eabi/lib/thumb/v7-m/nofp\libc_nano.a
LOAD c:/st/stm32cubeide_1.8.0/stm32cubeide/plugins/com.st.stm32cube.ide.mcu.externaltools.gnu-tools-for-stm32.10.3-2021.10.win32_1.0.0.202111181127/tools/bin/../lib/gcc/arm-none-eabi/10.3.1/../../../../arm-none-eabi/lib/thumb/v7-m/nofp\libnosys.a
END GROUP
LOAD c:/st/stm32cubeide_1.8.0/stm32cubeide/plugins/com.st.stm32cube.ide.mcu.externaltools.gnu-tools-for-stm32.10.3-2021.10.win32_1.0.0.202111181127/tools/bin/../lib/gcc/arm-none-eabi/10.3.1/thumb/v7-m/nofp/crtend.o
LOAD c:/st/stm32cubeide_1.8.0/stm32cubeide/plugins/com.st.stm32cube.ide.mcu.externaltools.gnu-tools-for-stm32.10.3-2021.10.win32_1.0.0.202111181127/tools/bin/../lib/gcc/arm-none-eabi/10.3.1/thumb/v7-m/nofp/crtn.o
                0x0000000020005000                _estack = (ORIGIN (RAM) + LENGTH (RAM))
                0x0000000000000200                _Min_Heap_Size = 0x200
                0x0000000000000400                _Min_Stack_Size = 0x400

.isr_vector     0x0000000008000000      0x10c
                0x0000000008000000                . = ALIGN (0x4)
 *(.isr_vector)
 .isr_vector    0x0000000008000000      0x10c ./Core/Startup/startup_stm32f103c8tx.o
                0x0000000008000000                g_pfnVectors
                0x000000000800010c                . = ALIGN (0x4)

.text           0x0000000008000110     0x60dc
                0x0000000008000110                . = ALIGN (0x4)
 *(.text)
 .text          0x0000000008000110       0x40 c:/st/stm32cubeide_1.8.0/stm32cubeide/plugins/com.st.stm32cube.ide.mcu.externaltools.gnu-tools-for-stm32.10.3-2021.10.win32_1.0.0.202111181127/tools/bin/../lib/gcc/arm-none-eabi/10.3.1/thumb/v7-m/nofp/crtbegin.o
 .text          0x0000000008000150      0x168 c:/st/stm32cubeide_1.8.0/stm32cubeide/plugins/com.st.stm32cube.ide.mcu.externaltools.gnu-tools-for-stm32.10.3-2021.10.win32_1.0.0.202111181127/tools/bin/../lib/gcc/arm-none-eabi/10.3.1/thumb/v7-m/nofp\libgcc.a(_arm_mulsf3.o)
                0x0000000008000150                __aeabi_fmul
                0x0000000008000150                __mulsf3
 .text          0x00000000080002b8      0x378 c:/st/stm32cubeide_1.8.0/stm32cubeide/plugins/com.st.stm32cube.ide.mcu.externaltools.gnu-tools-for-stm32.10.3-2021.10.win32_1.0.0.202111181127/tools/bin/../lib/gcc/arm-none-eabi/10.3.1/thumb/v7-m/nofp\libgcc.a(_arm_addsubdf3.o)
                0x00000000080002b8                __aeabi_drsub
                0x00000000080002c0                __aeabi_dsub
                0x00000000080002c0                __subdf3
                0x00000000080002c4                __aeabi_dadd
                0x00000000080002c4                __adddf3
                0x000000000800053c                __floatunsidf
                0x000000000800053c                __aeabi_ui2d
                0x000000000800055c                __floatsidf
                0x000000000800055c                __aeabi_i2d
                0x0000000008000580                __aeabi_f2d
                0x0000000008000580                __extendsfdf2
                0x00000000080005c4                __floatundidf
                0x00000000080005c4                __aeabi_ul2d
                0x00000000080005d4                __floatdidf
                0x00000000080005d4                __aeabi_l2d
 .text          0x0000000008000630      0x424 c:/st/stm32cubeide_1.8.0/stm32cubeide/plugins/com.st.stm32cube.ide.mcu.externaltools.gnu-tools-for-stm32.10.3-2021.10.win32_1.0.0.202111181127/tools/bin/../lib/gcc/arm-none-eabi/10.3.1/thumb/v7-m/nofp\libgcc.a(_arm_muldivdf3.o)
                0x0000000008000630                __aeabi_dmul
                0x0000000008000630                __muldf3
                0x0000000008000884                __divdf3
                0x0000000008000884                __aeabi_ddiv
 .text          0x0000000008000a54       0xa0 c:/st/stm32cubeide_1.8.0/stm32cubeide/plugins/com.st.stm32cube.ide.mcu.externaltools.gnu-tools-for-stm32.10.3-2021.10.win32_1.0.0.202111181127/tools/bin/../lib/gcc/arm-none-eabi/10.3.1/thumb/v7-m/nofp\libgcc.a(_arm_truncdfsf2.o)
                0x0000000008000a54                __truncdfsf2
                0x0000000008000a54                __aeabi_d2f
 .text          0x0000000008000af4       0xec c:/st/stm32cubeide_1.8.0/stm32cubeide/plugins/com.st.stm32cube.ide.mcu.externaltools.gnu-tools-for-stm32.10.3-2021.10.win32_1.0.0.202111181127/tools/bin/../lib/gcc/arm-none-eabi/10.3.1/thumb/v7-m/nofp\libgcc.a(_arm_cmpsf2.o)
                0x0000000008000af4                __gesf2
                0x0000000008000af4                __gtsf2
                0x0000000008000afc                __lesf2
                0x0000000008000afc                __ltsf2
                0x0000000008000b04                __nesf2
                0x0000000008000b04                __eqsf2
                0x0000000008000b04                __cmpsf2
                0x0000000008000b64                __aeabi_cfrcmple
                0x0000000008000b6c                __aeabi_cfcmpeq
                0x0000000008000b6c                __aeabi_cfcmple
                0x0000000008000b7c                __aeabi_fcmpeq
                0x0000000008000b90                __aeabi_fcmplt
                0x0000000008000ba4                __aeabi_fcmple
                0x0000000008000bb8                __aeabi_fcmpge
                0x0000000008000bcc                __aeabi_fcmpgt
 .text          0x0000000008000be0       0x40 c:/st/stm32cubeide_1.8.0/stm32cubeide/plugins/com.st.stm32cube.ide.mcu.externaltools.gnu-tools-for-stm32.10.3-2021.10.win32_1.0.0.202111181127/tools/bin/../lib/gcc/arm-none-eabi/10.3.1/thumb/v7-m/nofp\libgcc.a(_arm_fixunssfsi.o)
                0x0000000008000be0                __fixunssfsi
                0x0000000008000be0                __aeabi_f2uiz
 *(.text*)
 .text.GetPage  0x0000000008000c20       0x4e ./Core/Src/FLASH.o
 *fill*         0x0000000008000c6e        0x2 
 .text.Flash_Write_Data
                0x0000000008000c70       0xb8 ./Core/Src/FLASH.o
                0x0000000008000c70                Flash_Write_Data
 .text.Flash_Read_Data
                0x0000000008000d28       0x3a ./Core/Src/FLASH.o
                0x0000000008000d28                Flash_Read_Data
 *fill*         0x0000000008000d62        0x6 
 .text.HAL_TIM_IC_CaptureCallback
                0x0000000008000d68      0x130 ./Core/Src/HC04.o
                0x0000000008000d68                HAL_TIM_IC_CaptureCallback
 .text.HAL_CAN_RxFifo1MsgPendingCallback
                0x0000000008000e98       0xfc ./Core/Src/com_can.o
                0x0000000008000e98                HAL_CAN_RxFifo1MsgPendingCallback
 .text.buffer_append_int32
                0x0000000008000f94       0x74 ./Core/Src/com_can.o
                0x0000000008000f94                buffer_append_int32
 .text.buffer_get_int32
                0x0000000008001008       0x5e ./Core/Src/com_can.o
                0x0000000008001008                buffer_get_int32
 *fill*         0x0000000008001066        0x2 
 .text.comm_can_transmit_eid
                0x0000000008001068       0x60 ./Core/Src/com_can.o
                0x0000000008001068                comm_can_transmit_eid
 .text.comm_can_db_signal
                0x00000000080010c8       0x3c ./Core/Src/com_can.o
                0x00000000080010c8                comm_can_db_signal
 .text.vApplicationGetIdleTaskMemory
                0x0000000008001104       0x30 ./Core/Src/freertos.o
                0x0000000008001104                vApplicationGetIdleTaskMemory
 .text.minuteToSecond
                0x0000000008001134       0x34 ./Core/Src/fungsi.o
                0x0000000008001134                minuteToSecond
 .text.process3
                0x0000000008001168      0x124 ./Core/Src/fungsi.o
                0x0000000008001168                process3
 .text.setMode  0x000000000800128c       0x20 ./Core/Src/fungsi.o
                0x000000000800128c                setMode
 .text.setTimerEAB
                0x00000000080012ac       0x20 ./Core/Src/fungsi.o
                0x00000000080012ac                setTimerEAB
 .text.Task2    0x00000000080012cc       0x34 ./Core/Src/fungsi.o
                0x00000000080012cc                Task2
 .text.TaskTimer
                0x0000000008001300       0x9c ./Core/Src/fungsi.o
                0x0000000008001300                TaskTimer
 .text.TaskFlow
                0x000000000800139c       0x50 ./Core/Src/fungsi.o
                0x000000000800139c                TaskFlow
 .text.fungsiInit
                0x00000000080013ec       0xec ./Core/Src/fungsi.o
                0x00000000080013ec                fungsiInit
 .text.gpio_init
                0x00000000080014d8       0xfc ./Core/Src/gpio.o
                0x00000000080014d8                gpio_init
 .text.EAB      0x00000000080015d4       0x50 ./Core/Src/gpio.o
                0x00000000080015d4                EAB
 .text.Control_Valve_1
                0x0000000008001624       0x24 ./Core/Src/gpio.o
                0x0000000008001624                Control_Valve_1
 .text.Compressor
                0x0000000008001648       0x34 ./Core/Src/gpio.o
                0x0000000008001648                Compressor
 .text.Ozone    0x000000000800167c       0x24 ./Core/Src/gpio.o
                0x000000000800167c                Ozone
 .text.Pump_1   0x00000000080016a0       0x24 ./Core/Src/gpio.o
                0x00000000080016a0                Pump_1
 .text.Pump_2   0x00000000080016c4       0x24 ./Core/Src/gpio.o
                0x00000000080016c4                Pump_2
 .text.Pump_3   0x00000000080016e8       0x24 ./Core/Src/gpio.o
                0x00000000080016e8                Pump_3
 .text.main     0x000000000800170c       0x54 ./Core/Src/main.o
                0x000000000800170c                main
 .text.SystemClock_Config
                0x0000000008001760       0x8a ./Core/Src/main.o
                0x0000000008001760                SystemClock_Config
 *fill*         0x00000000080017ea        0x2 
 .text.MX_CAN_Init
                0x00000000080017ec       0xb0 ./Core/Src/main.o
 .text.MX_TIM2_Init
                0x000000000800189c       0xe8 ./Core/Src/main.o
 .text.MX_TIM3_Init
                0x0000000008001984       0x9c ./Core/Src/main.o
 .text.MX_GPIO_Init
                0x0000000008001a20       0xd0 ./Core/Src/main.o
 .text.StartDefaultTask
                0x0000000008001af0       0x12 ./Core/Src/main.o
                0x0000000008001af0                StartDefaultTask
 *fill*         0x0000000008001b02        0x2 
 .text.HAL_TIM_PeriodElapsedCallback
                0x0000000008001b04       0x24 ./Core/Src/main.o
                0x0000000008001b04                HAL_TIM_PeriodElapsedCallback
 .text.Error_Handler
                0x0000000008001b28        0xa ./Core/Src/main.o
                0x0000000008001b28                Error_Handler
 *fill*         0x0000000008001b32        0x2 
 .text.HAL_MspInit
                0x0000000008001b34       0x70 ./Core/Src/stm32f1xx_hal_msp.o
                0x0000000008001b34                HAL_MspInit
 .text.HAL_CAN_MspInit
                0x0000000008001ba4       0xa8 ./Core/Src/stm32f1xx_hal_msp.o
                0x0000000008001ba4                HAL_CAN_MspInit
 .text.HAL_TIM_Base_MspInit
                0x0000000008001c4c       0xdc ./Core/Src/stm32f1xx_hal_msp.o
                0x0000000008001c4c                HAL_TIM_Base_MspInit
 .text.HAL_InitTick
                0x0000000008001d28       0xb0 ./Core/Src/stm32f1xx_hal_timebase_tim.o
                0x0000000008001d28                HAL_InitTick
 .text.NMI_Handler
                0x0000000008001dd8        0x6 ./Core/Src/stm32f1xx_it.o
                0x0000000008001dd8                NMI_Handler
 .text.HardFault_Handler
                0x0000000008001dde        0x6 ./Core/Src/stm32f1xx_it.o
                0x0000000008001dde                HardFault_Handler
 .text.MemManage_Handler
                0x0000000008001de4        0x6 ./Core/Src/stm32f1xx_it.o
                0x0000000008001de4                MemManage_Handler
 .text.BusFault_Handler
                0x0000000008001dea        0x6 ./Core/Src/stm32f1xx_it.o
                0x0000000008001dea                BusFault_Handler
 .text.UsageFault_Handler
                0x0000000008001df0        0x6 ./Core/Src/stm32f1xx_it.o
                0x0000000008001df0                UsageFault_Handler
 .text.DebugMon_Handler
                0x0000000008001df6        0xc ./Core/Src/stm32f1xx_it.o
                0x0000000008001df6                DebugMon_Handler
 *fill*         0x0000000008001e02        0x2 
 .text.CAN1_RX1_IRQHandler
                0x0000000008001e04       0x14 ./Core/Src/stm32f1xx_it.o
                0x0000000008001e04                CAN1_RX1_IRQHandler
 .text.TIM2_IRQHandler
                0x0000000008001e18       0x14 ./Core/Src/stm32f1xx_it.o
                0x0000000008001e18                TIM2_IRQHandler
 .text.TIM4_IRQHandler
                0x0000000008001e2c       0x14 ./Core/Src/stm32f1xx_it.o
                0x0000000008001e2c                TIM4_IRQHandler
 .text.SystemInit
                0x0000000008001e40        0xc ./Core/Src/system_stm32f1xx.o
                0x0000000008001e40                SystemInit
 .text.Reset_Handler
                0x0000000008001e4c       0x48 ./Core/Startup/startup_stm32f103c8tx.o
                0x0000000008001e4c                Reset_Handler
 .text.Default_Handler
                0x0000000008001e94        0x2 ./Core/Startup/startup_stm32f103c8tx.o
                0x0000000008001e94                RTC_Alarm_IRQHandler
                0x0000000008001e94                EXTI2_IRQHandler
                0x0000000008001e94                TIM1_CC_IRQHandler
                0x0000000008001e94                PVD_IRQHandler
                0x0000000008001e94                EXTI3_IRQHandler
                0x0000000008001e94                EXTI0_IRQHandler
                0x0000000008001e94                I2C2_EV_IRQHandler
                0x0000000008001e94                ADC1_2_IRQHandler
                0x0000000008001e94                SPI1_IRQHandler
                0x0000000008001e94                TAMPER_IRQHandler
                0x0000000008001e94                DMA1_Channel4_IRQHandler
                0x0000000008001e94                USART3_IRQHandler
                0x0000000008001e94                RTC_IRQHandler
                0x0000000008001e94                DMA1_Channel7_IRQHandler
                0x0000000008001e94                I2C1_EV_IRQHandler
                0x0000000008001e94                DMA1_Channel6_IRQHandler
                0x0000000008001e94                TIM3_IRQHandler
                0x0000000008001e94                RCC_IRQHandler
                0x0000000008001e94                TIM1_TRG_COM_IRQHandler
                0x0000000008001e94                DMA1_Channel1_IRQHandler
                0x0000000008001e94                Default_Handler
                0x0000000008001e94                EXTI15_10_IRQHandler
                0x0000000008001e94                EXTI9_5_IRQHandler
                0x0000000008001e94                SPI2_IRQHandler
                0x0000000008001e94                DMA1_Channel5_IRQHandler
                0x0000000008001e94                EXTI4_IRQHandler
                0x0000000008001e94                USB_LP_CAN1_RX0_IRQHandler
                0x0000000008001e94                USB_HP_CAN1_TX_IRQHandler
                0x0000000008001e94                DMA1_Channel3_IRQHandler
                0x0000000008001e94                TIM1_UP_IRQHandler
                0x0000000008001e94                WWDG_IRQHandler
                0x0000000008001e94                TIM1_BRK_IRQHandler
                0x0000000008001e94                EXTI1_IRQHandler
                0x0000000008001e94                USART2_IRQHandler
                0x0000000008001e94                I2C2_ER_IRQHandler
                0x0000000008001e94                DMA1_Channel2_IRQHandler
                0x0000000008001e94                CAN1_SCE_IRQHandler
                0x0000000008001e94                FLASH_IRQHandler
                0x0000000008001e94                USART1_IRQHandler
                0x0000000008001e94                I2C1_ER_IRQHandler
                0x0000000008001e94                USBWakeUp_IRQHandler
 *fill*         0x0000000008001e96        0x2 
 .text.HAL_Init
                0x0000000008001e98       0x2c ./Drivers/STM32F1xx_HAL_Driver/Src/stm32f1xx_hal.o
                0x0000000008001e98                HAL_Init
 .text.HAL_IncTick
                0x0000000008001ec4       0x24 ./Drivers/STM32F1xx_HAL_Driver/Src/stm32f1xx_hal.o
                0x0000000008001ec4                HAL_IncTick
 .text.HAL_GetTick
                0x0000000008001ee8       0x14 ./Drivers/STM32F1xx_HAL_Driver/Src/stm32f1xx_hal.o
                0x0000000008001ee8                HAL_GetTick
 .text.HAL_CAN_Init
                0x0000000008001efc      0x1f6 ./Drivers/STM32F1xx_HAL_Driver/Src/stm32f1xx_hal_can.o
                0x0000000008001efc                HAL_CAN_Init
 .text.HAL_CAN_ConfigFilter
                0x00000000080020f2      0x192 ./Drivers/STM32F1xx_HAL_Driver/Src/stm32f1xx_hal_can.o
                0x00000000080020f2                HAL_CAN_ConfigFilter
 .text.HAL_CAN_Start
                0x0000000008002284       0x88 ./Drivers/STM32F1xx_HAL_Driver/Src/stm32f1xx_hal_can.o
                0x0000000008002284                HAL_CAN_Start
 .text.HAL_CAN_AddTxMessage
                0x000000000800230c      0x1b4 ./Drivers/STM32F1xx_HAL_Driver/Src/stm32f1xx_hal_can.o
                0x000000000800230c                HAL_CAN_AddTxMessage
 .text.HAL_CAN_GetRxMessage
                0x00000000080024c0      0x222 ./Drivers/STM32F1xx_HAL_Driver/Src/stm32f1xx_hal_can.o
                0x00000000080024c0                HAL_CAN_GetRxMessage
 .text.HAL_CAN_ActivateNotification
                0x00000000080026e2       0x4a ./Drivers/STM32F1xx_HAL_Driver/Src/stm32f1xx_hal_can.o
                0x00000000080026e2                HAL_CAN_ActivateNotification
 .text.HAL_CAN_IRQHandler
                0x000000000800272c      0x36e ./Drivers/STM32F1xx_HAL_Driver/Src/stm32f1xx_hal_can.o
                0x000000000800272c                HAL_CAN_IRQHandler
 .text.HAL_CAN_TxMailbox0CompleteCallback
                0x0000000008002a9a       0x12 ./Drivers/STM32F1xx_HAL_Driver/Src/stm32f1xx_hal_can.o
                0x0000000008002a9a                HAL_CAN_TxMailbox0CompleteCallback
 .text.HAL_CAN_TxMailbox1CompleteCallback
                0x0000000008002aac       0x12 ./Drivers/STM32F1xx_HAL_Driver/Src/stm32f1xx_hal_can.o
                0x0000000008002aac                HAL_CAN_TxMailbox1CompleteCallback
 .text.HAL_CAN_TxMailbox2CompleteCallback
                0x0000000008002abe       0x12 ./Drivers/STM32F1xx_HAL_Driver/Src/stm32f1xx_hal_can.o
                0x0000000008002abe                HAL_CAN_TxMailbox2CompleteCallback
 .text.HAL_CAN_TxMailbox0AbortCallback
                0x0000000008002ad0       0x12 ./Drivers/STM32F1xx_HAL_Driver/Src/stm32f1xx_hal_can.o
                0x0000000008002ad0                HAL_CAN_TxMailbox0AbortCallback
 .text.HAL_CAN_TxMailbox1AbortCallback
                0x0000000008002ae2       0x12 ./Drivers/STM32F1xx_HAL_Driver/Src/stm32f1xx_hal_can.o
                0x0000000008002ae2                HAL_CAN_TxMailbox1AbortCallback
 .text.HAL_CAN_TxMailbox2AbortCallback
                0x0000000008002af4       0x12 ./Drivers/STM32F1xx_HAL_Driver/Src/stm32f1xx_hal_can.o
                0x0000000008002af4                HAL_CAN_TxMailbox2AbortCallback
 .text.HAL_CAN_RxFifo0MsgPendingCallback
                0x0000000008002b06       0x12 ./Drivers/STM32F1xx_HAL_Driver/Src/stm32f1xx_hal_can.o
                0x0000000008002b06                HAL_CAN_RxFifo0MsgPendingCallback
 .text.HAL_CAN_RxFifo0FullCallback
                0x0000000008002b18       0x12 ./Drivers/STM32F1xx_HAL_Driver/Src/stm32f1xx_hal_can.o
                0x0000000008002b18                HAL_CAN_RxFifo0FullCallback
 .text.HAL_CAN_RxFifo1FullCallback
                0x0000000008002b2a       0x12 ./Drivers/STM32F1xx_HAL_Driver/Src/stm32f1xx_hal_can.o
                0x0000000008002b2a                HAL_CAN_RxFifo1FullCallback
 .text.HAL_CAN_SleepCallback
                0x0000000008002b3c       0x12 ./Drivers/STM32F1xx_HAL_Driver/Src/stm32f1xx_hal_can.o
                0x0000000008002b3c                HAL_CAN_SleepCallback
 .text.HAL_CAN_WakeUpFromRxMsgCallback
                0x0000000008002b4e       0x12 ./Drivers/STM32F1xx_HAL_Driver/Src/stm32f1xx_hal_can.o
                0x0000000008002b4e                HAL_CAN_WakeUpFromRxMsgCallback
 .text.HAL_CAN_ErrorCallback
                0x0000000008002b60       0x12 ./Drivers/STM32F1xx_HAL_Driver/Src/stm32f1xx_hal_can.o
                0x0000000008002b60                HAL_CAN_ErrorCallback
 *fill*         0x0000000008002b72        0x2 
 .text.__NVIC_SetPriorityGrouping
                0x0000000008002b74       0x48 ./Drivers/STM32F1xx_HAL_Driver/Src/stm32f1xx_hal_cortex.o
 .text.__NVIC_GetPriorityGrouping
                0x0000000008002bbc       0x1c ./Drivers/STM32F1xx_HAL_Driver/Src/stm32f1xx_hal_cortex.o
 .text.__NVIC_EnableIRQ
                0x0000000008002bd8       0x38 ./Drivers/STM32F1xx_HAL_Driver/Src/stm32f1xx_hal_cortex.o
 .text.__NVIC_SetPriority
                0x0000000008002c10       0x54 ./Drivers/STM32F1xx_HAL_Driver/Src/stm32f1xx_hal_cortex.o
 .text.NVIC_EncodePriority
                0x0000000008002c64       0x64 ./Drivers/STM32F1xx_HAL_Driver/Src/stm32f1xx_hal_cortex.o
 .text.HAL_NVIC_SetPriorityGrouping
                0x0000000008002cc8       0x16 ./Drivers/STM32F1xx_HAL_Driver/Src/stm32f1xx_hal_cortex.o
                0x0000000008002cc8                HAL_NVIC_SetPriorityGrouping
 .text.HAL_NVIC_SetPriority
                0x0000000008002cde       0x38 ./Drivers/STM32F1xx_HAL_Driver/Src/stm32f1xx_hal_cortex.o
                0x0000000008002cde                HAL_NVIC_SetPriority
 .text.HAL_NVIC_EnableIRQ
                0x0000000008002d16       0x1c ./Drivers/STM32F1xx_HAL_Driver/Src/stm32f1xx_hal_cortex.o
                0x0000000008002d16                HAL_NVIC_EnableIRQ
 *fill*         0x0000000008002d32        0x2 
 .text.HAL_FLASH_Program
                0x0000000008002d34       0xe0 ./Drivers/STM32F1xx_HAL_Driver/Src/stm32f1xx_hal_flash.o
                0x0000000008002d34                HAL_FLASH_Program
 .text.HAL_FLASH_Unlock
                0x0000000008002e14       0x4c ./Drivers/STM32F1xx_HAL_Driver/Src/stm32f1xx_hal_flash.o
                0x0000000008002e14                HAL_FLASH_Unlock
 .text.HAL_FLASH_Lock
                0x0000000008002e60       0x20 ./Drivers/STM32F1xx_HAL_Driver/Src/stm32f1xx_hal_flash.o
                0x0000000008002e60                HAL_FLASH_Lock
 .text.HAL_FLASH_GetError
                0x0000000008002e80       0x14 ./Drivers/STM32F1xx_HAL_Driver/Src/stm32f1xx_hal_flash.o
                0x0000000008002e80                HAL_FLASH_GetError
 .text.FLASH_Program_HalfWord
                0x0000000008002e94       0x38 ./Drivers/STM32F1xx_HAL_Driver/Src/stm32f1xx_hal_flash.o
 .text.FLASH_WaitForLastOperation
                0x0000000008002ecc       0x8c ./Drivers/STM32F1xx_HAL_Driver/Src/stm32f1xx_hal_flash.o
                0x0000000008002ecc                FLASH_WaitForLastOperation
 .text.FLASH_SetErrorCode
                0x0000000008002f58       0xa0 ./Drivers/STM32F1xx_HAL_Driver/Src/stm32f1xx_hal_flash.o
 .text.HAL_FLASHEx_Erase
                0x0000000008002ff8       0xd8 ./Drivers/STM32F1xx_HAL_Driver/Src/stm32f1xx_hal_flash_ex.o
                0x0000000008002ff8                HAL_FLASHEx_Erase
 .text.FLASH_MassErase
                0x00000000080030d0       0x38 ./Drivers/STM32F1xx_HAL_Driver/Src/stm32f1xx_hal_flash_ex.o
 .text.FLASH_PageErase
                0x0000000008003108       0x40 ./Drivers/STM32F1xx_HAL_Driver/Src/stm32f1xx_hal_flash_ex.o
                0x0000000008003108                FLASH_PageErase
 .text.HAL_GPIO_Init
                0x0000000008003148      0x308 ./Drivers/STM32F1xx_HAL_Driver/Src/stm32f1xx_hal_gpio.o
                0x0000000008003148                HAL_GPIO_Init
 .text.HAL_GPIO_ReadPin
                0x0000000008003450       0x2e ./Drivers/STM32F1xx_HAL_Driver/Src/stm32f1xx_hal_gpio.o
                0x0000000008003450                HAL_GPIO_ReadPin
 .text.HAL_GPIO_WritePin
                0x000000000800347e       0x30 ./Drivers/STM32F1xx_HAL_Driver/Src/stm32f1xx_hal_gpio.o
                0x000000000800347e                HAL_GPIO_WritePin
 *fill*         0x00000000080034ae        0x2 
 .text.HAL_RCC_OscConfig
                0x00000000080034b0      0x504 ./Drivers/STM32F1xx_HAL_Driver/Src/stm32f1xx_hal_rcc.o
                0x00000000080034b0                HAL_RCC_OscConfig
 .text.HAL_RCC_ClockConfig
                0x00000000080039b4      0x1d4 ./Drivers/STM32F1xx_HAL_Driver/Src/stm32f1xx_hal_rcc.o
                0x00000000080039b4                HAL_RCC_ClockConfig
 .text.HAL_RCC_GetSysClockFreq
                0x0000000008003b88       0xbc ./Drivers/STM32F1xx_HAL_Driver/Src/stm32f1xx_hal_rcc.o
                0x0000000008003b88                HAL_RCC_GetSysClockFreq
 .text.HAL_RCC_GetHCLKFreq
                0x0000000008003c44       0x14 ./Drivers/STM32F1xx_HAL_Driver/Src/stm32f1xx_hal_rcc.o
                0x0000000008003c44                HAL_RCC_GetHCLKFreq
 .text.HAL_RCC_GetPCLK1Freq
                0x0000000008003c58       0x28 ./Drivers/STM32F1xx_HAL_Driver/Src/stm32f1xx_hal_rcc.o
                0x0000000008003c58                HAL_RCC_GetPCLK1Freq
 .text.HAL_RCC_GetClockConfig
                0x0000000008003c80       0x60 ./Drivers/STM32F1xx_HAL_Driver/Src/stm32f1xx_hal_rcc.o
                0x0000000008003c80                HAL_RCC_GetClockConfig
 .text.RCC_Delay
                0x0000000008003ce0       0x3c ./Drivers/STM32F1xx_HAL_Driver/Src/stm32f1xx_hal_rcc.o
 .text.HAL_TIM_Base_Init
                0x0000000008003d1c       0x9e ./Drivers/STM32F1xx_HAL_Driver/Src/stm32f1xx_hal_tim.o
                0x0000000008003d1c                HAL_TIM_Base_Init
 *fill*         0x0000000008003dba        0x2 
 .text.HAL_TIM_Base_Start_IT
                0x0000000008003dbc       0xa4 ./Drivers/STM32F1xx_HAL_Driver/Src/stm32f1xx_hal_tim.o
                0x0000000008003dbc                HAL_TIM_Base_Start_IT
 .text.HAL_TIM_IC_Init
                0x0000000008003e60       0x9e ./Drivers/STM32F1xx_HAL_Driver/Src/stm32f1xx_hal_tim.o
                0x0000000008003e60                HAL_TIM_IC_Init
 .text.HAL_TIM_IC_MspInit
                0x0000000008003efe       0x12 ./Drivers/STM32F1xx_HAL_Driver/Src/stm32f1xx_hal_tim.o
                0x0000000008003efe                HAL_TIM_IC_MspInit
 .text.HAL_TIM_IC_Start_IT
                0x0000000008003f10      0x20c ./Drivers/STM32F1xx_HAL_Driver/Src/stm32f1xx_hal_tim.o
                0x0000000008003f10                HAL_TIM_IC_Start_IT
 .text.HAL_TIM_IRQHandler
                0x000000000800411c      0x210 ./Drivers/STM32F1xx_HAL_Driver/Src/stm32f1xx_hal_tim.o
                0x000000000800411c                HAL_TIM_IRQHandler
 .text.HAL_TIM_IC_ConfigChannel
                0x000000000800432c      0x128 ./Drivers/STM32F1xx_HAL_Driver/Src/stm32f1xx_hal_tim.o
                0x000000000800432c                HAL_TIM_IC_ConfigChannel
 .text.HAL_TIM_ConfigClockSource
                0x0000000008004454      0x188 ./Drivers/STM32F1xx_HAL_Driver/Src/stm32f1xx_hal_tim.o
                0x0000000008004454                HAL_TIM_ConfigClockSource
 .text.HAL_TIM_ReadCapturedValue
                0x00000000080045dc       0x88 ./Drivers/STM32F1xx_HAL_Driver/Src/stm32f1xx_hal_tim.o
                0x00000000080045dc                HAL_TIM_ReadCapturedValue
 .text.HAL_TIM_OC_DelayElapsedCallback
                0x0000000008004664       0x12 ./Drivers/STM32F1xx_HAL_Driver/Src/stm32f1xx_hal_tim.o
                0x0000000008004664                HAL_TIM_OC_DelayElapsedCallback
 .text.HAL_TIM_PWM_PulseFinishedCallback
                0x0000000008004676       0x12 ./Drivers/STM32F1xx_HAL_Driver/Src/stm32f1xx_hal_tim.o
                0x0000000008004676                HAL_TIM_PWM_PulseFinishedCallback
 .text.HAL_TIM_TriggerCallback
                0x0000000008004688       0x12 ./Drivers/STM32F1xx_HAL_Driver/Src/stm32f1xx_hal_tim.o
                0x0000000008004688                HAL_TIM_TriggerCallback
 *fill*         0x000000000800469a        0x2 
 .text.TIM_Base_SetConfig
                0x000000000800469c       0xc4 ./Drivers/STM32F1xx_HAL_Driver/Src/stm32f1xx_hal_tim.o
                0x000000000800469c                TIM_Base_SetConfig
 .text.TIM_TI1_SetConfig
                0x0000000008004760       0xb4 ./Drivers/STM32F1xx_HAL_Driver/Src/stm32f1xx_hal_tim.o
                0x0000000008004760                TIM_TI1_SetConfig
 .text.TIM_TI1_ConfigInputStage
                0x0000000008004814       0x5c ./Drivers/STM32F1xx_HAL_Driver/Src/stm32f1xx_hal_tim.o
 .text.TIM_TI2_SetConfig
                0x0000000008004870       0x78 ./Drivers/STM32F1xx_HAL_Driver/Src/stm32f1xx_hal_tim.o
 .text.TIM_TI2_ConfigInputStage
                0x00000000080048e8       0x5e ./Drivers/STM32F1xx_HAL_Driver/Src/stm32f1xx_hal_tim.o
 .text.TIM_TI3_SetConfig
                0x0000000008004946       0x76 ./Drivers/STM32F1xx_HAL_Driver/Src/stm32f1xx_hal_tim.o
 .text.TIM_TI4_SetConfig
                0x00000000080049bc       0x78 ./Drivers/STM32F1xx_HAL_Driver/Src/stm32f1xx_hal_tim.o
 .text.TIM_ITRx_SetConfig
                0x0000000008004a34       0x34 ./Drivers/STM32F1xx_HAL_Driver/Src/stm32f1xx_hal_tim.o
 .text.TIM_ETR_SetConfig
                0x0000000008004a68       0x3e ./Drivers/STM32F1xx_HAL_Driver/Src/stm32f1xx_hal_tim.o
                0x0000000008004a68                TIM_ETR_SetConfig
 .text.TIM_CCxChannelCmd
                0x0000000008004aa6       0x48 ./Drivers/STM32F1xx_HAL_Driver/Src/stm32f1xx_hal_tim.o
                0x0000000008004aa6                TIM_CCxChannelCmd
 *fill*         0x0000000008004aee        0x2 
 .text.HAL_TIMEx_MasterConfigSynchronization
                0x0000000008004af0       0xbc ./Drivers/STM32F1xx_HAL_Driver/Src/stm32f1xx_hal_tim_ex.o
                0x0000000008004af0                HAL_TIMEx_MasterConfigSynchronization
 .text.HAL_TIMEx_CommutCallback
                0x0000000008004bac       0x12 ./Drivers/STM32F1xx_HAL_Driver/Src/stm32f1xx_hal_tim_ex.o
                0x0000000008004bac                HAL_TIMEx_CommutCallback
 .text.HAL_TIMEx_BreakCallback
                0x0000000008004bbe       0x12 ./Drivers/STM32F1xx_HAL_Driver/Src/stm32f1xx_hal_tim_ex.o
                0x0000000008004bbe                HAL_TIMEx_BreakCallback
 .text.makeFreeRtosPriority
                0x0000000008004bd0       0x2e ./Middlewares/Third_Party/FreeRTOS/Source/CMSIS_RTOS/cmsis_os.o
 .text.osKernelStart
                0x0000000008004bfe        0xe ./Middlewares/Third_Party/FreeRTOS/Source/CMSIS_RTOS/cmsis_os.o
                0x0000000008004bfe                osKernelStart
 .text.osThreadCreate
                0x0000000008004c0c       0x98 ./Middlewares/Third_Party/FreeRTOS/Source/CMSIS_RTOS/cmsis_os.o
                0x0000000008004c0c                osThreadCreate
 .text.osDelay  0x0000000008004ca4       0x28 ./Middlewares/Third_Party/FreeRTOS/Source/CMSIS_RTOS/cmsis_os.o
                0x0000000008004ca4                osDelay
 .text.vListInitialise
                0x0000000008004ccc       0x3e ./Middlewares/Third_Party/FreeRTOS/Source/list.o
                0x0000000008004ccc                vListInitialise
 .text.vListInitialiseItem
                0x0000000008004d0a       0x18 ./Middlewares/Third_Party/FreeRTOS/Source/list.o
                0x0000000008004d0a                vListInitialiseItem
 .text.vListInsertEnd
                0x0000000008004d22       0x46 ./Middlewares/Third_Party/FreeRTOS/Source/list.o
                0x0000000008004d22                vListInsertEnd
 .text.vListInsert
                0x0000000008004d68       0x70 ./Middlewares/Third_Party/FreeRTOS/Source/list.o
                0x0000000008004d68                vListInsert
 .text.uxListRemove
                0x0000000008004dd8       0x52 ./Middlewares/Third_Party/FreeRTOS/Source/list.o
                0x0000000008004dd8                uxListRemove
 .text.xTaskCreateStatic
                0x0000000008004e2a       0xb8 ./Middlewares/Third_Party/FreeRTOS/Source/tasks.o
                0x0000000008004e2a                xTaskCreateStatic
 .text.xTaskCreate
                0x0000000008004ee2       0x8a ./Middlewares/Third_Party/FreeRTOS/Source/tasks.o
                0x0000000008004ee2                xTaskCreate
 .text.prvInitialiseNewTask
                0x0000000008004f6c      0x12c ./Middlewares/Third_Party/FreeRTOS/Source/tasks.o
 .text.prvAddNewTaskToReadyList
                0x0000000008005098       0xd4 ./Middlewares/Third_Party/FreeRTOS/Source/tasks.o
 .text.vTaskDelay
                0x000000000800516c       0x68 ./Middlewares/Third_Party/FreeRTOS/Source/tasks.o
                0x000000000800516c                vTaskDelay
 .text.vTaskStartScheduler
                0x00000000080051d4       0xd4 ./Middlewares/Third_Party/FreeRTOS/Source/tasks.o
                0x00000000080051d4                vTaskStartScheduler
 .text.vTaskSuspendAll
                0x00000000080052a8       0x1c ./Middlewares/Third_Party/FreeRTOS/Source/tasks.o
                0x00000000080052a8                vTaskSuspendAll
 .text.xTaskResumeAll
                0x00000000080052c4      0x138 ./Middlewares/Third_Party/FreeRTOS/Source/tasks.o
                0x00000000080052c4                xTaskResumeAll
 .text.xTaskIncrementTick
                0x00000000080053fc      0x17c ./Middlewares/Third_Party/FreeRTOS/Source/tasks.o
                0x00000000080053fc                xTaskIncrementTick
 .text.vTaskSwitchContext
                0x0000000008005578       0xc4 ./Middlewares/Third_Party/FreeRTOS/Source/tasks.o
                0x0000000008005578                vTaskSwitchContext
 .text.prvIdleTask
                0x000000000800563c       0x30 ./Middlewares/Third_Party/FreeRTOS/Source/tasks.o
 .text.prvInitialiseTaskLists
                0x000000000800566c       0x80 ./Middlewares/Third_Party/FreeRTOS/Source/tasks.o
 .text.prvCheckTasksWaitingTermination
                0x00000000080056ec       0x5c ./Middlewares/Third_Party/FreeRTOS/Source/tasks.o
 .text.prvDeleteTCB
                0x0000000008005748       0x68 ./Middlewares/Third_Party/FreeRTOS/Source/tasks.o
 .text.prvResetNextTaskUnblockTime
                0x00000000080057b0       0x48 ./Middlewares/Third_Party/FreeRTOS/Source/tasks.o
 .text.prvAddCurrentTaskToDelayedList
                0x00000000080057f8       0xcc ./Middlewares/Third_Party/FreeRTOS/Source/tasks.o
 .text.pxPortInitialiseStack
                0x00000000080058c4       0x58 ./Middlewares/Third_Party/FreeRTOS/Source/portable/GCC/ARM_CM3/port.o
                0x00000000080058c4                pxPortInitialiseStack
 .text.prvTaskExitError
                0x000000000800591c       0x58 ./Middlewares/Third_Party/FreeRTOS/Source/portable/GCC/ARM_CM3/port.o
 *fill*         0x0000000008005974        0xc 
 .text.SVC_Handler
                0x0000000008005980       0x28 ./Middlewares/Third_Party/FreeRTOS/Source/portable/GCC/ARM_CM3/port.o
                0x0000000008005980                SVC_Handler
 .text.prvPortStartFirstTask
                0x00000000080059a8       0x20 ./Middlewares/Third_Party/FreeRTOS/Source/portable/GCC/ARM_CM3/port.o
 .text.xPortStartScheduler
                0x00000000080059c8       0xe4 ./Middlewares/Third_Party/FreeRTOS/Source/portable/GCC/ARM_CM3/port.o
                0x00000000080059c8                xPortStartScheduler
 .text.vPortEnterCritical
                0x0000000008005aac       0x60 ./Middlewares/Third_Party/FreeRTOS/Source/portable/GCC/ARM_CM3/port.o
                0x0000000008005aac                vPortEnterCritical
 .text.vPortExitCritical
                0x0000000008005b0c       0x50 ./Middlewares/Third_Party/FreeRTOS/Source/portable/GCC/ARM_CM3/port.o
                0x0000000008005b0c                vPortExitCritical
 *fill*         0x0000000008005b5c        0x4 
 .text.PendSV_Handler
                0x0000000008005b60       0x48 ./Middlewares/Third_Party/FreeRTOS/Source/portable/GCC/ARM_CM3/port.o
                0x0000000008005b60                PendSV_Handler
 .text.SysTick_Handler
                0x0000000008005ba8       0x44 ./Middlewares/Third_Party/FreeRTOS/Source/portable/GCC/ARM_CM3/port.o
                0x0000000008005ba8                SysTick_Handler
 .text.vPortSetupTimerInterrupt
                0x0000000008005bec       0x44 ./Middlewares/Third_Party/FreeRTOS/Source/portable/GCC/ARM_CM3/port.o
                0x0000000008005bec                vPortSetupTimerInterrupt
 .text.pvPortMalloc
                0x0000000008005c30      0x188 ./Middlewares/Third_Party/FreeRTOS/Source/portable/MemMang/heap_4.o
                0x0000000008005c30                pvPortMalloc
 .text.vPortFree
                0x0000000008005db8       0xb4 ./Middlewares/Third_Party/FreeRTOS/Source/portable/MemMang/heap_4.o
                0x0000000008005db8                vPortFree
 .text.prvHeapInit
                0x0000000008005e6c       0xc4 ./Middlewares/Third_Party/FreeRTOS/Source/portable/MemMang/heap_4.o
 .text.prvInsertBlockIntoFreeList
                0x0000000008005f30       0xb0 ./Middlewares/Third_Party/FreeRTOS/Source/portable/MemMang/heap_4.o
 .text.__libc_init_array
                0x0000000008005fe0       0x48 c:/st/stm32cubeide_1.8.0/stm32cubeide/plugins/com.st.stm32cube.ide.mcu.externaltools.gnu-tools-for-stm32.10.3-2021.10.win32_1.0.0.202111181127/tools/bin/../lib/gcc/arm-none-eabi/10.3.1/../../../../arm-none-eabi/lib/thumb/v7-m/nofp\libc_nano.a(lib_a-init.o)
                0x0000000008005fe0                __libc_init_array
 .text.__retarget_lock_acquire_recursive
                0x0000000008006028        0x2 c:/st/stm32cubeide_1.8.0/stm32cubeide/plugins/com.st.stm32cube.ide.mcu.externaltools.gnu-tools-for-stm32.10.3-2021.10.win32_1.0.0.202111181127/tools/bin/../lib/gcc/arm-none-eabi/10.3.1/../../../../arm-none-eabi/lib/thumb/v7-m/nofp\libc_nano.a(lib_a-lock.o)
                0x0000000008006028                __retarget_lock_acquire_recursive
 .text.__retarget_lock_release_recursive
                0x000000000800602a        0x2 c:/st/stm32cubeide_1.8.0/stm32cubeide/plugins/com.st.stm32cube.ide.mcu.externaltools.gnu-tools-for-stm32.10.3-2021.10.win32_1.0.0.202111181127/tools/bin/../lib/gcc/arm-none-eabi/10.3.1/../../../../arm-none-eabi/lib/thumb/v7-m/nofp\libc_nano.a(lib_a-lock.o)
                0x000000000800602a                __retarget_lock_release_recursive
 .text.memcpy   0x000000000800602c       0x1c c:/st/stm32cubeide_1.8.0/stm32cubeide/plugins/com.st.stm32cube.ide.mcu.externaltools.gnu-tools-for-stm32.10.3-2021.10.win32_1.0.0.202111181127/tools/bin/../lib/gcc/arm-none-eabi/10.3.1/../../../../arm-none-eabi/lib/thumb/v7-m/nofp\libc_nano.a(lib_a-memcpy-stub.o)
                0x000000000800602c                memcpy
 .text.memset   0x0000000008006048       0x10 c:/st/stm32cubeide_1.8.0/stm32cubeide/plugins/com.st.stm32cube.ide.mcu.externaltools.gnu-tools-for-stm32.10.3-2021.10.win32_1.0.0.202111181127/tools/bin/../lib/gcc/arm-none-eabi/10.3.1/../../../../arm-none-eabi/lib/thumb/v7-m/nofp\libc_nano.a(lib_a-memset.o)
                0x0000000008006048                memset
 .text.cleanup_glue
                0x0000000008006058       0x1a c:/st/stm32cubeide_1.8.0/stm32cubeide/plugins/com.st.stm32cube.ide.mcu.externaltools.gnu-tools-for-stm32.10.3-2021.10.win32_1.0.0.202111181127/tools/bin/../lib/gcc/arm-none-eabi/10.3.1/../../../../arm-none-eabi/lib/thumb/v7-m/nofp\libc_nano.a(lib_a-reent.o)
                0x0000000008006058                cleanup_glue
 *fill*         0x0000000008006072        0x2 
 .text._reclaim_reent
                0x0000000008006074       0xb8 c:/st/stm32cubeide_1.8.0/stm32cubeide/plugins/com.st.stm32cube.ide.mcu.externaltools.gnu-tools-for-stm32.10.3-2021.10.win32_1.0.0.202111181127/tools/bin/../lib/gcc/arm-none-eabi/10.3.1/../../../../arm-none-eabi/lib/thumb/v7-m/nofp\libc_nano.a(lib_a-reent.o)
                0x0000000008006074                _reclaim_reent
 .text.__malloc_lock
                0x000000000800612c        0xc c:/st/stm32cubeide_1.8.0/stm32cubeide/plugins/com.st.stm32cube.ide.mcu.externaltools.gnu-tools-for-stm32.10.3-2021.10.win32_1.0.0.202111181127/tools/bin/../lib/gcc/arm-none-eabi/10.3.1/../../../../arm-none-eabi/lib/thumb/v7-m/nofp\libc_nano.a(lib_a-mlock.o)
                0x000000000800612c                __malloc_lock
 .text.__malloc_unlock
                0x0000000008006138        0xc c:/st/stm32cubeide_1.8.0/stm32cubeide/plugins/com.st.stm32cube.ide.mcu.externaltools.gnu-tools-for-stm32.10.3-2021.10.win32_1.0.0.202111181127/tools/bin/../lib/gcc/arm-none-eabi/10.3.1/../../../../arm-none-eabi/lib/thumb/v7-m/nofp\libc_nano.a(lib_a-mlock.o)
                0x0000000008006138                __malloc_unlock
 .text._free_r  0x0000000008006144       0x90 c:/st/stm32cubeide_1.8.0/stm32cubeide/plugins/com.st.stm32cube.ide.mcu.externaltools.gnu-tools-for-stm32.10.3-2021.10.win32_1.0.0.202111181127/tools/bin/../lib/gcc/arm-none-eabi/10.3.1/../../../../arm-none-eabi/lib/thumb/v7-m/nofp\libc_nano.a(lib_a-nano-freer.o)
                0x0000000008006144                _free_r
 *(.glue_7)
 .glue_7        0x00000000080061d4        0x0 linker stubs
 *(.glue_7t)
 .glue_7t       0x00000000080061d4        0x0 linker stubs
 *(.eh_frame)
 .eh_frame      0x00000000080061d4        0x0 c:/st/stm32cubeide_1.8.0/stm32cubeide/plugins/com.st.stm32cube.ide.mcu.externaltools.gnu-tools-for-stm32.10.3-2021.10.win32_1.0.0.202111181127/tools/bin/../lib/gcc/arm-none-eabi/10.3.1/thumb/v7-m/nofp/crtbegin.o
 *(.init)
 .init          0x00000000080061d4        0x4 c:/st/stm32cubeide_1.8.0/stm32cubeide/plugins/com.st.stm32cube.ide.mcu.externaltools.gnu-tools-for-stm32.10.3-2021.10.win32_1.0.0.202111181127/tools/bin/../lib/gcc/arm-none-eabi/10.3.1/thumb/v7-m/nofp/crti.o
                0x00000000080061d4                _init
 .init          0x00000000080061d8        0x8 c:/st/stm32cubeide_1.8.0/stm32cubeide/plugins/com.st.stm32cube.ide.mcu.externaltools.gnu-tools-for-stm32.10.3-2021.10.win32_1.0.0.202111181127/tools/bin/../lib/gcc/arm-none-eabi/10.3.1/thumb/v7-m/nofp/crtn.o
 *(.fini)
 .fini          0x00000000080061e0        0x4 c:/st/stm32cubeide_1.8.0/stm32cubeide/plugins/com.st.stm32cube.ide.mcu.externaltools.gnu-tools-for-stm32.10.3-2021.10.win32_1.0.0.202111181127/tools/bin/../lib/gcc/arm-none-eabi/10.3.1/thumb/v7-m/nofp/crti.o
                0x00000000080061e0                _fini
 .fini          0x00000000080061e4        0x8 c:/st/stm32cubeide_1.8.0/stm32cubeide/plugins/com.st.stm32cube.ide.mcu.externaltools.gnu-tools-for-stm32.10.3-2021.10.win32_1.0.0.202111181127/tools/bin/../lib/gcc/arm-none-eabi/10.3.1/thumb/v7-m/nofp/crtn.o
                0x00000000080061ec                . = ALIGN (0x4)
                0x00000000080061ec                _etext = .

.vfp11_veneer   0x00000000080061ec        0x0
 .vfp11_veneer  0x00000000080061ec        0x0 linker stubs

.v4_bx          0x00000000080061ec        0x0
 .v4_bx         0x00000000080061ec        0x0 linker stubs

.iplt           0x00000000080061ec        0x0
 .iplt          0x00000000080061ec        0x0 c:/st/stm32cubeide_1.8.0/stm32cubeide/plugins/com.st.stm32cube.ide.mcu.externaltools.gnu-tools-for-stm32.10.3-2021.10.win32_1.0.0.202111181127/tools/bin/../lib/gcc/arm-none-eabi/10.3.1/thumb/v7-m/nofp/crtbegin.o

.rodata         0x00000000080061ec      0x12c
                0x00000000080061ec                . = ALIGN (0x4)
 *(.rodata)
 .rodata        0x00000000080061ec       0x74 ./Core/Src/fungsi.o
 .rodata        0x0000000008006260       0x28 ./Core/Src/main.o
 .rodata        0x0000000008006288       0x10 ./Drivers/STM32F1xx_HAL_Driver/Src/stm32f1xx_hal_rcc.o
 .rodata        0x0000000008006298        0x5 ./Middlewares/Third_Party/FreeRTOS/Source/tasks.o
 *(.rodata*)
 *fill*         0x000000000800629d        0x3 
 .rodata.AHBPrescTable
                0x00000000080062a0       0x10 ./Core/Src/system_stm32f1xx.o
                0x00000000080062a0                AHBPrescTable
 .rodata.APBPrescTable
                0x00000000080062b0        0x8 ./Core/Src/system_stm32f1xx.o
                0x00000000080062b0                APBPrescTable
 .rodata.__sf_fake_stderr
                0x00000000080062b8       0x20 c:/st/stm32cubeide_1.8.0/stm32cubeide/plugins/com.st.stm32cube.ide.mcu.externaltools.gnu-tools-for-stm32.10.3-2021.10.win32_1.0.0.202111181127/tools/bin/../lib/gcc/arm-none-eabi/10.3.1/../../../../arm-none-eabi/lib/thumb/v7-m/nofp\libc_nano.a(lib_a-findfp.o)
                0x00000000080062b8                __sf_fake_stderr
 .rodata.__sf_fake_stdin
                0x00000000080062d8       0x20 c:/st/stm32cubeide_1.8.0/stm32cubeide/plugins/com.st.stm32cube.ide.mcu.externaltools.gnu-tools-for-stm32.10.3-2021.10.win32_1.0.0.202111181127/tools/bin/../lib/gcc/arm-none-eabi/10.3.1/../../../../arm-none-eabi/lib/thumb/v7-m/nofp\libc_nano.a(lib_a-findfp.o)
                0x00000000080062d8                __sf_fake_stdin
 .rodata.__sf_fake_stdout
                0x00000000080062f8       0x20 c:/st/stm32cubeide_1.8.0/stm32cubeide/plugins/com.st.stm32cube.ide.mcu.externaltools.gnu-tools-for-stm32.10.3-2021.10.win32_1.0.0.202111181127/tools/bin/../lib/gcc/arm-none-eabi/10.3.1/../../../../arm-none-eabi/lib/thumb/v7-m/nofp\libc_nano.a(lib_a-findfp.o)
                0x00000000080062f8                __sf_fake_stdout
                0x0000000008006318                . = ALIGN (0x4)

.rel.dyn        0x0000000008006318        0x0
 .rel.iplt      0x0000000008006318        0x0 c:/st/stm32cubeide_1.8.0/stm32cubeide/plugins/com.st.stm32cube.ide.mcu.externaltools.gnu-tools-for-stm32.10.3-2021.10.win32_1.0.0.202111181127/tools/bin/../lib/gcc/arm-none-eabi/10.3.1/thumb/v7-m/nofp/crtbegin.o

.ARM.extab      0x0000000008006318        0x0
                0x0000000008006318                . = ALIGN (0x4)
 *(.ARM.extab* .gnu.linkonce.armextab.*)
                0x0000000008006318                . = ALIGN (0x4)

.ARM            0x0000000008006318        0x0
                0x0000000008006318                . = ALIGN (0x4)
                0x0000000008006318                __exidx_start = .
 *(.ARM.exidx*)
                0x0000000008006318                __exidx_end = .
                0x0000000008006318                . = ALIGN (0x4)

.preinit_array  0x0000000008006318        0x0
                0x0000000008006318                . = ALIGN (0x4)
                0x0000000008006318                PROVIDE (__preinit_array_start = .)
 *(.preinit_array*)
                0x0000000008006318                PROVIDE (__preinit_array_end = .)
                0x0000000008006318                . = ALIGN (0x4)

.init_array     0x0000000008006318        0x4
                0x0000000008006318                . = ALIGN (0x4)
                0x0000000008006318                PROVIDE (__init_array_start = .)
 *(SORT_BY_NAME(.init_array.*))
 *(.init_array*)
 .init_array    0x0000000008006318        0x4 c:/st/stm32cubeide_1.8.0/stm32cubeide/plugins/com.st.stm32cube.ide.mcu.externaltools.gnu-tools-for-stm32.10.3-2021.10.win32_1.0.0.202111181127/tools/bin/../lib/gcc/arm-none-eabi/10.3.1/thumb/v7-m/nofp/crtbegin.o
                0x000000000800631c                PROVIDE (__init_array_end = .)
                0x000000000800631c                . = ALIGN (0x4)

.fini_array     0x000000000800631c        0x4
                0x000000000800631c                . = ALIGN (0x4)
                [!provide]                        PROVIDE (__fini_array_start = .)
 *(SORT_BY_NAME(.fini_array.*))
 *(.fini_array*)
 .fini_array    0x000000000800631c        0x4 c:/st/stm32cubeide_1.8.0/stm32cubeide/plugins/com.st.stm32cube.ide.mcu.externaltools.gnu-tools-for-stm32.10.3-2021.10.win32_1.0.0.202111181127/tools/bin/../lib/gcc/arm-none-eabi/10.3.1/thumb/v7-m/nofp/crtbegin.o
                [!provide]                        PROVIDE (__fini_array_end = .)
                0x0000000008006320                . = ALIGN (0x4)
                0x0000000008006320                _sidata = LOADADDR (.data)

.data           0x0000000020000000       0x78 load address 0x0000000008006320
                0x0000000020000000                . = ALIGN (0x4)
                0x0000000020000000                _sdata = .
 *(.data)
 *(.data*)
 .data.selfID   0x0000000020000000        0x1 ./Core/Src/fungsi.o
                0x0000000020000000                selfID
 *fill*         0x0000000020000001        0x3 
 .data.SystemCoreClock
                0x0000000020000004        0x4 ./Core/Src/system_stm32f1xx.o
                0x0000000020000004                SystemCoreClock
 .data.uwTickPrio
                0x0000000020000008        0x4 ./Drivers/STM32F1xx_HAL_Driver/Src/stm32f1xx_hal.o
                0x0000000020000008                uwTickPrio
 .data.uwTickFreq
                0x000000002000000c        0x1 ./Drivers/STM32F1xx_HAL_Driver/Src/stm32f1xx_hal.o
                0x000000002000000c                uwTickFreq
 *fill*         0x000000002000000d        0x3 
 .data.uxCriticalNesting
                0x0000000020000010        0x4 ./Middlewares/Third_Party/FreeRTOS/Source/portable/GCC/ARM_CM3/port.o
 .data._impure_ptr
                0x0000000020000014        0x4 c:/st/stm32cubeide_1.8.0/stm32cubeide/plugins/com.st.stm32cube.ide.mcu.externaltools.gnu-tools-for-stm32.10.3-2021.10.win32_1.0.0.202111181127/tools/bin/../lib/gcc/arm-none-eabi/10.3.1/../../../../arm-none-eabi/lib/thumb/v7-m/nofp\libc_nano.a(lib_a-impure.o)
                0x0000000020000014                _impure_ptr
 .data.impure_data
                0x0000000020000018       0x60 c:/st/stm32cubeide_1.8.0/stm32cubeide/plugins/com.st.stm32cube.ide.mcu.externaltools.gnu-tools-for-stm32.10.3-2021.10.win32_1.0.0.202111181127/tools/bin/../lib/gcc/arm-none-eabi/10.3.1/../../../../arm-none-eabi/lib/thumb/v7-m/nofp\libc_nano.a(lib_a-impure.o)
 *(.RamFunc)
 *(.RamFunc*)
                0x0000000020000078                . = ALIGN (0x4)
                0x0000000020000078                _edata = .

.igot.plt       0x0000000020000078        0x0 load address 0x0000000008006398
 .igot.plt      0x0000000020000078        0x0 c:/st/stm32cubeide_1.8.0/stm32cubeide/plugins/com.st.stm32cube.ide.mcu.externaltools.gnu-tools-for-stm32.10.3-2021.10.win32_1.0.0.202111181127/tools/bin/../lib/gcc/arm-none-eabi/10.3.1/thumb/v7-m/nofp/crtbegin.o
                0x0000000020000078                . = ALIGN (0x4)

.bss            0x0000000020000078     0x1234 load address 0x0000000008006398
                0x0000000020000078                _sbss = .
                0x0000000020000078                __bss_start__ = _sbss
 *(.bss)
 .bss           0x0000000020000078       0x1c c:/st/stm32cubeide_1.8.0/stm32cubeide/plugins/com.st.stm32cube.ide.mcu.externaltools.gnu-tools-for-stm32.10.3-2021.10.win32_1.0.0.202111181127/tools/bin/../lib/gcc/arm-none-eabi/10.3.1/thumb/v7-m/nofp/crtbegin.o
 *(.bss*)
 .bss.EraseInitStruct.0
                0x0000000020000094       0x10 ./Core/Src/FLASH.o
 .bss.ultrasonic1
                0x00000000200000a4       0x14 ./Core/Src/HC04.o
                0x00000000200000a4                ultrasonic1
 .bss.RxHeader  0x00000000200000b8       0x1c ./Core/Src/com_can.o
                0x00000000200000b8                RxHeader
 .bss.TxHeader  0x00000000200000d4       0x18 ./Core/Src/com_can.o
                0x00000000200000d4                TxHeader
 .bss.TxData    0x00000000200000ec        0x8 ./Core/Src/com_can.o
                0x00000000200000ec                TxData
 .bss.RxData    0x00000000200000f4        0x8 ./Core/Src/com_can.o
                0x00000000200000f4                RxData
 .bss.TxMailbox
                0x00000000200000fc        0x4 ./Core/Src/com_can.o
                0x00000000200000fc                TxMailbox
 .bss.ind       0x0000000020000100        0x4 ./Core/Src/com_can.o
                0x0000000020000100                ind
 .bss.rx_buffer
                0x0000000020000104       0x40 ./Core/Src/com_can.o
 .bss.rxbuf_ind
                0x0000000020000144        0x4 ./Core/Src/com_can.o
                0x0000000020000144                rxbuf_ind
 .bss.canSetMode
                0x0000000020000148        0x4 ./Core/Src/com_can.o
                0x0000000020000148                canSetMode
 .bss.xIdleTaskTCBBuffer
                0x000000002000014c       0xb4 ./Core/Src/freertos.o
 .bss.xIdleStack
                0x0000000020000200      0x200 ./Core/Src/freertos.o
 .bss.Task2Handle
                0x0000000020000400        0x4 ./Core/Src/fungsi.o
                0x0000000020000400                Task2Handle
 .bss.TaskTimerHandle
                0x0000000020000404        0x4 ./Core/Src/fungsi.o
                0x0000000020000404                TaskTimerHandle
 .bss.TaskFlowHandle
                0x0000000020000408        0x4 ./Core/Src/fungsi.o
                0x0000000020000408                TaskFlowHandle
 .bss.level     0x000000002000040c        0x1 ./Core/Src/fungsi.o
                0x000000002000040c                level
 .bss.flagBackwash
                0x000000002000040d        0x1 ./Core/Src/fungsi.o
                0x000000002000040d                flagBackwash
 *fill*         0x000000002000040e        0x2 
 .bss.buff      0x0000000020000410        0x4 ./Core/Src/fungsi.o
                0x0000000020000410                buff
 .bss.timerEAB  0x0000000020000414        0x4 ./Core/Src/fungsi.o
                0x0000000020000414                timerEAB
 .bss.mode      0x0000000020000418        0x4 ./Core/Src/fungsi.o
                0x0000000020000418                mode
 .bss.counter   0x000000002000041c        0x4 ./Core/Src/fungsi.o
                0x000000002000041c                counter
 .bss.timerBackwash
                0x0000000020000420        0x4 ./Core/Src/fungsi.o
                0x0000000020000420                timerBackwash
 .bss.flow      0x0000000020000424        0x4 ./Core/Src/fungsi.o
                0x0000000020000424                flow
 .bss.signalCounter
                0x0000000020000428        0x4 ./Core/Src/fungsi.o
                0x0000000020000428                signalCounter
 .bss.hcan      0x000000002000042c       0x28 ./Core/Src/main.o
                0x000000002000042c                hcan
 .bss.htim2     0x0000000020000454       0x48 ./Core/Src/main.o
                0x0000000020000454                htim2
 .bss.htim3     0x000000002000049c       0x48 ./Core/Src/main.o
                0x000000002000049c                htim3
 .bss.defaultTaskHandle
                0x00000000200004e4        0x4 ./Core/Src/main.o
                0x00000000200004e4                defaultTaskHandle
 .bss.htim4     0x00000000200004e8       0x48 ./Core/Src/stm32f1xx_hal_timebase_tim.o
                0x00000000200004e8                htim4
 .bss.uwTick    0x0000000020000530        0x4 ./Drivers/STM32F1xx_HAL_Driver/Src/stm32f1xx_hal.o
                0x0000000020000530                uwTick
 *fill*         0x0000000020000534        0x4 
 .bss.pFlash    0x0000000020000538       0x20 ./Drivers/STM32F1xx_HAL_Driver/Src/stm32f1xx_hal_flash.o
                0x0000000020000538                pFlash
 .bss.pxCurrentTCB
                0x0000000020000558        0x4 ./Middlewares/Third_Party/FreeRTOS/Source/tasks.o
                0x0000000020000558                pxCurrentTCB
 .bss.pxReadyTasksLists
                0x000000002000055c       0x8c ./Middlewares/Third_Party/FreeRTOS/Source/tasks.o
 .bss.xDelayedTaskList1
                0x00000000200005e8       0x14 ./Middlewares/Third_Party/FreeRTOS/Source/tasks.o
 .bss.xDelayedTaskList2
                0x00000000200005fc       0x14 ./Middlewares/Third_Party/FreeRTOS/Source/tasks.o
 .bss.pxDelayedTaskList
                0x0000000020000610        0x4 ./Middlewares/Third_Party/FreeRTOS/Source/tasks.o
 .bss.pxOverflowDelayedTaskList
                0x0000000020000614        0x4 ./Middlewares/Third_Party/FreeRTOS/Source/tasks.o
 .bss.xPendingReadyList
                0x0000000020000618       0x14 ./Middlewares/Third_Party/FreeRTOS/Source/tasks.o
 .bss.xTasksWaitingTermination
                0x000000002000062c       0x14 ./Middlewares/Third_Party/FreeRTOS/Source/tasks.o
 .bss.uxDeletedTasksWaitingCleanUp
                0x0000000020000640        0x4 ./Middlewares/Third_Party/FreeRTOS/Source/tasks.o
 .bss.xSuspendedTaskList
                0x0000000020000644       0x14 ./Middlewares/Third_Party/FreeRTOS/Source/tasks.o
 .bss.uxCurrentNumberOfTasks
                0x0000000020000658        0x4 ./Middlewares/Third_Party/FreeRTOS/Source/tasks.o
 .bss.xTickCount
                0x000000002000065c        0x4 ./Middlewares/Third_Party/FreeRTOS/Source/tasks.o
 .bss.uxTopReadyPriority
                0x0000000020000660        0x4 ./Middlewares/Third_Party/FreeRTOS/Source/tasks.o
 .bss.xSchedulerRunning
                0x0000000020000664        0x4 ./Middlewares/Third_Party/FreeRTOS/Source/tasks.o
 .bss.uxPendedTicks
                0x0000000020000668        0x4 ./Middlewares/Third_Party/FreeRTOS/Source/tasks.o
 .bss.xYieldPending
                0x000000002000066c        0x4 ./Middlewares/Third_Party/FreeRTOS/Source/tasks.o
 .bss.xNumOfOverflows
                0x0000000020000670        0x4 ./Middlewares/Third_Party/FreeRTOS/Source/tasks.o
 .bss.uxTaskNumber
                0x0000000020000674        0x4 ./Middlewares/Third_Party/FreeRTOS/Source/tasks.o
 .bss.xNextTaskUnblockTime
                0x0000000020000678        0x4 ./Middlewares/Third_Party/FreeRTOS/Source/tasks.o
 .bss.xIdleTaskHandle
                0x000000002000067c        0x4 ./Middlewares/Third_Party/FreeRTOS/Source/tasks.o
 .bss.uxSchedulerSuspended
                0x0000000020000680        0x4 ./Middlewares/Third_Party/FreeRTOS/Source/tasks.o
 .bss.ucMaxSysCallPriority
                0x0000000020000684        0x1 ./Middlewares/Third_Party/FreeRTOS/Source/portable/GCC/ARM_CM3/port.o
 *fill*         0x0000000020000685        0x3 
 .bss.ulMaxPRIGROUPValue
                0x0000000020000688        0x4 ./Middlewares/Third_Party/FreeRTOS/Source/portable/GCC/ARM_CM3/port.o
 .bss.ucHeap    0x000000002000068c      0xc00 ./Middlewares/Third_Party/FreeRTOS/Source/portable/MemMang/heap_4.o
 .bss.xStart    0x000000002000128c        0x8 ./Middlewares/Third_Party/FreeRTOS/Source/portable/MemMang/heap_4.o
 .bss.pxEnd     0x0000000020001294        0x4 ./Middlewares/Third_Party/FreeRTOS/Source/portable/MemMang/heap_4.o
 .bss.xFreeBytesRemaining
                0x0000000020001298        0x4 ./Middlewares/Third_Party/FreeRTOS/Source/portable/MemMang/heap_4.o
 .bss.xMinimumEverFreeBytesRemaining
                0x000000002000129c        0x4 ./Middlewares/Third_Party/FreeRTOS/Source/portable/MemMang/heap_4.o
 .bss.xBlockAllocatedBit
                0x00000000200012a0        0x4 ./Middlewares/Third_Party/FreeRTOS/Source/portable/MemMang/heap_4.o
 .bss.__lock___malloc_recursive_mutex
                0x00000000200012a4        0x1 c:/st/stm32cubeide_1.8.0/stm32cubeide/plugins/com.st.stm32cube.ide.mcu.externaltools.gnu-tools-for-stm32.10.3-2021.10.win32_1.0.0.202111181127/tools/bin/../lib/gcc/arm-none-eabi/10.3.1/../../../../arm-none-eabi/lib/thumb/v7-m/nofp\libc_nano.a(lib_a-lock.o)
                0x00000000200012a4                __lock___malloc_recursive_mutex
 *fill*         0x00000000200012a5        0x3 
 .bss.__malloc_free_list
                0x00000000200012a8        0x4 c:/st/stm32cubeide_1.8.0/stm32cubeide/plugins/com.st.stm32cube.ide.mcu.externaltools.gnu-tools-for-stm32.10.3-2021.10.win32_1.0.0.202111181127/tools/bin/../lib/gcc/arm-none-eabi/10.3.1/../../../../arm-none-eabi/lib/thumb/v7-m/nofp\libc_nano.a(lib_a-nano-mallocr.o)
                0x00000000200012a8                __malloc_free_list
 *(COMMON)
                0x00000000200012ac                . = ALIGN (0x4)
                0x00000000200012ac                _ebss = .
                0x00000000200012ac                __bss_end__ = _ebss

._user_heap_stack
                0x00000000200012ac      0x604 load address 0x0000000008006398
                0x00000000200012b0                . = ALIGN (0x8)
 *fill*         0x00000000200012ac        0x4 
                [!provide]                        PROVIDE (end = .)
                0x00000000200012b0                PROVIDE (_end = .)
                0x00000000200014b0                . = (. + _Min_Heap_Size)
 *fill*         0x00000000200012b0      0x200 
                0x00000000200018b0                . = (. + _Min_Stack_Size)
 *fill*         0x00000000200014b0      0x400 
                0x00000000200018b0                . = ALIGN (0x8)

/DISCARD/
 libc.a(*)
 libm.a(*)
 libgcc.a(*)

.ARM.attributes
                0x0000000000000000       0x29
 *(.ARM.attributes)
 .ARM.attributes
                0x0000000000000000       0x1d c:/st/stm32cubeide_1.8.0/stm32cubeide/plugins/com.st.stm32cube.ide.mcu.externaltools.gnu-tools-for-stm32.10.3-2021.10.win32_1.0.0.202111181127/tools/bin/../lib/gcc/arm-none-eabi/10.3.1/thumb/v7-m/nofp/crti.o
 .ARM.attributes
                0x000000000000001d       0x2d c:/st/stm32cubeide_1.8.0/stm32cubeide/plugins/com.st.stm32cube.ide.mcu.externaltools.gnu-tools-for-stm32.10.3-2021.10.win32_1.0.0.202111181127/tools/bin/../lib/gcc/arm-none-eabi/10.3.1/thumb/v7-m/nofp/crtbegin.o
 .ARM.attributes
                0x000000000000004a       0x2d ./Core/Src/FLASH.o
 .ARM.attributes
                0x0000000000000077       0x2d ./Core/Src/HC04.o
 .ARM.attributes
                0x00000000000000a4       0x2d ./Core/Src/com_can.o
 .ARM.attributes
                0x00000000000000d1       0x2d ./Core/Src/freertos.o
 .ARM.attributes
                0x00000000000000fe       0x2d ./Core/Src/fungsi.o
 .ARM.attributes
                0x000000000000012b       0x2d ./Core/Src/gpio.o
 .ARM.attributes
                0x0000000000000158       0x2d ./Core/Src/main.o
 .ARM.attributes
                0x0000000000000185       0x2d ./Core/Src/stm32f1xx_hal_msp.o
 .ARM.attributes
                0x00000000000001b2       0x2d ./Core/Src/stm32f1xx_hal_timebase_tim.o
 .ARM.attributes
                0x00000000000001df       0x2d ./Core/Src/stm32f1xx_it.o
 .ARM.attributes
                0x000000000000020c       0x2d ./Core/Src/system_stm32f1xx.o
 .ARM.attributes
                0x0000000000000239       0x21 ./Core/Startup/startup_stm32f103c8tx.o
 .ARM.attributes
                0x000000000000025a       0x2d ./Drivers/STM32F1xx_HAL_Driver/Src/stm32f1xx_hal.o
 .ARM.attributes
                0x0000000000000287       0x2d ./Drivers/STM32F1xx_HAL_Driver/Src/stm32f1xx_hal_can.o
 .ARM.attributes
                0x00000000000002b4       0x2d ./Drivers/STM32F1xx_HAL_Driver/Src/stm32f1xx_hal_cortex.o
 .ARM.attributes
                0x00000000000002e1       0x2d ./Drivers/STM32F1xx_HAL_Driver/Src/stm32f1xx_hal_flash.o
 .ARM.attributes
                0x000000000000030e       0x2d ./Drivers/STM32F1xx_HAL_Driver/Src/stm32f1xx_hal_flash_ex.o
 .ARM.attributes
                0x000000000000033b       0x2d ./Drivers/STM32F1xx_HAL_Driver/Src/stm32f1xx_hal_gpio.o
 .ARM.attributes
                0x0000000000000368       0x2d ./Drivers/STM32F1xx_HAL_Driver/Src/stm32f1xx_hal_rcc.o
 .ARM.attributes
                0x0000000000000395       0x2d ./Drivers/STM32F1xx_HAL_Driver/Src/stm32f1xx_hal_tim.o
 .ARM.attributes
                0x00000000000003c2       0x2d ./Drivers/STM32F1xx_HAL_Driver/Src/stm32f1xx_hal_tim_ex.o
 .ARM.attributes
                0x00000000000003ef       0x2d ./Middlewares/Third_Party/FreeRTOS/Source/CMSIS_RTOS/cmsis_os.o
 .ARM.attributes
                0x000000000000041c       0x2d ./Middlewares/Third_Party/FreeRTOS/Source/list.o
 .ARM.attributes
                0x0000000000000449       0x2d ./Middlewares/Third_Party/FreeRTOS/Source/tasks.o
 .ARM.attributes
                0x0000000000000476       0x2d ./Middlewares/Third_Party/FreeRTOS/Source/portable/GCC/ARM_CM3/port.o
 .ARM.attributes
                0x00000000000004a3       0x2d ./Middlewares/Third_Party/FreeRTOS/Source/portable/MemMang/heap_4.o
 .ARM.attributes
                0x00000000000004d0       0x2d c:/st/stm32cubeide_1.8.0/stm32cubeide/plugins/com.st.stm32cube.ide.mcu.externaltools.gnu-tools-for-stm32.10.3-2021.10.win32_1.0.0.202111181127/tools/bin/../lib/gcc/arm-none-eabi/10.3.1/../../../../arm-none-eabi/lib/thumb/v7-m/nofp\libc_nano.a(lib_a-findfp.o)
 .ARM.attributes
                0x00000000000004fd       0x2d c:/st/stm32cubeide_1.8.0/stm32cubeide/plugins/com.st.stm32cube.ide.mcu.externaltools.gnu-tools-for-stm32.10.3-2021.10.win32_1.0.0.202111181127/tools/bin/../lib/gcc/arm-none-eabi/10.3.1/../../../../arm-none-eabi/lib/thumb/v7-m/nofp\libc_nano.a(lib_a-impure.o)
 .ARM.attributes
                0x000000000000052a       0x2d c:/st/stm32cubeide_1.8.0/stm32cubeide/plugins/com.st.stm32cube.ide.mcu.externaltools.gnu-tools-for-stm32.10.3-2021.10.win32_1.0.0.202111181127/tools/bin/../lib/gcc/arm-none-eabi/10.3.1/../../../../arm-none-eabi/lib/thumb/v7-m/nofp\libc_nano.a(lib_a-init.o)
 .ARM.attributes
                0x0000000000000557       0x2d c:/st/stm32cubeide_1.8.0/stm32cubeide/plugins/com.st.stm32cube.ide.mcu.externaltools.gnu-tools-for-stm32.10.3-2021.10.win32_1.0.0.202111181127/tools/bin/../lib/gcc/arm-none-eabi/10.3.1/../../../../arm-none-eabi/lib/thumb/v7-m/nofp\libc_nano.a(lib_a-lock.o)
 .ARM.attributes
                0x0000000000000584       0x2d c:/st/stm32cubeide_1.8.0/stm32cubeide/plugins/com.st.stm32cube.ide.mcu.externaltools.gnu-tools-for-stm32.10.3-2021.10.win32_1.0.0.202111181127/tools/bin/../lib/gcc/arm-none-eabi/10.3.1/../../../../arm-none-eabi/lib/thumb/v7-m/nofp\libc_nano.a(lib_a-memcpy-stub.o)
 .ARM.attributes
                0x00000000000005b1       0x2d c:/st/stm32cubeide_1.8.0/stm32cubeide/plugins/com.st.stm32cube.ide.mcu.externaltools.gnu-tools-for-stm32.10.3-2021.10.win32_1.0.0.202111181127/tools/bin/../lib/gcc/arm-none-eabi/10.3.1/../../../../arm-none-eabi/lib/thumb/v7-m/nofp\libc_nano.a(lib_a-memset.o)
 .ARM.attributes
                0x00000000000005de       0x2d c:/st/stm32cubeide_1.8.0/stm32cubeide/plugins/com.st.stm32cube.ide.mcu.externaltools.gnu-tools-for-stm32.10.3-2021.10.win32_1.0.0.202111181127/tools/bin/../lib/gcc/arm-none-eabi/10.3.1/../../../../arm-none-eabi/lib/thumb/v7-m/nofp\libc_nano.a(lib_a-nano-mallocr.o)
 .ARM.attributes
                0x000000000000060b       0x2d c:/st/stm32cubeide_1.8.0/stm32cubeide/plugins/com.st.stm32cube.ide.mcu.externaltools.gnu-tools-for-stm32.10.3-2021.10.win32_1.0.0.202111181127/tools/bin/../lib/gcc/arm-none-eabi/10.3.1/../../../../arm-none-eabi/lib/thumb/v7-m/nofp\libc_nano.a(lib_a-reent.o)
 .ARM.attributes
                0x0000000000000638       0x2d c:/st/stm32cubeide_1.8.0/stm32cubeide/plugins/com.st.stm32cube.ide.mcu.externaltools.gnu-tools-for-stm32.10.3-2021.10.win32_1.0.0.202111181127/tools/bin/../lib/gcc/arm-none-eabi/10.3.1/../../../../arm-none-eabi/lib/thumb/v7-m/nofp\libc_nano.a(lib_a-mlock.o)
 .ARM.attributes
                0x0000000000000665       0x2d c:/st/stm32cubeide_1.8.0/stm32cubeide/plugins/com.st.stm32cube.ide.mcu.externaltools.gnu-tools-for-stm32.10.3-2021.10.win32_1.0.0.202111181127/tools/bin/../lib/gcc/arm-none-eabi/10.3.1/../../../../arm-none-eabi/lib/thumb/v7-m/nofp\libc_nano.a(lib_a-nano-freer.o)
 .ARM.attributes
                0x0000000000000692       0x1d c:/st/stm32cubeide_1.8.0/stm32cubeide/plugins/com.st.stm32cube.ide.mcu.externaltools.gnu-tools-for-stm32.10.3-2021.10.win32_1.0.0.202111181127/tools/bin/../lib/gcc/arm-none-eabi/10.3.1/thumb/v7-m/nofp\libgcc.a(_arm_mulsf3.o)
 .ARM.attributes
                0x00000000000006af       0x1d c:/st/stm32cubeide_1.8.0/stm32cubeide/plugins/com.st.stm32cube.ide.mcu.externaltools.gnu-tools-for-stm32.10.3-2021.10.win32_1.0.0.202111181127/tools/bin/../lib/gcc/arm-none-eabi/10.3.1/thumb/v7-m/nofp\libgcc.a(_arm_addsubdf3.o)
 .ARM.attributes
                0x00000000000006cc       0x1d c:/st/stm32cubeide_1.8.0/stm32cubeide/plugins/com.st.stm32cube.ide.mcu.externaltools.gnu-tools-for-stm32.10.3-2021.10.win32_1.0.0.202111181127/tools/bin/../lib/gcc/arm-none-eabi/10.3.1/thumb/v7-m/nofp\libgcc.a(_arm_muldivdf3.o)
 .ARM.attributes
                0x00000000000006e9       0x1d c:/st/stm32cubeide_1.8.0/stm32cubeide/plugins/com.st.stm32cube.ide.mcu.externaltools.gnu-tools-for-stm32.10.3-2021.10.win32_1.0.0.202111181127/tools/bin/../lib/gcc/arm-none-eabi/10.3.1/thumb/v7-m/nofp\libgcc.a(_arm_truncdfsf2.o)
 .ARM.attributes
                0x0000000000000706       0x1d c:/st/stm32cubeide_1.8.0/stm32cubeide/plugins/com.st.stm32cube.ide.mcu.externaltools.gnu-tools-for-stm32.10.3-2021.10.win32_1.0.0.202111181127/tools/bin/../lib/gcc/arm-none-eabi/10.3.1/thumb/v7-m/nofp\libgcc.a(_arm_cmpsf2.o)
 .ARM.attributes
                0x0000000000000723       0x1d c:/st/stm32cubeide_1.8.0/stm32cubeide/plugins/com.st.stm32cube.ide.mcu.externaltools.gnu-tools-for-stm32.10.3-2021.10.win32_1.0.0.202111181127/tools/bin/../lib/gcc/arm-none-eabi/10.3.1/thumb/v7-m/nofp\libgcc.a(_arm_fixunssfsi.o)
 .ARM.attributes
                0x0000000000000740       0x1d c:/st/stm32cubeide_1.8.0/stm32cubeide/plugins/com.st.stm32cube.ide.mcu.externaltools.gnu-tools-for-stm32.10.3-2021.10.win32_1.0.0.202111181127/tools/bin/../lib/gcc/arm-none-eabi/10.3.1/thumb/v7-m/nofp/crtn.o
OUTPUT(wtp_militer.elf elf32-littlearm)
LOAD linker stubs
LOAD c:/st/stm32cubeide_1.8.0/stm32cubeide/plugins/com.st.stm32cube.ide.mcu.externaltools.gnu-tools-for-stm32.10.3-2021.10.win32_1.0.0.202111181127/tools/bin/../lib/gcc/arm-none-eabi/10.3.1/../../../../arm-none-eabi/lib/thumb/v7-m/nofp\libc.a
LOAD c:/st/stm32cubeide_1.8.0/stm32cubeide/plugins/com.st.stm32cube.ide.mcu.externaltools.gnu-tools-for-stm32.10.3-2021.10.win32_1.0.0.202111181127/tools/bin/../lib/gcc/arm-none-eabi/10.3.1/../../../../arm-none-eabi/lib/thumb/v7-m/nofp\libm.a
LOAD c:/st/stm32cubeide_1.8.0/stm32cubeide/plugins/com.st.stm32cube.ide.mcu.externaltools.gnu-tools-for-stm32.10.3-2021.10.win32_1.0.0.202111181127/tools/bin/../lib/gcc/arm-none-eabi/10.3.1/thumb/v7-m/nofp\libgcc.a

.debug_info     0x0000000000000000    0x1482e
 .debug_info    0x0000000000000000      0x527 ./Core/Src/FLASH.o
 .debug_info    0x0000000000000527      0x7ea ./Core/Src/HC04.o
 .debug_info    0x0000000000000d11      0x9ba ./Core/Src/com_can.o
 .debug_info    0x00000000000016cb      0x9b6 ./Core/Src/freertos.o
 .debug_info    0x0000000000002081      0xfe6 ./Core/Src/fungsi.o
 .debug_info    0x0000000000003067      0x4c5 ./Core/Src/gpio.o
 .debug_info    0x000000000000352c     0x1c7f ./Core/Src/main.o
 .debug_info    0x00000000000051ab      0xf68 ./Core/Src/stm32f1xx_hal_msp.o
 .debug_info    0x0000000000006113      0x9ce ./Core/Src/stm32f1xx_hal_timebase_tim.o
 .debug_info    0x0000000000006ae1      0xad0 ./Core/Src/stm32f1xx_it.o
 .debug_info    0x00000000000075b1      0x23d ./Core/Src/system_stm32f1xx.o
 .debug_info    0x00000000000077ee       0x22 ./Core/Startup/startup_stm32f103c8tx.o
 .debug_info    0x0000000000007810      0x734 ./Drivers/STM32F1xx_HAL_Driver/Src/stm32f1xx_hal.o
 .debug_info    0x0000000000007f44      0xfb8 ./Drivers/STM32F1xx_HAL_Driver/Src/stm32f1xx_hal_can.o
 .debug_info    0x0000000000008efc      0xb20 ./Drivers/STM32F1xx_HAL_Driver/Src/stm32f1xx_hal_cortex.o
 .debug_info    0x0000000000009a1c      0x547 ./Drivers/STM32F1xx_HAL_Driver/Src/stm32f1xx_hal_flash.o
 .debug_info    0x0000000000009f63      0x7e5 ./Drivers/STM32F1xx_HAL_Driver/Src/stm32f1xx_hal_flash_ex.o
 .debug_info    0x000000000000a748      0x615 ./Drivers/STM32F1xx_HAL_Driver/Src/stm32f1xx_hal_gpio.o
 .debug_info    0x000000000000ad5d      0x860 ./Drivers/STM32F1xx_HAL_Driver/Src/stm32f1xx_hal_rcc.o
 .debug_info    0x000000000000b5bd     0x29de ./Drivers/STM32F1xx_HAL_Driver/Src/stm32f1xx_hal_tim.o
 .debug_info    0x000000000000df9b     0x1513 ./Drivers/STM32F1xx_HAL_Driver/Src/stm32f1xx_hal_tim_ex.o
 .debug_info    0x000000000000f4ae     0x232c ./Middlewares/Third_Party/FreeRTOS/Source/CMSIS_RTOS/cmsis_os.o
 .debug_info    0x00000000000117da      0x2cb ./Middlewares/Third_Party/FreeRTOS/Source/list.o
 .debug_info    0x0000000000011aa5     0x24ea ./Middlewares/Third_Party/FreeRTOS/Source/tasks.o
 .debug_info    0x0000000000013f8f      0x4b7 ./Middlewares/Third_Party/FreeRTOS/Source/portable/GCC/ARM_CM3/port.o
 .debug_info    0x0000000000014446      0x3e8 ./Middlewares/Third_Party/FreeRTOS/Source/portable/MemMang/heap_4.o

.debug_abbrev   0x0000000000000000     0x37d3
 .debug_abbrev  0x0000000000000000      0x1ff ./Core/Src/FLASH.o
 .debug_abbrev  0x00000000000001ff      0x1d9 ./Core/Src/HC04.o
 .debug_abbrev  0x00000000000003d8      0x269 ./Core/Src/com_can.o
 .debug_abbrev  0x0000000000000641      0x169 ./Core/Src/freertos.o
 .debug_abbrev  0x00000000000007aa      0x29e ./Core/Src/fungsi.o
 .debug_abbrev  0x0000000000000a48      0x17d ./Core/Src/gpio.o
 .debug_abbrev  0x0000000000000bc5      0x369 ./Core/Src/main.o
 .debug_abbrev  0x0000000000000f2e      0x207 ./Core/Src/stm32f1xx_hal_msp.o
 .debug_abbrev  0x0000000000001135      0x1d3 ./Core/Src/stm32f1xx_hal_timebase_tim.o
 .debug_abbrev  0x0000000000001308      0x1c4 ./Core/Src/stm32f1xx_it.o
 .debug_abbrev  0x00000000000014cc      0x13b ./Core/Src/system_stm32f1xx.o
 .debug_abbrev  0x0000000000001607       0x12 ./Core/Startup/startup_stm32f103c8tx.o
 .debug_abbrev  0x0000000000001619      0x1fb ./Drivers/STM32F1xx_HAL_Driver/Src/stm32f1xx_hal.o
 .debug_abbrev  0x0000000000001814      0x21d ./Drivers/STM32F1xx_HAL_Driver/Src/stm32f1xx_hal_can.o
 .debug_abbrev  0x0000000000001a31      0x2ed ./Drivers/STM32F1xx_HAL_Driver/Src/stm32f1xx_hal_cortex.o
 .debug_abbrev  0x0000000000001d1e      0x243 ./Drivers/STM32F1xx_HAL_Driver/Src/stm32f1xx_hal_flash.o
 .debug_abbrev  0x0000000000001f61      0x23b ./Drivers/STM32F1xx_HAL_Driver/Src/stm32f1xx_hal_flash_ex.o
 .debug_abbrev  0x000000000000219c      0x1bb ./Drivers/STM32F1xx_HAL_Driver/Src/stm32f1xx_hal_gpio.o
 .debug_abbrev  0x0000000000002357      0x2a8 ./Drivers/STM32F1xx_HAL_Driver/Src/stm32f1xx_hal_rcc.o
 .debug_abbrev  0x00000000000025ff      0x25d ./Drivers/STM32F1xx_HAL_Driver/Src/stm32f1xx_hal_tim.o
 .debug_abbrev  0x000000000000285c      0x265 ./Drivers/STM32F1xx_HAL_Driver/Src/stm32f1xx_hal_tim_ex.o
 .debug_abbrev  0x0000000000002ac1      0x406 ./Middlewares/Third_Party/FreeRTOS/Source/CMSIS_RTOS/cmsis_os.o
 .debug_abbrev  0x0000000000002ec7       0xf2 ./Middlewares/Third_Party/FreeRTOS/Source/list.o
 .debug_abbrev  0x0000000000002fb9      0x3c4 ./Middlewares/Third_Party/FreeRTOS/Source/tasks.o
 .debug_abbrev  0x000000000000337d      0x257 ./Middlewares/Third_Party/FreeRTOS/Source/portable/GCC/ARM_CM3/port.o
 .debug_abbrev  0x00000000000035d4      0x1ff ./Middlewares/Third_Party/FreeRTOS/Source/portable/MemMang/heap_4.o

.debug_aranges  0x0000000000000000     0x1238
 .debug_aranges
                0x0000000000000000       0x58 ./Core/Src/FLASH.o
 .debug_aranges
                0x0000000000000058       0x30 ./Core/Src/HC04.o
 .debug_aranges
                0x0000000000000088       0x48 ./Core/Src/com_can.o
 .debug_aranges
                0x00000000000000d0       0x20 ./Core/Src/freertos.o
 .debug_aranges
                0x00000000000000f0       0x70 ./Core/Src/fungsi.o
 .debug_aranges
                0x0000000000000160       0x78 ./Core/Src/gpio.o
 .debug_aranges
                0x00000000000001d8       0x60 ./Core/Src/main.o
 .debug_aranges
                0x0000000000000238       0x40 ./Core/Src/stm32f1xx_hal_msp.o
 .debug_aranges
                0x0000000000000278       0x30 ./Core/Src/stm32f1xx_hal_timebase_tim.o
 .debug_aranges
                0x00000000000002a8       0x60 ./Core/Src/stm32f1xx_it.o
 .debug_aranges
                0x0000000000000308       0x28 ./Core/Src/system_stm32f1xx.o
 .debug_aranges
                0x0000000000000330       0x28 ./Core/Startup/startup_stm32f103c8tx.o
 .debug_aranges
                0x0000000000000358       0xe0 ./Drivers/STM32F1xx_HAL_Driver/Src/stm32f1xx_hal.o
 .debug_aranges
                0x0000000000000438      0x138 ./Drivers/STM32F1xx_HAL_Driver/Src/stm32f1xx_hal_can.o
 .debug_aranges
                0x0000000000000570      0x100 ./Drivers/STM32F1xx_HAL_Driver/Src/stm32f1xx_hal_cortex.o
 .debug_aranges
                0x0000000000000670       0x88 ./Drivers/STM32F1xx_HAL_Driver/Src/stm32f1xx_hal_flash.o
 .debug_aranges
                0x00000000000006f8       0x98 ./Drivers/STM32F1xx_HAL_Driver/Src/stm32f1xx_hal_flash_ex.o
 .debug_aranges
                0x0000000000000790       0x58 ./Drivers/STM32F1xx_HAL_Driver/Src/stm32f1xx_hal_gpio.o
 .debug_aranges
                0x00000000000007e8       0x90 ./Drivers/STM32F1xx_HAL_Driver/Src/stm32f1xx_hal_rcc.o
 .debug_aranges
                0x0000000000000878      0x3d0 ./Drivers/STM32F1xx_HAL_Driver/Src/stm32f1xx_hal_tim.o
 .debug_aranges
                0x0000000000000c48      0x168 ./Drivers/STM32F1xx_HAL_Driver/Src/stm32f1xx_hal_tim_ex.o
 .debug_aranges
                0x0000000000000db0      0x1d8 ./Middlewares/Third_Party/FreeRTOS/Source/CMSIS_RTOS/cmsis_os.o
 .debug_aranges
                0x0000000000000f88       0x40 ./Middlewares/Third_Party/FreeRTOS/Source/list.o
 .debug_aranges
                0x0000000000000fc8      0x1a8 ./Middlewares/Third_Party/FreeRTOS/Source/tasks.o
 .debug_aranges
                0x0000000000001170       0x78 ./Middlewares/Third_Party/FreeRTOS/Source/portable/GCC/ARM_CM3/port.o
 .debug_aranges
                0x00000000000011e8       0x50 ./Middlewares/Third_Party/FreeRTOS/Source/portable/MemMang/heap_4.o

.debug_ranges   0x0000000000000000     0x1100
 .debug_ranges  0x0000000000000000       0x48 ./Core/Src/FLASH.o
 .debug_ranges  0x0000000000000048       0x20 ./Core/Src/HC04.o
 .debug_ranges  0x0000000000000068       0x98 ./Core/Src/com_can.o
 .debug_ranges  0x0000000000000100       0x10 ./Core/Src/freertos.o
 .debug_ranges  0x0000000000000110       0x60 ./Core/Src/fungsi.o
 .debug_ranges  0x0000000000000170       0x68 ./Core/Src/gpio.o
 .debug_ranges  0x00000000000001d8       0x50 ./Core/Src/main.o
 .debug_ranges  0x0000000000000228       0x30 ./Core/Src/stm32f1xx_hal_msp.o
 .debug_ranges  0x0000000000000258       0x20 ./Core/Src/stm32f1xx_hal_timebase_tim.o
 .debug_ranges  0x0000000000000278       0x50 ./Core/Src/stm32f1xx_it.o
 .debug_ranges  0x00000000000002c8       0x18 ./Core/Src/system_stm32f1xx.o
 .debug_ranges  0x00000000000002e0       0x20 ./Core/Startup/startup_stm32f103c8tx.o
 .debug_ranges  0x0000000000000300       0xd0 ./Drivers/STM32F1xx_HAL_Driver/Src/stm32f1xx_hal.o
 .debug_ranges  0x00000000000003d0      0x128 ./Drivers/STM32F1xx_HAL_Driver/Src/stm32f1xx_hal_can.o
 .debug_ranges  0x00000000000004f8       0xf0 ./Drivers/STM32F1xx_HAL_Driver/Src/stm32f1xx_hal_cortex.o
 .debug_ranges  0x00000000000005e8       0x78 ./Drivers/STM32F1xx_HAL_Driver/Src/stm32f1xx_hal_flash.o
 .debug_ranges  0x0000000000000660       0x88 ./Drivers/STM32F1xx_HAL_Driver/Src/stm32f1xx_hal_flash_ex.o
 .debug_ranges  0x00000000000006e8       0x48 ./Drivers/STM32F1xx_HAL_Driver/Src/stm32f1xx_hal_gpio.o
 .debug_ranges  0x0000000000000730       0x80 ./Drivers/STM32F1xx_HAL_Driver/Src/stm32f1xx_hal_rcc.o
 .debug_ranges  0x00000000000007b0      0x3c0 ./Drivers/STM32F1xx_HAL_Driver/Src/stm32f1xx_hal_tim.o
 .debug_ranges  0x0000000000000b70      0x158 ./Drivers/STM32F1xx_HAL_Driver/Src/stm32f1xx_hal_tim_ex.o
 .debug_ranges  0x0000000000000cc8      0x1c8 ./Middlewares/Third_Party/FreeRTOS/Source/CMSIS_RTOS/cmsis_os.o
 .debug_ranges  0x0000000000000e90       0x30 ./Middlewares/Third_Party/FreeRTOS/Source/list.o
 .debug_ranges  0x0000000000000ec0      0x198 ./Middlewares/Third_Party/FreeRTOS/Source/tasks.o
 .debug_ranges  0x0000000000001058       0x68 ./Middlewares/Third_Party/FreeRTOS/Source/portable/GCC/ARM_CM3/port.o
 .debug_ranges  0x00000000000010c0       0x40 ./Middlewares/Third_Party/FreeRTOS/Source/portable/MemMang/heap_4.o

.debug_macro    0x0000000000000000    0x1a3e8
 .debug_macro   0x0000000000000000      0x33c ./Core/Src/FLASH.o
 .debug_macro   0x000000000000033c      0xa6c ./Core/Src/FLASH.o
 .debug_macro   0x0000000000000da8      0x21b ./Core/Src/FLASH.o
 .debug_macro   0x0000000000000fc3       0x2e ./Core/Src/FLASH.o
 .debug_macro   0x0000000000000ff1       0x22 ./Core/Src/FLASH.o
 .debug_macro   0x0000000000001013       0x22 ./Core/Src/FLASH.o
 .debug_macro   0x0000000000001035       0x8e ./Core/Src/FLASH.o
 .debug_macro   0x00000000000010c3       0x51 ./Core/Src/FLASH.o
 .debug_macro   0x0000000000001114      0x103 ./Core/Src/FLASH.o
 .debug_macro   0x0000000000001217       0x6a ./Core/Src/FLASH.o
 .debug_macro   0x0000000000001281      0x1df ./Core/Src/FLASH.o
 .debug_macro   0x0000000000001460       0x1c ./Core/Src/FLASH.o
 .debug_macro   0x000000000000147c       0x22 ./Core/Src/FLASH.o
 .debug_macro   0x000000000000149e       0xbd ./Core/Src/FLASH.o
 .debug_macro   0x000000000000155b      0xd23 ./Core/Src/FLASH.o
 .debug_macro   0x000000000000227e     0xe09e ./Core/Src/FLASH.o
 .debug_macro   0x000000000001031c       0x6d ./Core/Src/FLASH.o
 .debug_macro   0x0000000000010389     0x3468 ./Core/Src/FLASH.o
 .debug_macro   0x00000000000137f1      0x174 ./Core/Src/FLASH.o
 .debug_macro   0x0000000000013965       0x5c ./Core/Src/FLASH.o
 .debug_macro   0x00000000000139c1      0x5be ./Core/Src/FLASH.o
 .debug_macro   0x0000000000013f7f      0x289 ./Core/Src/FLASH.o
 .debug_macro   0x0000000000014208      0x1cb ./Core/Src/FLASH.o
 .debug_macro   0x00000000000143d3      0x114 ./Core/Src/FLASH.o
 .debug_macro   0x00000000000144e7      0x1b2 ./Core/Src/FLASH.o
 .debug_macro   0x0000000000014699       0x27 ./Core/Src/FLASH.o
 .debug_macro   0x00000000000146c0      0x136 ./Core/Src/FLASH.o
 .debug_macro   0x00000000000147f6      0x1bc ./Core/Src/FLASH.o
 .debug_macro   0x00000000000149b2       0x34 ./Core/Src/FLASH.o
 .debug_macro   0x00000000000149e6       0x3c ./Core/Src/FLASH.o
 .debug_macro   0x0000000000014a22      0x408 ./Core/Src/FLASH.o
 .debug_macro   0x0000000000014e2a       0x57 ./Core/Src/FLASH.o
 .debug_macro   0x0000000000014e81       0x88 ./Core/Src/FLASH.o
 .debug_macro   0x0000000000014f09      0x241 ./Core/Src/FLASH.o
 .debug_macro   0x000000000001514a      0x141 ./Core/Src/FLASH.o
 .debug_macro   0x000000000001528b      0x8d1 ./Core/Src/FLASH.o
 .debug_macro   0x0000000000015b5c       0x83 ./Core/Src/FLASH.o
 .debug_macro   0x0000000000015bdf       0x52 ./Core/Src/FLASH.o
 .debug_macro   0x0000000000015c31       0x18 ./Core/Src/FLASH.o
 .debug_macro   0x0000000000015c49       0x3c ./Core/Src/FLASH.o
 .debug_macro   0x0000000000015c85       0x34 ./Core/Src/FLASH.o
 .debug_macro   0x0000000000015cb9       0x16 ./Core/Src/FLASH.o
 .debug_macro   0x0000000000015ccf       0x43 ./Core/Src/FLASH.o
 .debug_macro   0x0000000000015d12       0x34 ./Core/Src/FLASH.o
 .debug_macro   0x0000000000015d46       0x10 ./Core/Src/FLASH.o
 .debug_macro   0x0000000000015d56       0x58 ./Core/Src/FLASH.o
 .debug_macro   0x0000000000015dae       0x71 ./Core/Src/FLASH.o
 .debug_macro   0x0000000000015e1f       0x1c ./Core/Src/FLASH.o
 .debug_macro   0x0000000000015e3b      0x12a ./Core/Src/FLASH.o
 .debug_macro   0x0000000000015f65      0x341 ./Core/Src/FLASH.o
 .debug_macro   0x00000000000162a6       0x10 ./Core/Src/FLASH.o
 .debug_macro   0x00000000000162b6       0x35 ./Core/Src/FLASH.o
 .debug_macro   0x00000000000162eb       0x20 ./Core/Src/FLASH.o
 .debug_macro   0x000000000001630b       0x1c ./Core/Src/FLASH.o
 .debug_macro   0x0000000000016327       0x10 ./Core/Src/FLASH.o
 .debug_macro   0x0000000000016337       0x10 ./Core/Src/FLASH.o
 .debug_macro   0x0000000000016347       0x1c ./Core/Src/FLASH.o
 .debug_macro   0x0000000000016363       0x52 ./Core/Src/FLASH.o
 .debug_macro   0x00000000000163b5       0x22 ./Core/Src/FLASH.o
 .debug_macro   0x00000000000163d7       0x10 ./Core/Src/FLASH.o
 .debug_macro   0x00000000000163e7       0x52 ./Core/Src/FLASH.o
 .debug_macro   0x0000000000016439       0xd5 ./Core/Src/FLASH.o
 .debug_macro   0x000000000001650e       0x1c ./Core/Src/FLASH.o
 .debug_macro   0x000000000001652a       0x3d ./Core/Src/FLASH.o
 .debug_macro   0x0000000000016567       0x16 ./Core/Src/FLASH.o
 .debug_macro   0x000000000001657d      0x145 ./Core/Src/FLASH.o
 .debug_macro   0x00000000000166c2      0x1af ./Core/Src/HC04.o
 .debug_macro   0x0000000000016871      0x2b2 ./Core/Src/com_can.o
 .debug_macro   0x0000000000016b23       0x1c ./Core/Src/com_can.o
 .debug_macro   0x0000000000016b3f      0x2b2 ./Core/Src/freertos.o
 .debug_macro   0x0000000000016df1       0xdc ./Core/Src/freertos.o
 .debug_macro   0x0000000000016ecd      0x15a ./Core/Src/freertos.o
 .debug_macro   0x0000000000017027       0xd7 ./Core/Src/freertos.o
 .debug_macro   0x00000000000170fe       0x10 ./Core/Src/freertos.o
 .debug_macro   0x000000000001710e       0x1f ./Core/Src/freertos.o
 .debug_macro   0x000000000001712d       0x10 ./Core/Src/freertos.o
 .debug_macro   0x000000000001713d      0x4b1 ./Core/Src/freertos.o
 .debug_macro   0x00000000000175ee       0xb5 ./Core/Src/freertos.o
 .debug_macro   0x00000000000176a3       0x8c ./Core/Src/freertos.o
 .debug_macro   0x000000000001772f      0x371 ./Core/Src/fungsi.o
 .debug_macro   0x0000000000017aa0       0x16 ./Core/Src/fungsi.o
 .debug_macro   0x0000000000017ab6       0xdc ./Core/Src/fungsi.o
 .debug_macro   0x0000000000017b92       0x16 ./Core/Src/fungsi.o
 .debug_macro   0x0000000000017ba8       0x91 ./Core/Src/fungsi.o
 .debug_macro   0x0000000000017c39       0x8d ./Core/Src/fungsi.o
 .debug_macro   0x0000000000017cc6       0x7e ./Core/Src/fungsi.o
 .debug_macro   0x0000000000017d44       0x19 ./Core/Src/fungsi.o
 .debug_macro   0x0000000000017d5d       0xf2 ./Core/Src/fungsi.o
 .debug_macro   0x0000000000017e4f      0x1ad ./Core/Src/gpio.o
 .debug_macro   0x0000000000017ffc      0x306 ./Core/Src/main.o
 .debug_macro   0x0000000000018302      0x1ad ./Core/Src/stm32f1xx_hal_msp.o
 .debug_macro   0x00000000000184af      0x1a3 ./Core/Src/stm32f1xx_hal_timebase_tim.o
 .debug_macro   0x0000000000018652      0x1b7 ./Core/Src/stm32f1xx_it.o
 .debug_macro   0x0000000000018809      0x1a3 ./Core/Src/system_stm32f1xx.o
 .debug_macro   0x00000000000189ac      0x1c7 ./Drivers/STM32F1xx_HAL_Driver/Src/stm32f1xx_hal.o
 .debug_macro   0x0000000000018b73      0x1ab ./Drivers/STM32F1xx_HAL_Driver/Src/stm32f1xx_hal_can.o
 .debug_macro   0x0000000000018d1e      0x1a3 ./Drivers/STM32F1xx_HAL_Driver/Src/stm32f1xx_hal_cortex.o
 .debug_macro   0x0000000000018ec1      0x1a3 ./Drivers/STM32F1xx_HAL_Driver/Src/stm32f1xx_hal_flash.o
 .debug_macro   0x0000000000019064      0x1b5 ./Drivers/STM32F1xx_HAL_Driver/Src/stm32f1xx_hal_flash_ex.o
 .debug_macro   0x0000000000019219      0x20e ./Drivers/STM32F1xx_HAL_Driver/Src/stm32f1xx_hal_gpio.o
 .debug_macro   0x0000000000019427      0x1b5 ./Drivers/STM32F1xx_HAL_Driver/Src/stm32f1xx_hal_rcc.o
 .debug_macro   0x00000000000195dc      0x1a4 ./Drivers/STM32F1xx_HAL_Driver/Src/stm32f1xx_hal_tim.o
 .debug_macro   0x0000000000019780      0x1a3 ./Drivers/STM32F1xx_HAL_Driver/Src/stm32f1xx_hal_tim_ex.o
 .debug_macro   0x0000000000019923      0x210 ./Middlewares/Third_Party/FreeRTOS/Source/CMSIS_RTOS/cmsis_os.o
 .debug_macro   0x0000000000019b33       0xab ./Middlewares/Third_Party/FreeRTOS/Source/CMSIS_RTOS/cmsis_os.o
 .debug_macro   0x0000000000019bde      0x199 ./Middlewares/Third_Party/FreeRTOS/Source/list.o
 .debug_macro   0x0000000000019d77      0x292 ./Middlewares/Third_Party/FreeRTOS/Source/tasks.o
 .debug_macro   0x000000000001a009       0x10 ./Middlewares/Third_Party/FreeRTOS/Source/tasks.o
 .debug_macro   0x000000000001a019      0x20f ./Middlewares/Third_Party/FreeRTOS/Source/portable/GCC/ARM_CM3/port.o
 .debug_macro   0x000000000001a228      0x1c0 ./Middlewares/Third_Party/FreeRTOS/Source/portable/MemMang/heap_4.o

.debug_line     0x0000000000000000    0x13cf5
 .debug_line    0x0000000000000000      0xa63 ./Core/Src/FLASH.o
 .debug_line    0x0000000000000a63      0x6ff ./Core/Src/HC04.o
 .debug_line    0x0000000000001162      0x9b5 ./Core/Src/com_can.o
 .debug_line    0x0000000000001b17      0x894 ./Core/Src/freertos.o
 .debug_line    0x00000000000023ab      0xb63 ./Core/Src/fungsi.o
 .debug_line    0x0000000000002f0e      0x797 ./Core/Src/gpio.o
 .debug_line    0x00000000000036a5      0xb36 ./Core/Src/main.o
 .debug_line    0x00000000000041db      0x730 ./Core/Src/stm32f1xx_hal_msp.o
 .debug_line    0x000000000000490b      0x6cc ./Core/Src/stm32f1xx_hal_timebase_tim.o
 .debug_line    0x0000000000004fd7      0x739 ./Core/Src/stm32f1xx_it.o
 .debug_line    0x0000000000005710      0x6eb ./Core/Src/system_stm32f1xx.o
 .debug_line    0x0000000000005dfb       0x87 ./Core/Startup/startup_stm32f103c8tx.o
 .debug_line    0x0000000000005e82      0x918 ./Drivers/STM32F1xx_HAL_Driver/Src/stm32f1xx_hal.o
 .debug_line    0x000000000000679a     0x10b9 ./Drivers/STM32F1xx_HAL_Driver/Src/stm32f1xx_hal_can.o
 .debug_line    0x0000000000007853      0xb00 ./Drivers/STM32F1xx_HAL_Driver/Src/stm32f1xx_hal_cortex.o
 .debug_line    0x0000000000008353      0x9f5 ./Drivers/STM32F1xx_HAL_Driver/Src/stm32f1xx_hal_flash.o
 .debug_line    0x0000000000008d48      0xae4 ./Drivers/STM32F1xx_HAL_Driver/Src/stm32f1xx_hal_flash_ex.o
 .debug_line    0x000000000000982c      0x9af ./Drivers/STM32F1xx_HAL_Driver/Src/stm32f1xx_hal_gpio.o
 .debug_line    0x000000000000a1db      0xd26 ./Drivers/STM32F1xx_HAL_Driver/Src/stm32f1xx_hal_rcc.o