../Core/Src/fungsi.c:59:10:minuteToSecond	16	static
../Core/Src/fungsi.c:65:6:delay_s	16	static
../Core/Src/fungsi.c:69:6:delay_m	16	static
../Core/Src/fungsi.c:73:6:backWash	16	static
../Core/Src/fungsi.c:102:6:process	8	static
../Core/Src/fungsi.c:195:6:setMode	16	static
../Core/Src/fungsi.c:200:6:setTimerEAB	16	static
../Core/Src/fungsi.c:206:6:setLamaPakaiEAB	16	static
../Core/Src/fungsi.c:212:6:setTimerRcoveryEAB	16	static
../Core/Src/fungsi.c:218:6:setCounter	16	static
../Core/Src/fungsi.c:225:6:setCountBackwash	16	static
../Core/Src/fungsi.c:231:6:setCountProcess	16	static
../Core/Src/fungsi.c:237:6:setLamaProcess	16	static
../Core/Src/fungsi.c:245:6:Task2	16	static
../Core/Src/fungsi.c:280:6:TaskTimer	16	static
../Core/Src/fungsi.c:319:6:TaskFlow	24	static
../Core/Src/fungsi.c:337:6:TaskButton	24	static
../Core/Src/fungsi.c:361:6:fungsiInit	128	static
