../Core/Src/fungsi.c:47:10:minuteToSecond	16	static
../Core/Src/fungsi.c:52:6:process1	8	static
../Core/Src/fungsi.c:103:6:process2	8	static
../Core/Src/fungsi.c:154:6:process3	8	static
../Core/Src/fungsi.c:211:6:setMode	16	static
../Core/Src/fungsi.c:216:6:setTimerEAB	16	static
../Core/Src/fungsi.c:222:6:setCounter	16	static
../Core/Src/fungsi.c:230:6:Task2	16	static
../Core/Src/fungsi.c:258:6:TaskTimer	16	static
../Core/Src/fungsi.c:279:6:TaskFlow	24	static
../Core/Src/fungsi.c:296:6:fungsiInit	104	static
