../Core/Src/main.c:83:5:main	48	static
../Core/Src/main.c:159:6:SystemClock_Config	72	static
../Core/Src/main.c:196:13:MX_CAN_Init	48	static
../Core/Src/main.c:248:13:MX_I2C1_Init	8	static
../Core/Src/main.c:280:13:MX_TIM2_Init	48	static
../Core/Src/main.c:333:13:MX_TIM3_Init	32	static
../Core/Src/main.c:375:13:MX_GPIO_Init	40	static
../Core/Src/main.c:420:6:StartDefaultTask	16	static
../Core/Src/main.c:449:6:HAL_TIM_PeriodElapsedCallback	16	static
../Core/Src/main.c:465:6:Error_Handler	4	static,ignoring_inline_asm
