../Core/Src/main.c:83:5:main	48	static
../Core/Src/main.c:160:6:SystemClock_Config	72	static
../Core/Src/main.c:200:13:MX_CAN_Init	48	static
../Core/Src/main.c:254:13:MX_I2C1_Init	8	static
../Core/Src/main.c:288:13:MX_TIM2_Init	48	static
../Core/Src/main.c:346:13:MX_TIM3_Init	32	static
../Core/Src/main.c:391:13:MX_GPIO_Init	40	static
../Core/Src/main.c:437:6:StartDefaultTask	24	static
../Core/Src/main.c:460:6:HAL_TIM_PeriodElapsedCallback	16	static
../Core/Src/main.c:477:6:Error_Handler	4	static,ignoring_inline_asm
